Using Python: /home/WUR/lu087/miniconda3/envs/ect/bin/python (Python 3.11.15)
=== Aim-3 shared-trajectory J-lens v3 ===
model_id=google/gemma-2-2b
design=shared_trajectory_j_lens_v3 layer=14/26
top_k_vocab=32 top_k_resid=256
corpus=/home/WUR/lu087/Github/ect/src/aim3_data_prep/data/tropical_geometry_corpus.json todo=538 done=0
--- example Type A trajectory ---
Phylogenetic semantic chain (shared trajectory):
1. Living Organism
2. Plant
3. Flower
4. Rose

Narrative: We begin with the broad category of Living Organism, which narrows down to Plant. Within that classification, we find Flower as the specific form, ultimately exemplified by the Rose.

-------------------------------
[1/538] A_00000 …
  J gap=-6.433
[2/538] A_00001 …
  J gap=-6.450
[3/538] A_00002 …
  J gap=-6.530
[4/538] A_00003 …
  J gap=-6.446
[5/538] A_00004 …
  J gap=-6.492
[6/538] A_00005 …
  J gap=-6.211
[7/538] A_00006 …
  J gap=-6.441
[8/538] A_00007 …
  J gap=-6.286
[9/538] A_00008 …
  J gap=-6.503
[10/538] A_00009 …
  J gap=-6.654
[11/538] A_00010 …
  J gap=-6.378
[12/538] A_00011 …
  J gap=-6.428
[13/538] A_00012 …
  J gap=-6.576
[14/538] A_00013 …
  J gap=-6.503
[15/538] A_00014 …
  J gap=-6.168
[16/538] A_00015 …
  J gap=-6.355
[17/538] A_00016 …
  J gap=-6.576
[18/538] A_00017 …
  J gap=-6.760
[19/538] A_00018 …
  J gap=-5.363
[20/538] A_00019 …
  J gap=-6.730
[21/538] A_00020 …
  J gap=-6.341
[22/538] A_00021 …
  J gap=-6.484
[23/538] A_00022 …
  J gap=-6.395
[24/538] A_00023 …
  J gap=-6.654
[25/538] A_00024 …
  J gap=-6.399
[26/538] A_00025 …
  J gap=-6.387
[27/538] A_00026 …
  J gap=-6.737
[28/538] A_00027 …
  J gap=-6.668
[29/538] A_00028 …
  J gap=-6.396
[30/538] A_00029 …
  J gap=-6.377
[31/538] A_00030 …
  J gap=-6.885
[32/538] A_00031 …
  J gap=-6.908
[33/538] A_00032 …
  J gap=-6.399
[34/538] A_00033 …
  J gap=-6.177
[35/538] A_00034 …
  J gap=-6.000
[36/538] A_00035 …
  J gap=-6.489
[37/538] A_00036 …
  J gap=-6.378
[38/538] A_00037 …
  J gap=-6.269
[39/538] A_00038 …
  J gap=-6.209
[40/538] A_00039 …
  J gap=-6.569
[41/538] A_00040 …
  J gap=-6.540
[42/538] A_00041 …
  J gap=-5.982
[43/538] A_00042 …
  J gap=-6.811
[44/538] A_00043 …
  J gap=-6.469
[45/538] A_00044 …
  J gap=-6.699
[46/538] A_00045 …
  J gap=-5.267
[47/538] A_00046 …
  J gap=-6.532
[48/538] A_00047 …
  J gap=-6.737
[49/538] A_00048 …
  J gap=-6.515
[50/538] A_00049 …
  J gap=-6.468
[51/538] B_00050 …
[52/538] B_00051 …
[53/538] B_00052 …
[54/538] B_00053 …
[55/538] B_00054 …
[56/538] B_00055 …
[57/538] B_00056 …
[58/538] B_00057 …
[59/538] B_00058 …
[60/538] B_00059 …
[61/538] B_00060 …
[62/538] B_00061 …
[63/538] B_00062 …
[64/538] B_00063 …
[65/538] B_00064 …
[66/538] B_00065 …
[67/538] B_00066 …
[68/538] B_00067 …
[69/538] B_00068 …
[70/538] B_00069 …
[71/538] B_00070 …
[72/538] B_00071 …
[73/538] B_00072 …
[74/538] B_00073 …
[75/538] B_00074 …
[76/538] B_00075 …
[77/538] B_00076 …
[78/538] B_00077 …
[79/538] B_00078 …
[80/538] B_00079 …
[81/538] B_00080 …
[82/538] B_00081 …
[83/538] B_00082 …
[84/538] B_00083 …
[85/538] B_00084 …
[86/538] B_00085 …
[87/538] B_00086 …
[88/538] B_00087 …
[89/538] B_00088 …
[90/538] B_00089 …
[91/538] B_00090 …
[92/538] B_00091 …
[93/538] B_00092 …
[94/538] B_00093 …
[95/538] B_00094 …
[96/538] B_00095 …
[97/538] B_00096 …
[98/538] B_00097 …
[99/538] B_00098 …
[100/538] B_00099 …
[101/538] A_00100 …
  J gap=-6.703
[102/538] A_00101 …
  J gap=-6.684
[103/538] A_00102 …
  J gap=-6.503
[104/538] A_00103 …
  J gap=-6.224
[105/538] A_00104 …
  J gap=-6.477
[106/538] A_00105 …
  J gap=-6.634
[107/538] A_00106 …
  J gap=-5.805
[108/538] A_00107 …
  J gap=-6.302
[109/538] A_00108 …
  J gap=-6.553
[110/538] A_00109 …
  J gap=-4.382
[111/538] A_00110 …
  J gap=-6.732
[112/538] A_00111 …
  J gap=-6.135
[113/538] A_00112 …
  J gap=-6.514
[114/538] A_00113 …
  J gap=-6.467
[115/538] A_00114 …
  J gap=-6.633
[116/538] A_00115 …
  J gap=-6.397
[117/538] A_00116 …
  J gap=-6.773
[118/538] A_00117 …
  J gap=-6.532
[119/538] A_00118 …
  J gap=-6.822
[120/538] A_00119 …
  J gap=-6.125
[121/538] A_00120 …
  J gap=-6.507
[122/538] A_00121 …
  J gap=-6.416
[123/538] A_00122 …
  J gap=-6.750
[124/538] A_00123 …
  J gap=-6.643
[125/538] A_00124 …
  J gap=-6.226
[126/538] A_00125 …
  J gap=-6.520
[127/538] A_00126 …
  J gap=-6.800
[128/538] A_00127 …
  J gap=-6.699
[129/538] A_00128 …
  J gap=-6.575
[130/538] A_00129 …
  J gap=-6.635
[131/538] A_00130 …
  J gap=-6.609
[132/538] A_00131 …
  J gap=-6.623
[133/538] A_00132 …
  J gap=-6.315
[134/538] A_00133 …
  J gap=-6.205
[135/538] A_00134 …
  J gap=-6.710
[136/538] A_00135 …
  J gap=-6.867
[137/538] A_00136 …
  J gap=-6.631
[138/538] A_00137 …
  J gap=-6.485
[139/538] A_00138 …
  J gap=-6.661
[140/538] A_00139 …
  J gap=-6.735
[141/538] A_00140 …
  J gap=-6.532
[142/538] A_00141 …
  J gap=-6.810
[143/538] A_00142 …
  J gap=-6.546
[144/538] A_00143 …
  J gap=-6.305
[145/538] A_00144 …
  J gap=-6.886
[146/538] A_00145 …
  J gap=-6.045
[147/538] A_00146 …
  J gap=-6.473
[148/538] A_00147 …
  J gap=-6.889
[149/538] A_00148 …
  J gap=-6.611
[150/538] A_00149 …
  J gap=-6.300
[151/538] A_00150 …
  J gap=-6.499
[152/538] A_00151 …
  J gap=-6.701
[153/538] A_00152 …
  J gap=-6.377
[154/538] A_00153 …
  J gap=-6.656
[155/538] A_00154 …
  J gap=-6.229
[156/538] A_00155 …
  J gap=-6.383
[157/538] A_00156 …
  J gap=-6.705
[158/538] A_00157 …
  J gap=-6.485
[159/538] A_00158 …
  J gap=-6.212
[160/538] A_00159 …
  J gap=-6.790
[161/538] A_00160 …
  J gap=-6.474
[162/538] A_00161 …
  J gap=-6.522
[163/538] A_00162 …
  J gap=-6.537
[164/538] A_00163 …
  J gap=-6.555
[165/538] A_00164 …
  J gap=-6.540
[166/538] A_00165 …
  J gap=-6.542
[167/538] A_00166 …
  J gap=-6.465
[168/538] A_00167 …
  J gap=-6.758
[169/538] A_00168 …
  J gap=-6.660
[170/538] A_00169 …
  J gap=-6.544
[171/538] A_00170 …
  J gap=-6.721
[172/538] A_00171 …
  J gap=-6.608
[173/538] A_00172 …
  J gap=-6.435
[174/538] A_00173 …
  J gap=-6.694
[175/538] A_00174 …
  J gap=-6.713
[176/538] A_00175 …
  J gap=-6.721
[177/538] A_00176 …
  J gap=-6.640
[178/538] A_00177 …
  J gap=-6.468
[179/538] A_00178 …
  J gap=-6.674
[180/538] A_00179 …
  J gap=-6.193
[181/538] A_00180 …
  J gap=-6.343
[182/538] A_00181 …
  J gap=-6.492
[183/538] A_00182 …
  J gap=-6.467
[184/538] A_00183 …
  J gap=-6.446
[185/538] A_00184 …
  J gap=-6.625
[186/538] A_00185 …
  J gap=-6.543
[187/538] A_00186 …
  J gap=-6.580
[188/538] A_00187 …
  J gap=-6.570
[189/538] A_00188 …
  J gap=-6.537
[190/538] A_00189 …
  J gap=-6.169
[191/538] A_00190 …
  J gap=-6.702
[192/538] A_00191 …
  J gap=-6.298
[193/538] A_00192 …
  J gap=-6.548
[194/538] A_00193 …
  J gap=-6.608
[195/538] A_00194 …
  J gap=-6.619
[196/538] A_00195 …
  J gap=-6.603
[197/538] A_00196 …
  J gap=-6.237
[198/538] A_00197 …
  J gap=-6.597
[199/538] A_00198 …
  J gap=-6.642
[200/538] A_00199 …
  J gap=-6.670
[201/538] A_00200 …
  J gap=-6.673
[202/538] A_00201 …
  J gap=-6.407
[203/538] A_00202 …
  J gap=-6.268
[204/538] A_00203 …
  J gap=-6.572
[205/538] A_00204 …
  J gap=-6.510
[206/538] A_00205 …
  J gap=-6.567
[207/538] A_00206 …
  J gap=-6.561
[208/538] A_00207 …
  J gap=-6.225
[209/538] A_00208 …
  J gap=-6.439
[210/538] A_00209 …
  J gap=-6.296
[211/538] A_00210 …
  J gap=-6.491
[212/538] A_00211 …
  J gap=-6.255
[213/538] A_00212 …
  J gap=-6.705
[214/538] A_00213 …
  J gap=-6.541
[215/538] A_00214 …
  J gap=-6.752
[216/538] A_00215 …
  J gap=-6.559
[217/538] A_00216 …
  J gap=-6.071
[218/538] A_00217 …
  J gap=-6.554
[219/538] A_00218 …
  J gap=-6.363
[220/538] A_00219 …
  J gap=-6.251
[221/538] A_00220 …
  J gap=-6.382
[222/538] A_00221 …
  J gap=-6.359
[223/538] A_00222 …
  J gap=-6.446
[224/538] A_00223 …
  J gap=-6.551
[225/538] A_00224 …
  J gap=-6.418
[226/538] A_00225 …
  J gap=-6.530
[227/538] A_00226 …
  J gap=-6.448
[228/538] A_00227 …
  J gap=-6.432
[229/538] A_00228 …
  J gap=-6.170
[230/538] A_00229 …
  J gap=-6.149
[231/538] A_00230 …
  J gap=-6.682
[232/538] A_00231 …
  J gap=-6.642
[233/538] A_00232 …
  J gap=-6.141
[234/538] A_00233 …
  J gap=-6.381
[235/538] A_00234 …
  J gap=-6.769
[236/538] A_00235 …
  J gap=-6.295
[237/538] A_00236 …
  J gap=-6.615
[238/538] A_00237 …
  J gap=-6.501
[239/538] A_00238 …
  J gap=-6.359
[240/538] A_00239 …
  J gap=-3.734
[241/538] A_00240 …
  J gap=-6.556
[242/538] A_00241 …
  J gap=-6.457
[243/538] A_00242 …
  J gap=-6.410
[244/538] A_00243 …
  J gap=-6.283
[245/538] B_00244 …
[246/538] B_00245 …
[247/538] B_00246 …
[248/538] B_00247 …
[249/538] B_00248 …
[250/538] B_00249 …
[251/538] B_00250 …
[252/538] B_00251 …
[253/538] B_00252 …
[254/538] B_00253 …
[255/538] B_00254 …
[256/538] B_00255 …
[257/538] B_00256 …
[258/538] B_00257 …
[259/538] B_00258 …
[260/538] B_00259 …
[261/538] B_00260 …
[262/538] B_00261 …
[263/538] B_00262 …
[264/538] B_00263 …
[265/538] B_00264 …
[266/538] B_00265 …
[267/538] B_00266 …
[268/538] B_00267 …
[269/538] B_00268 …
[270/538] B_00269 …
[271/538] B_00270 …
[272/538] B_00271 …
[273/538] B_00272 …
[274/538] B_00273 …
[275/538] B_00274 …
[276/538] B_00275 …
[277/538] B_00276 …
[278/538] B_00277 …
[279/538] B_00278 …
[280/538] B_00279 …
[281/538] B_00280 …
[282/538] B_00281 …
[283/538] B_00282 …
[284/538] B_00283 …
[285/538] B_00284 …
[286/538] B_00285 …
[287/538] B_00286 …
[288/538] B_00287 …
[289/538] B_00288 …
[290/538] B_00289 …
[291/538] B_00290 …
[292/538] B_00291 …
[293/538] B_00292 …
[294/538] B_00293 …
[295/538] B_00294 …
[296/538] B_00295 …
[297/538] B_00296 …
[298/538] B_00297 …
[299/538] B_00298 …
[300/538] B_00299 …
[301/538] B_00300 …
[302/538] B_00301 …
[303/538] B_00302 …
[304/538] B_00303 …
[305/538] B_00304 …
[306/538] B_00305 …
[307/538] B_00306 …
[308/538] B_00307 …
[309/538] B_00308 …
[310/538] B_00309 …
[311/538] B_00310 …
[312/538] B_00311 …
[313/538] B_00312 …
[314/538] B_00313 …
[315/538] B_00314 …
[316/538] B_00315 …
[317/538] B_00316 …
[318/538] B_00317 …
[319/538] B_00318 …
[320/538] B_00319 …
[321/538] B_00320 …
[322/538] B_00321 …
[323/538] B_00322 …
[324/538] B_00323 …
[325/538] B_00324 …
[326/538] B_00325 …
[327/538] B_00326 …
[328/538] B_00327 …
[329/538] B_00328 …
[330/538] B_00329 …
[331/538] B_00330 …
[332/538] B_00331 …
[333/538] B_00332 …
[334/538] B_00333 …
[335/538] B_00334 …
[336/538] B_00335 …
[337/538] B_00336 …
[338/538] B_00337 …
[339/538] B_00338 …
[340/538] B_00339 …
[341/538] B_00340 …
[342/538] B_00341 …
[343/538] B_00342 …
[344/538] B_00343 …
[345/538] B_00344 …
[346/538] B_00345 …
[347/538] B_00346 …
[348/538] B_00347 …
[349/538] B_00348 …
[350/538] B_00349 …
[351/538] B_00350 …
[352/538] B_00351 …
[353/538] B_00352 …
[354/538] B_00353 …
[355/538] B_00354 …
[356/538] B_00355 …
[357/538] B_00356 …
[358/538] B_00357 …
[359/538] B_00358 …
[360/538] B_00359 …
[361/538] B_00360 …
[362/538] B_00361 …
[363/538] B_00362 …
[364/538] B_00363 …
[365/538] B_00364 …
[366/538] B_00365 …
[367/538] B_00366 …
[368/538] B_00367 …
[369/538] B_00368 …
[370/538] B_00369 …
[371/538] B_00370 …
[372/538] B_00371 …
[373/538] B_00372 …
[374/538] B_00373 …
[375/538] B_00374 …
[376/538] B_00375 …
[377/538] B_00376 …
[378/538] B_00377 …
[379/538] B_00378 …
[380/538] B_00379 …
[381/538] B_00380 …
[382/538] B_00381 …
[383/538] B_00382 …
[384/538] B_00383 …
[385/538] B_00384 …
[386/538] B_00385 …
[387/538] B_00386 …
[388/538] B_00387 …
[389/538] B_00388 …
[390/538] B_00389 …
[391/538] C_00390 …
[392/538] C_00391 …
[393/538] C_00392 …
[394/538] C_00393 …
[395/538] C_00394 …
[396/538] C_00395 …
[397/538] C_00396 …
[398/538] C_00397 …
[399/538] C_00398 …
[400/538] C_00399 …
[401/538] C_00400 …
[402/538] C_00401 …
[403/538] C_00402 …
[404/538] C_00403 …
[405/538] C_00404 …
[406/538] C_00405 …
[407/538] C_00406 …
[408/538] C_00407 …
[409/538] C_00408 …
[410/538] C_00409 …
[411/538] C_00410 …
[412/538] C_00411 …
[413/538] C_00412 …
[414/538] C_00413 …
[415/538] C_00414 …
[416/538] C_00415 …
[417/538] C_00416 …
[418/538] C_00417 …
[419/538] C_00418 …
[420/538] C_00419 …
[421/538] C_00420 …
[422/538] C_00421 …
[423/538] C_00422 …
[424/538] C_00423 …
[425/538] C_00424 …
[426/538] C_00425 …
[427/538] C_00426 …
[428/538] C_00427 …
[429/538] C_00428 …
[430/538] C_00429 …
[431/538] C_00430 …
[432/538] C_00431 …
[433/538] C_00432 …
[434/538] C_00433 …
[435/538] C_00434 …
[436/538] C_00435 …
[437/538] C_00436 …
[438/538] C_00437 …
[439/538] C_00438 …
[440/538] C_00439 …
[441/538] C_00440 …
[442/538] C_00441 …
[443/538] C_00442 …
[444/538] C_00443 …
[445/538] C_00444 …
[446/538] C_00445 …
[447/538] C_00446 …
[448/538] C_00447 …
[449/538] C_00448 …
[450/538] C_00449 …
[451/538] C_00450 …
[452/538] C_00451 …
[453/538] C_00452 …
[454/538] C_00453 …
[455/538] C_00454 …
[456/538] C_00455 …
[457/538] C_00456 …
[458/538] C_00457 …
[459/538] C_00458 …
[460/538] C_00459 …
[461/538] C_00460 …
[462/538] C_00461 …
[463/538] C_00462 …
[464/538] C_00463 …
[465/538] C_00464 …
[466/538] C_00465 …
[467/538] C_00466 …
[468/538] C_00467 …
[469/538] C_00468 …
[470/538] C_00469 …
[471/538] C_00470 …
[472/538] C_00471 …
[473/538] C_00472 …
[474/538] C_00473 …
[475/538] C_00474 …
[476/538] C_00475 …
[477/538] C_00476 …
[478/538] C_00477 …
[479/538] C_00478 …
[480/538] C_00479 …
[481/538] C_00480 …
[482/538] C_00481 …
[483/538] C_00482 …
[484/538] C_00483 …
[485/538] C_00484 …
[486/538] C_00485 …
[487/538] C_00486 …
[488/538] C_00487 …
[489/538] C_00488 …
[490/538] C_00489 …
[491/538] C_00490 …
[492/538] C_00491 …
[493/538] C_00492 …
[494/538] C_00493 …
[495/538] C_00494 …
[496/538] C_00495 …
[497/538] C_00496 …
[498/538] C_00497 …
[499/538] C_00498 …
[500/538] C_00499 …
[501/538] C_00500 …
[502/538] C_00501 …
[503/538] C_00502 …
[504/538] C_00503 …
[505/538] C_00504 …
[506/538] C_00505 …
[507/538] C_00506 …
[508/538] C_00507 …
[509/538] C_00508 …
[510/538] C_00509 …
[511/538] C_00510 …
[512/538] C_00511 …
[513/538] C_00512 …
[514/538] C_00513 …
[515/538] C_00514 …
[516/538] C_00515 …
[517/538] C_00516 …
[518/538] C_00517 …
[519/538] C_00518 …
[520/538] C_00519 …
[521/538] C_00520 …
[522/538] C_00521 …
[523/538] C_00522 …
[524/538] C_00523 …
[525/538] C_00524 …
[526/538] C_00525 …
[527/538] C_00526 …
[528/538] C_00527 …
[529/538] C_00528 …
[530/538] C_00529 …
[531/538] C_00530 …
[532/538] C_00531 …
[533/538] C_00532 …
[534/538] C_00533 …
[535/538] C_00534 …
[536/538] C_00535 …
[537/538] C_00536 …
[538/538] C_00537 …
Wrote distances → /home/WUR/lu087/Github/ect/src/aim3_additive_chain_3/output/layer_14/j_trajectory_distances.jsonl
Wrote summary   → /home/WUR/lu087/Github/ect/src/aim3_additive_chain_3/output/layer_14/j_trajectory_summary.json
{
  "layer_index": 14,
  "n_items": 538,
  "prompt_design": "shared_trajectory_j_lens_v3",
  "by_type": {
    "A": {
      "n": 194,
      "j_gap_mean": -6.460806275944423,
      "j_gap_median": -6.508275769252625,
      "j_gap_frac_le_0": 1.0,
      "j_gap_near_zero_abs_lt_1": 0.0
    },
    "B": {
      "n": 196,
      "slack_mean": -3.3264697977644415,
      "n_violations": 0,
      "violation_rate": 0.0
    },
    "C": {
      "n": 148,
      "slack_mean": -3.441459957391619,
      "n_violations": 0,
      "violation_rate": 0.0
    }
  }
}

=== Plot Type A ===
n_type_A=194
Wrote /home/WUR/lu087/Github/ect/src/aim3_additive_chain_3/output/layer_14/figures/type_a_j_lens_trajectory.png
Done.
Distances: /home/WUR/lu087/Github/ect/src/aim3_additive_chain_3/output/layer_14/j_trajectory_distances.jsonl
Summary:   /home/WUR/lu087/Github/ect/src/aim3_additive_chain_3/output/layer_14/j_trajectory_summary.json
Figure:    /home/WUR/lu087/Github/ect/src/aim3_additive_chain_3/output/layer_14/figures/type_a_j_lens_trajectory.png
