Using Python: /home/WUR/lu087/miniconda3/envs/ect/bin/python (Python 3.11.15)
=== Aim-3 shared-trajectory true -ln π v4 ===
model_id=google/gemma-2-2b
design=shared_trajectory_true_ln_pi_v4 layer=14/26
metric=d_M=-ln π(label | prefix through waypoint)
corpus=/home/WUR/lu087/Github/ect/src/aim3_data_prep/data/tropical_geometry_corpus.json todo=538 done=0
--- example ---
prefix through n1:
Phylogenetic semantic chain (shared trajectory):
1. Living Organism
target hop n1→n2: Plant
target shortcut n1→n4: Rose
----------------
[1/538] A_00000 …
  hops=10.27/10.22/12.46 direct=16.27 gap=-16.67
[2/538] A_00001 …
  hops=10.52/15.06/15.92 direct=19.46 gap=-22.04
[3/538] A_00002 …
  hops=14.52/6.20/3.08 direct=4.15 gap=-19.64
[4/538] A_00003 …
  hops=13.96/9.65/8.62 direct=15.75 gap=-16.47
[5/538] A_00004 …
  hops=16.89/8.95/13.56 direct=23.39 gap=-16.01
[6/538] A_00005 …
  hops=16.89/10.41/12.48 direct=23.08 gap=-16.70
[7/538] A_00006 …
  hops=8.76/8.18/11.03 direct=21.58 gap=-6.39
[8/538] A_00007 …
  hops=16.39/11.94/6.59 direct=24.55 gap=-10.38
[9/538] A_00008 …
  hops=8.14/5.37/6.77 direct=17.83 gap=-2.45
[10/538] A_00009 …
  hops=17.21/17.22/6.48 direct=18.39 gap=-22.51
[11/538] A_00010 …
  hops=11.09/9.65/15.51 direct=25.56 gap=-10.69
[12/538] A_00011 …
  hops=11.84/9.98/14.75 direct=14.09 gap=-22.48
[13/538] A_00012 …
  hops=6.48/9.63/9.26 direct=18.70 gap=-6.67
[14/538] A_00013 …
  hops=10.14/10.18/11.93 direct=19.77 gap=-12.49
[15/538] A_00014 …
  hops=11.23/13.27/16.44 direct=22.07 gap=-18.87
[16/538] A_00015 …
  hops=13.68/6.68/14.06 direct=12.06 gap=-22.37
[17/538] A_00016 …
  hops=5.73/5.26/12.17 direct=8.25 gap=-14.92
[18/538] A_00017 …
  hops=7.71/7.00/5.32 direct=7.47 gap=-12.56
[19/538] A_00018 …
  hops=6.27/12.45/3.69 direct=5.78 gap=-16.63
[20/538] A_00019 …
  hops=1.54/13.10/2.86 direct=18.74 gap=1.24
[21/538] A_00020 …
  hops=11.61/12.70/16.26 direct=20.92 gap=-19.65
[22/538] A_00021 …
  hops=15.86/14.90/5.53 direct=11.24 gap=-25.05
[23/538] A_00022 …
  hops=15.80/13.80/8.11 direct=20.11 gap=-17.60
[24/538] A_00023 …
  hops=13.59/11.09/8.63 direct=15.21 gap=-18.10
[25/538] A_00024 …
  hops=7.21/13.33/8.60 direct=17.53 gap=-11.62
[26/538] A_00025 …
  hops=18.23/9.40/14.94 direct=10.61 gap=-31.97
[27/538] A_00026 …
  hops=9.75/23.41/4.69 direct=8.25 gap=-29.60
[28/538] A_00027 …
  hops=16.87/3.47/10.17 direct=14.19 gap=-16.32
[29/538] A_00028 …
  hops=9.89/14.90/2.72 direct=3.73 gap=-23.79
[30/538] A_00029 …
  hops=7.36/4.34/4.74 direct=5.66 gap=-10.79
[31/538] A_00030 …
  hops=9.75/8.95/9.35 direct=10.38 gap=-17.68
[32/538] A_00031 …
  hops=7.56/11.12/9.76 direct=15.19 gap=-13.24
[33/538] A_00032 …
  hops=13.79/5.48/7.15 direct=9.15 gap=-17.27
[34/538] A_00033 …
  hops=15.61/3.88/5.26 direct=9.32 gap=-15.43
[35/538] A_00034 …
  hops=12.79/6.85/4.48 direct=10.43 gap=-13.69
[36/538] A_00035 …
  hops=15.66/13.86/17.73 direct=20.04 gap=-27.22
[37/538] A_00036 …
  hops=18.97/12.18/4.85 direct=9.94 gap=-26.07
[38/538] A_00037 …
  hops=24.29/8.42/1.89 direct=6.99 gap=-27.60
[39/538] A_00038 …
  hops=17.85/14.12/14.01 direct=22.22 gap=-23.75
[40/538] A_00039 …
  hops=15.97/15.39/7.79 direct=19.47 gap=-19.68
[41/538] A_00040 …
  hops=11.01/7.64/10.70 direct=14.57 gap=-14.78
[42/538] A_00041 …
  hops=11.63/11.33/6.40 direct=14.19 gap=-15.16
[43/538] A_00042 …
  hops=11.63/9.86/11.19 direct=15.19 gap=-17.48
[44/538] A_00043 …
  hops=14.38/5.80/9.63 direct=20.01 gap=-9.80
[45/538] A_00044 …
  hops=12.88/9.03/8.57 direct=13.32 gap=-17.17
[46/538] A_00045 …
  hops=11.67/10.89/7.00 direct=16.17 gap=-13.39
[47/538] A_00046 …
  hops=12.67/7.45/6.10 direct=8.69 gap=-17.53
[48/538] A_00047 …
  hops=15.92/5.88/9.27 direct=16.36 gap=-14.71
[49/538] A_00048 …
  hops=11.07/12.36/12.27 direct=12.69 gap=-23.01
[50/538] A_00049 …
  hops=11.69/10.02/7.81 direct=13.07 gap=-16.46
[51/538] B_00050 …
[52/538] B_00051 …
[53/538] B_00052 …
[54/538] B_00053 …
[55/538] B_00054 …
[56/538] B_00055 …
[57/538] B_00056 …
[58/538] B_00057 …
[59/538] B_00058 …
[60/538] B_00059 …
[61/538] B_00060 …
[62/538] B_00061 …
[63/538] B_00062 …
[64/538] B_00063 …
[65/538] B_00064 …
[66/538] B_00065 …
[67/538] B_00066 …
[68/538] B_00067 …
[69/538] B_00068 …
[70/538] B_00069 …
[71/538] B_00070 …
[72/538] B_00071 …
[73/538] B_00072 …
[74/538] B_00073 …
[75/538] B_00074 …
[76/538] B_00075 …
[77/538] B_00076 …
[78/538] B_00077 …
[79/538] B_00078 …
[80/538] B_00079 …
[81/538] B_00080 …
[82/538] B_00081 …
[83/538] B_00082 …
[84/538] B_00083 …
[85/538] B_00084 …
[86/538] B_00085 …
[87/538] B_00086 …
[88/538] B_00087 …
[89/538] B_00088 …
[90/538] B_00089 …
[91/538] B_00090 …
[92/538] B_00091 …
[93/538] B_00092 …
[94/538] B_00093 …
[95/538] B_00094 …
[96/538] B_00095 …
[97/538] B_00096 …
[98/538] B_00097 …
[99/538] B_00098 …
[100/538] B_00099 …
[101/538] A_00100 …
  hops=9.83/12.76/8.37 direct=16.74 gap=-14.22
[102/538] A_00101 …
  hops=8.24/9.26/14.25 direct=15.05 gap=-16.70
[103/538] A_00102 …
  hops=11.69/9.79/12.85 direct=23.47 gap=-10.86
[104/538] A_00103 …
  hops=9.92/10.00/7.19 direct=9.66 gap=-17.46
[105/538] A_00104 …
  hops=13.96/10.52/6.19 direct=8.93 gap=-21.74
[106/538] A_00105 …
  hops=9.75/6.60/9.74 direct=10.38 gap=-15.72
[107/538] A_00106 …
  hops=7.91/6.97/7.93 direct=6.28 gap=-16.53
[108/538] A_00107 …
  hops=4.12/3.73/5.54 direct=6.19 gap=-7.20
[109/538] A_00108 …
  hops=7.32/9.50/14.63 direct=21.80 gap=-9.66
[110/538] A_00109 …
  hops=2.11/11.93/9.04 direct=6.36 gap=-16.72
[111/538] A_00110 …
  hops=9.36/6.68/12.61 direct=12.80 gap=-15.86
[112/538] A_00111 …
  hops=10.48/6.51/15.05 direct=16.98 gap=-15.07
[113/538] A_00112 …
  hops=7.54/5.52/15.27 direct=15.60 gap=-12.73
[114/538] A_00113 …
  hops=10.54/6.43/10.34 direct=11.92 gap=-15.39
[115/538] A_00114 …
  hops=7.08/6.61/6.05 direct=6.23 gap=-13.50
[116/538] A_00115 …
  hops=9.37/10.50/12.01 direct=18.92 gap=-12.97
[117/538] A_00116 …
  hops=9.53/11.24/8.68 direct=13.01 gap=-16.45
[118/538] A_00117 …
  hops=7.34/9.85/12.70 direct=16.22 gap=-13.68
[119/538] A_00118 …
  hops=5.59/5.47/8.20 direct=8.67 gap=-10.59
[120/538] A_00119 …
  hops=9.11/6.04/11.44 direct=10.73 gap=-15.85
[121/538] A_00120 …
  hops=7.02/11.66/7.02 direct=8.90 gap=-16.80
[122/538] A_00121 …
  hops=8.61/6.29/11.94 direct=14.36 gap=-12.48
[123/538] A_00122 …
  hops=3.43/6.99/5.82 direct=6.29 gap=-9.95
[124/538] A_00123 …
  hops=8.88/7.93/7.41 direct=10.62 gap=-13.61
[125/538] A_00124 …
  hops=6.97/8.03/8.47 direct=8.63 gap=-14.84
[126/538] A_00125 …
  hops=5.62/5.22/6.33 direct=14.67 gap=-2.50
[127/538] A_00126 …
  hops=4.49/6.22/14.57 direct=14.68 gap=-10.60
[128/538] A_00127 …
  hops=7.48/10.10/7.35 direct=8.23 gap=-16.69
[129/538] A_00128 …
  hops=8.26/7.72/6.01 direct=8.06 gap=-13.92
[130/538] A_00129 …
  hops=6.65/4.96/9.53 direct=9.49 gap=-11.65
[131/538] A_00130 …
  hops=6.68/6.36/5.08 direct=6.37 gap=-11.75
[132/538] A_00131 …
  hops=5.16/2.68/6.98 direct=6.02 gap=-8.80
[133/538] A_00132 …
  hops=13.31/8.62/11.86 direct=16.06 gap=-17.73
[134/538] A_00133 …
  hops=15.74/7.00/11.12 direct=14.74 gap=-19.11
[135/538] A_00134 …
  hops=2.48/9.80/5.21 direct=6.90 gap=-10.59
[136/538] A_00135 …
  hops=8.04/5.12/6.26 direct=6.27 gap=-13.16
[137/538] A_00136 …
  hops=9.33/10.29/7.31 direct=10.29 gap=-16.63
[138/538] A_00137 …
  hops=5.77/7.63/6.90 direct=9.73 gap=-10.57
[139/538] A_00138 …
  hops=6.24/7.36/6.21 direct=9.53 gap=-10.28
[140/538] A_00139 …
  hops=4.33/4.77/4.69 direct=6.70 gap=-7.10
[141/538] A_00140 …
  hops=8.51/7.35/4.18 direct=3.69 gap=-16.35
[142/538] A_00141 …
  hops=7.88/6.39/4.26 direct=4.18 gap=-14.36
[143/538] A_00142 …
  hops=5.33/7.77/11.38 direct=12.24 gap=-12.24
[144/538] A_00143 …
  hops=5.97/8.26/7.78 direct=8.75 gap=-13.25
[145/538] A_00144 …
  hops=12.46/8.23/6.46 direct=7.92 gap=-19.23
[146/538] A_00145 …
  hops=6.96/8.35/7.53 direct=8.03 gap=-14.81
[147/538] A_00146 …
  hops=6.14/3.36/15.45 direct=15.37 gap=-9.59
[148/538] A_00147 …
  hops=7.49/6.60/14.35 direct=16.99 gap=-11.45
[149/538] A_00148 …
  hops=9.11/6.04/4.53 direct=5.34 gap=-14.34
[150/538] A_00149 …
  hops=7.76/8.86/17.93 direct=12.06 gap=-22.49
[151/538] A_00150 …
  hops=4.40/4.52/11.54 direct=10.19 gap=-10.27
[152/538] A_00151 …
  hops=4.49/6.22/13.68 direct=14.68 gap=-9.72
[153/538] A_00152 …
  hops=7.08/4.69/4.68 direct=4.54 gap=-11.90
[154/538] A_00153 …
  hops=7.55/6.75/7.16 direct=12.41 gap=-9.05
[155/538] A_00154 …
  hops=8.85/5.65/4.73 direct=6.28 gap=-12.95
[156/538] A_00155 …
  hops=5.98/6.12/11.92 direct=17.86 gap=-6.17
[157/538] A_00156 …
  hops=7.01/9.51/9.10 direct=9.56 gap=-16.05
[158/538] A_00157 …
  hops=5.39/7.78/5.30 direct=8.41 gap=-10.06
[159/538] A_00158 …
  hops=15.73/5.66/4.22 direct=5.23 gap=-20.37
[160/538] A_00159 …
  hops=3.84/5.81/8.94 direct=13.76 gap=-4.83
[161/538] A_00160 …
  hops=5.77/10.42/5.37 direct=8.57 gap=-12.98
[162/538] A_00161 …
  hops=4.62/11.42/6.09 direct=9.06 gap=-13.07
[163/538] A_00162 …
  hops=5.71/7.05/3.94 direct=4.85 gap=-11.84
[164/538] A_00163 …
  hops=6.68/6.36/4.68 direct=5.30 gap=-12.43
[165/538] A_00164 …
  hops=14.55/4.44/4.14 direct=10.52 gap=-12.60
[166/538] A_00165 …
  hops=8.29/8.27/13.88 direct=16.22 gap=-14.23
[167/538] A_00166 …
  hops=9.91/6.44/3.89 direct=8.59 gap=-11.65
[168/538] A_00167 …
  hops=5.10/3.80/13.79 direct=11.62 gap=-11.06
[169/538] A_00168 …
  hops=5.21/6.01/13.35 direct=20.49 gap=-4.09
[170/538] A_00169 …
  hops=5.71/4.52/10.00 direct=12.31 gap=-7.91
[171/538] A_00170 …
  hops=9.53/7.49/12.86 direct=15.96 gap=-13.90
[172/538] A_00171 …
  hops=17.19/4.51/3.21 direct=6.47 gap=-18.44
[173/538] A_00172 …
  hops=6.31/2.35/14.30 direct=13.68 gap=-9.29
[174/538] A_00173 …
  hops=5.83/7.05/10.05 direct=9.26 gap=-13.66
[175/538] A_00174 …
  hops=8.86/6.62/9.63 direct=11.65 gap=-13.47
[176/538] A_00175 …
  hops=6.60/7.97/11.14 direct=8.75 gap=-16.96
[177/538] A_00176 …
  hops=7.48/4.78/5.88 direct=6.46 gap=-11.67
[178/538] A_00177 …
  hops=6.83/8.39/6.04 direct=6.35 gap=-14.91
[179/538] A_00178 …
  hops=3.43/4.49/7.85 direct=7.18 gap=-8.59
[180/538] A_00179 …
  hops=4.22/3.80/5.27 direct=6.19 gap=-7.09
[181/538] A_00180 …
  hops=6.36/5.60/6.53 direct=9.67 gap=-8.81
[182/538] A_00181 …
  hops=5.22/2.72/5.14 direct=5.53 gap=-7.55
[183/538] A_00182 …
  hops=8.59/4.85/6.63 direct=12.73 gap=-7.33
[184/538] A_00183 …
  hops=5.48/6.19/9.74 direct=15.34 gap=-6.07
[185/538] A_00184 …
  hops=5.17/6.31/6.90 direct=7.67 gap=-10.71
[186/538] A_00185 …
  hops=8.43/5.51/7.67 direct=7.13 gap=-14.48
[187/538] A_00186 …
  hops=6.88/7.95/13.86 direct=17.17 gap=-11.52
[188/538] A_00187 …
  hops=5.48/6.38/9.54 direct=16.92 gap=-4.48
[189/538] A_00188 …
  hops=14.61/4.98/5.45 direct=7.36 gap=-17.67
[190/538] A_00189 …
  hops=8.52/7.92/9.53 direct=13.59 gap=-12.38
[191/538] A_00190 …
  hops=7.43/6.79/4.37 direct=7.77 gap=-10.82
[192/538] A_00191 …
  hops=6.53/4.40/5.22 direct=5.48 gap=-10.68
[193/538] A_00192 …
  hops=5.53/3.66/6.88 direct=10.38 gap=-5.69
[194/538] A_00193 …
  hops=5.44/6.73/17.00 direct=15.56 gap=-13.61
[195/538] A_00194 …
  hops=9.53/8.65/8.24 direct=6.83 gap=-19.59
[196/538] A_00195 …
  hops=8.10/4.44/7.76 direct=13.98 gap=-6.32
[197/538] A_00196 …
  hops=12.68/8.28/5.17 direct=7.02 gap=-19.11
[198/538] A_00197 …
  hops=11.10/5.76/7.07 direct=5.41 gap=-18.52
[199/538] A_00198 …
  hops=8.75/4.74/9.22 direct=13.22 gap=-9.48
[200/538] A_00199 …
  hops=5.91/6.25/14.95 direct=18.08 gap=-9.03
[201/538] A_00200 …
  hops=8.17/9.70/10.63 direct=8.49 gap=-20.01
[202/538] A_00201 …
  hops=5.58/8.35/16.19 direct=13.78 gap=-16.34
[203/538] A_00202 …
  hops=22.63/12.58/16.72 direct=22.10 gap=-29.83
[204/538] A_00203 …
  hops=6.91/5.49/6.27 direct=6.75 gap=-11.92
[205/538] A_00204 …
  hops=14.11/8.08/3.43 direct=4.29 gap=-21.33
[206/538] A_00205 …
  hops=16.58/7.42/5.14 direct=6.76 gap=-22.39
[207/538] A_00206 …
  hops=11.65/6.35/10.53 direct=13.46 gap=-15.07
[208/538] A_00207 …
  hops=7.58/6.43/11.39 direct=10.43 gap=-14.97
[209/538] A_00208 …
  hops=8.44/7.97/7.08 direct=10.52 gap=-12.97
[210/538] A_00209 …
  hops=13.76/10.15/15.00 direct=23.85 gap=-15.05
[211/538] A_00210 …
  hops=9.06/5.12/11.18 direct=15.18 gap=-10.18
[212/538] A_00211 …
  hops=11.84/8.23/11.97 direct=15.54 gap=-16.51
[213/538] A_00212 …
  hops=9.86/6.59/10.87 direct=16.74 gap=-10.59
[214/538] A_00213 …
  hops=14.68/17.68/17.45 direct=21.71 gap=-28.11
[215/538] A_00214 …
  hops=13.68/7.61/4.81 direct=5.91 gap=-20.19
[216/538] A_00215 …
  hops=6.42/13.01/9.96 direct=10.74 gap=-18.65
[217/538] A_00216 …
  hops=8.48/4.15/14.65 direct=16.45 gap=-10.83
[218/538] A_00217 …
  hops=8.35/7.26/10.18 direct=20.52 gap=-5.27
[219/538] A_00218 …
  hops=3.91/11.66/12.68 direct=11.37 gap=-16.88
[220/538] A_00219 …
  hops=7.77/15.42/5.99 direct=10.78 gap=-18.39
[221/538] A_00220 …
  hops=14.53/6.46/10.13 direct=12.55 gap=-18.56
[222/538] A_00221 …
  hops=15.67/8.03/3.72 direct=4.50 gap=-22.92
[223/538] A_00222 …
  hops=20.74/8.24/7.75 direct=14.91 gap=-21.81
[224/538] A_00223 …
  hops=7.58/6.45/7.30 direct=7.75 gap=-13.58
[225/538] A_00224 …
  hops=10.11/7.94/11.76 direct=16.29 gap=-13.53
[226/538] A_00225 …
  hops=17.86/9.95/8.47 direct=21.14 gap=-15.14
[227/538] A_00226 …
  hops=7.68/6.99/11.19 direct=11.82 gap=-14.04
[228/538] A_00227 …
  hops=7.15/6.65/12.80 direct=16.06 gap=-10.55
[229/538] A_00228 …
  hops=8.72/4.83/9.86 direct=7.49 gap=-15.92
[230/538] A_00229 …
  hops=9.02/8.58/6.19 direct=12.56 gap=-11.23
[231/538] A_00230 …
  hops=9.40/8.74/12.04 direct=15.66 gap=-14.52
[232/538] A_00231 …
  hops=17.43/12.97/15.98 direct=25.56 gap=-20.82
[233/538] A_00232 …
  hops=8.57/13.63/8.49 direct=10.83 gap=-19.86
[234/538] A_00233 …
  hops=8.61/5.94/4.69 direct=6.11 gap=-13.12
[235/538] A_00234 …
  hops=9.67/6.57/2.82 direct=3.98 gap=-15.08
[236/538] A_00235 …
  hops=18.30/7.73/7.77 direct=11.41 gap=-22.39
[237/538] A_00236 …
  hops=8.41/6.30/15.79 direct=20.33 gap=-10.17
[238/538] A_00237 …
  hops=9.47/8.43/10.15 direct=14.66 gap=-13.39
[239/538] A_00238 …
  hops=22.52/5.26/6.43 direct=8.54 gap=-25.67
[240/538] A_00239 …
  hops=6.14/9.33/7.80 direct=11.44 gap=-11.84
[241/538] A_00240 …
  hops=7.34/4.06/7.69 direct=7.59 gap=-11.50
[242/538] A_00241 …
  hops=9.03/9.07/9.19 direct=9.24 gap=-18.05
[243/538] A_00242 …
  hops=7.06/8.76/10.13 direct=11.06 gap=-14.89
[244/538] A_00243 …
  hops=8.63/11.14/9.66 direct=13.39 gap=-16.04
[245/538] B_00244 …
[246/538] B_00245 …
[247/538] B_00246 …
[248/538] B_00247 …
[249/538] B_00248 …
[250/538] B_00249 …
[251/538] B_00250 …
[252/538] B_00251 …
[253/538] B_00252 …
[254/538] B_00253 …
[255/538] B_00254 …
[256/538] B_00255 …
[257/538] B_00256 …
[258/538] B_00257 …
[259/538] B_00258 …
[260/538] B_00259 …
[261/538] B_00260 …
[262/538] B_00261 …
[263/538] B_00262 …
[264/538] B_00263 …
[265/538] B_00264 …
[266/538] B_00265 …
[267/538] B_00266 …
[268/538] B_00267 …
[269/538] B_00268 …
[270/538] B_00269 …
[271/538] B_00270 …
[272/538] B_00271 …
[273/538] B_00272 …
[274/538] B_00273 …
[275/538] B_00274 …
[276/538] B_00275 …
[277/538] B_00276 …
[278/538] B_00277 …
[279/538] B_00278 …
[280/538] B_00279 …
[281/538] B_00280 …
[282/538] B_00281 …
[283/538] B_00282 …
[284/538] B_00283 …
[285/538] B_00284 …
[286/538] B_00285 …
[287/538] B_00286 …
[288/538] B_00287 …
[289/538] B_00288 …
[290/538] B_00289 …
[291/538] B_00290 …
[292/538] B_00291 …
[293/538] B_00292 …
[294/538] B_00293 …
[295/538] B_00294 …
[296/538] B_00295 …
[297/538] B_00296 …
[298/538] B_00297 …
[299/538] B_00298 …
[300/538] B_00299 …
[301/538] B_00300 …
[302/538] B_00301 …
[303/538] B_00302 …
[304/538] B_00303 …
[305/538] B_00304 …
[306/538] B_00305 …
[307/538] B_00306 …
[308/538] B_00307 …
[309/538] B_00308 …
[310/538] B_00309 …
[311/538] B_00310 …
[312/538] B_00311 …
[313/538] B_00312 …
[314/538] B_00313 …
[315/538] B_00314 …
[316/538] B_00315 …
[317/538] B_00316 …
[318/538] B_00317 …
[319/538] B_00318 …
[320/538] B_00319 …
[321/538] B_00320 …
[322/538] B_00321 …
[323/538] B_00322 …
[324/538] B_00323 …
[325/538] B_00324 …
[326/538] B_00325 …
[327/538] B_00326 …
[328/538] B_00327 …
[329/538] B_00328 …
[330/538] B_00329 …
[331/538] B_00330 …
[332/538] B_00331 …
[333/538] B_00332 …
[334/538] B_00333 …
[335/538] B_00334 …
[336/538] B_00335 …
[337/538] B_00336 …
[338/538] B_00337 …
[339/538] B_00338 …
[340/538] B_00339 …
[341/538] B_00340 …
[342/538] B_00341 …
[343/538] B_00342 …
[344/538] B_00343 …
[345/538] B_00344 …
[346/538] B_00345 …
[347/538] B_00346 …
[348/538] B_00347 …
[349/538] B_00348 …
[350/538] B_00349 …
[351/538] B_00350 …
[352/538] B_00351 …
[353/538] B_00352 …
[354/538] B_00353 …
[355/538] B_00354 …
[356/538] B_00355 …
[357/538] B_00356 …
[358/538] B_00357 …
[359/538] B_00358 …
[360/538] B_00359 …
[361/538] B_00360 …
[362/538] B_00361 …
[363/538] B_00362 …
[364/538] B_00363 …
[365/538] B_00364 …
[366/538] B_00365 …
[367/538] B_00366 …
[368/538] B_00367 …
[369/538] B_00368 …
[370/538] B_00369 …
[371/538] B_00370 …
[372/538] B_00371 …
[373/538] B_00372 …
[374/538] B_00373 …
[375/538] B_00374 …
[376/538] B_00375 …
[377/538] B_00376 …
[378/538] B_00377 …
[379/538] B_00378 …
[380/538] B_00379 …
[381/538] B_00380 …
[382/538] B_00381 …
[383/538] B_00382 …
[384/538] B_00383 …
[385/538] B_00384 …
[386/538] B_00385 …
[387/538] B_00386 …
[388/538] B_00387 …
[389/538] B_00388 …
[390/538] B_00389 …
[391/538] C_00390 …
[392/538] C_00391 …
[393/538] C_00392 …
[394/538] C_00393 …
[395/538] C_00394 …
[396/538] C_00395 …
[397/538] C_00396 …
[398/538] C_00397 …
[399/538] C_00398 …
[400/538] C_00399 …
[401/538] C_00400 …
[402/538] C_00401 …
[403/538] C_00402 …
[404/538] C_00403 …
[405/538] C_00404 …
[406/538] C_00405 …
[407/538] C_00406 …
[408/538] C_00407 …
[409/538] C_00408 …
[410/538] C_00409 …
[411/538] C_00410 …
[412/538] C_00411 …
[413/538] C_00412 …
[414/538] C_00413 …
[415/538] C_00414 …
[416/538] C_00415 …
[417/538] C_00416 …
[418/538] C_00417 …
[419/538] C_00418 …
[420/538] C_00419 …
[421/538] C_00420 …
[422/538] C_00421 …
[423/538] C_00422 …
[424/538] C_00423 …
[425/538] C_00424 …
[426/538] C_00425 …
[427/538] C_00426 …
[428/538] C_00427 …
[429/538] C_00428 …
[430/538] C_00429 …
[431/538] C_00430 …
[432/538] C_00431 …
[433/538] C_00432 …
[434/538] C_00433 …
[435/538] C_00434 …
[436/538] C_00435 …
[437/538] C_00436 …
[438/538] C_00437 …
[439/538] C_00438 …
[440/538] C_00439 …
[441/538] C_00440 …
[442/538] C_00441 …
[443/538] C_00442 …
[444/538] C_00443 …
[445/538] C_00444 …
[446/538] C_00445 …
[447/538] C_00446 …
[448/538] C_00447 …
[449/538] C_00448 …
[450/538] C_00449 …
[451/538] C_00450 …
[452/538] C_00451 …
[453/538] C_00452 …
[454/538] C_00453 …
[455/538] C_00454 …
[456/538] C_00455 …
[457/538] C_00456 …
[458/538] C_00457 …
[459/538] C_00458 …
[460/538] C_00459 …
[461/538] C_00460 …
[462/538] C_00461 …
[463/538] C_00462 …
[464/538] C_00463 …
[465/538] C_00464 …
[466/538] C_00465 …
[467/538] C_00466 …
[468/538] C_00467 …
[469/538] C_00468 …
[470/538] C_00469 …
[471/538] C_00470 …
[472/538] C_00471 …
[473/538] C_00472 …
[474/538] C_00473 …
[475/538] C_00474 …
[476/538] C_00475 …
[477/538] C_00476 …
[478/538] C_00477 …
[479/538] C_00478 …
[480/538] C_00479 …
[481/538] C_00480 …
[482/538] C_00481 …
[483/538] C_00482 …
[484/538] C_00483 …
[485/538] C_00484 …
[486/538] C_00485 …
[487/538] C_00486 …
[488/538] C_00487 …
[489/538] C_00488 …
[490/538] C_00489 …
[491/538] C_00490 …
[492/538] C_00491 …
[493/538] C_00492 …
[494/538] C_00493 …
[495/538] C_00494 …
[496/538] C_00495 …
[497/538] C_00496 …
[498/538] C_00497 …
[499/538] C_00498 …
[500/538] C_00499 …
[501/538] C_00500 …
[502/538] C_00501 …
[503/538] C_00502 …
[504/538] C_00503 …
[505/538] C_00504 …
[506/538] C_00505 …
[507/538] C_00506 …
[508/538] C_00507 …
[509/538] C_00508 …
[510/538] C_00509 …
[511/538] C_00510 …
[512/538] C_00511 …
[513/538] C_00512 …
[514/538] C_00513 …
[515/538] C_00514 …
[516/538] C_00515 …
[517/538] C_00516 …
[518/538] C_00517 …
[519/538] C_00518 …
[520/538] C_00519 …
[521/538] C_00520 …
[522/538] C_00521 …
[523/538] C_00522 …
[524/538] C_00523 …
[525/538] C_00524 …
[526/538] C_00525 …
[527/538] C_00526 …
[528/538] C_00527 …
[529/538] C_00528 …
[530/538] C_00529 …
[531/538] C_00530 …
[532/538] C_00531 …
[533/538] C_00532 …
[534/538] C_00533 …
[535/538] C_00534 …
[536/538] C_00535 …
[537/538] C_00536 …
[538/538] C_00537 …
Wrote distances → /home/WUR/lu087/Github/ect/src/aim3_additive_chain_4/output/layer_14/prefix_ln_distances.jsonl
Wrote summary   → /home/WUR/lu087/Github/ect/src/aim3_additive_chain_4/output/layer_14/prefix_ln_summary.json
{
  "layer_index": 14,
  "n_items": 538,
  "prompt_design": "shared_trajectory_true_ln_pi_v4",
  "metric": "d_M=-ln \u03c0(label|prefix through waypoint)",
  "by_type": {
    "A": {
      "n": 194,
      "gap_mean": -14.599354014876473,
      "gap_median": -14.28226925432682,
      "gap_frac_le_0": 0.9948453608247423,
      "gap_near_zero_abs_lt_1": 0.0,
      "gap_near_zero_abs_lt_2": 0.005154639175257732
    },
    "B": {
      "n": 196,
      "slack_mean": -20.277316756128346,
      "n_violations": 0,
      "violation_rate": 0.0
    },
    "C": {
      "n": 148,
      "slack_mean": -5.910403121957453,
      "n_violations": 48,
      "violation_rate": 0.32432432432432434
    }
  }
}

=== Plot Type A ===
n_type_A=194
Wrote /home/WUR/lu087/Github/ect/src/aim3_additive_chain_4/output/layer_14/figures/type_a_true_ln_pi.png
Done.
Distances: /home/WUR/lu087/Github/ect/src/aim3_additive_chain_4/output/layer_14/prefix_ln_distances.jsonl
Summary:   /home/WUR/lu087/Github/ect/src/aim3_additive_chain_4/output/layer_14/prefix_ln_summary.json
Figure:    /home/WUR/lu087/Github/ect/src/aim3_additive_chain_4/output/layer_14/figures/type_a_true_ln_pi.png
