Using Python: /home/WUR/lu087/miniconda3/envs/ect/bin/python (Python 3.11.15)
=== Aim-3 shared-trajectory additive chain v2 ===
model_id=google/gemma-2-2b
sae=gemma-scope-2b-pt-res-canonical / layer_14/width_16k/canonical
design=shared_trajectory_v2 layer=14/26
corpus=/home/WUR/lu087/Github/ect/src/aim3_data_prep/data/tropical_geometry_corpus.json todo=538 done=0
--- example Type A trajectory ---
Phylogenetic semantic chain (shared trajectory):
1. Living Organism
2. Plant
3. Flower
4. Rose

Narrative: We begin with the broad category of Living Organism, which narrows down to Plant. Within that classification, we find Flower as the specific form, ultimately exemplified by the Rose.

-------------------------------
[1/538] A_00000 …
  SAE gap=-8.117  logit-lens gap=-55.262
[2/538] A_00001 …
  SAE gap=-8.810  logit-lens gap=-55.262
[3/538] A_00002 …
  SAE gap=-9.297  logit-lens gap=-55.262
[4/538] A_00003 …
  SAE gap=-9.316  logit-lens gap=-55.262
[5/538] A_00004 …
  SAE gap=-8.626  logit-lens gap=-55.262
[6/538] A_00005 …
  SAE gap=-8.880  logit-lens gap=-55.262
[7/538] A_00006 …
  SAE gap=-9.145  logit-lens gap=-55.262
[8/538] A_00007 …
  SAE gap=-8.419  logit-lens gap=-55.262
[9/538] A_00008 …
  SAE gap=-9.274  logit-lens gap=-55.262
[10/538] A_00009 …
  SAE gap=-9.027  logit-lens gap=-55.262
[11/538] A_00010 …
  SAE gap=-8.508  logit-lens gap=-55.262
[12/538] A_00011 …
  SAE gap=-8.525  logit-lens gap=-55.262
[13/538] A_00012 …
  SAE gap=-8.792  logit-lens gap=-55.262
[14/538] A_00013 …
  SAE gap=-9.058  logit-lens gap=-55.262
[15/538] A_00014 …
  SAE gap=-8.995  logit-lens gap=-55.262
[16/538] A_00015 …
  SAE gap=-9.890  logit-lens gap=-55.262
[17/538] A_00016 …
  SAE gap=-10.002  logit-lens gap=-55.262
[18/538] A_00017 …
  SAE gap=-8.972  logit-lens gap=-55.262
[19/538] A_00018 …
  SAE gap=-9.383  logit-lens gap=-55.262
[20/538] A_00019 …
  SAE gap=-9.619  logit-lens gap=-55.262
[21/538] A_00020 …
  SAE gap=-8.806  logit-lens gap=-55.262
[22/538] A_00021 …
  SAE gap=-8.861  logit-lens gap=-55.262
[23/538] A_00022 …
  SAE gap=-9.476  logit-lens gap=-55.262
[24/538] A_00023 …
  SAE gap=-8.536  logit-lens gap=-55.262
[25/538] A_00024 …
  SAE gap=-8.022  logit-lens gap=-55.262
[26/538] A_00025 …
  SAE gap=-8.607  logit-lens gap=-55.262
[27/538] A_00026 …
  SAE gap=-10.056  logit-lens gap=-51.718
[28/538] A_00027 …
  SAE gap=-9.340  logit-lens gap=-55.262
[29/538] A_00028 …
  SAE gap=-9.213  logit-lens gap=-55.262
[30/538] A_00029 …
  SAE gap=-9.168  logit-lens gap=-55.262
[31/538] A_00030 …
  SAE gap=-9.644  logit-lens gap=-55.262
[32/538] A_00031 …
  SAE gap=-9.514  logit-lens gap=-55.262
[33/538] A_00032 …
  SAE gap=-8.795  logit-lens gap=-55.262
[34/538] A_00033 …
  SAE gap=-9.138  logit-lens gap=-55.262
[35/538] A_00034 …
  SAE gap=-8.720  logit-lens gap=-55.262
[36/538] A_00035 …
  SAE gap=-8.336  logit-lens gap=-54.371
[37/538] A_00036 …
  SAE gap=-9.164  logit-lens gap=-55.262
[38/538] A_00037 …
  SAE gap=-8.800  logit-lens gap=-55.262
[39/538] A_00038 …
  SAE gap=-8.513  logit-lens gap=-55.262
[40/538] A_00039 …
  SAE gap=-8.481  logit-lens gap=-55.262
[41/538] A_00040 …
  SAE gap=-8.543  logit-lens gap=-55.262
[42/538] A_00041 …
  SAE gap=-8.686  logit-lens gap=-55.262
[43/538] A_00042 …
  SAE gap=-9.197  logit-lens gap=-55.262
[44/538] A_00043 …
  SAE gap=-8.605  logit-lens gap=-55.262
[45/538] A_00044 …
  SAE gap=-8.475  logit-lens gap=-55.262
[46/538] A_00045 …
  SAE gap=-9.272  logit-lens gap=-55.262
[47/538] A_00046 …
  SAE gap=-8.614  logit-lens gap=-55.262
[48/538] A_00047 …
  SAE gap=-9.294  logit-lens gap=-55.262
[49/538] A_00048 …
  SAE gap=-8.817  logit-lens gap=-55.262
[50/538] A_00049 …
  SAE gap=-9.544  logit-lens gap=-55.262
[51/538] B_00050 …
[52/538] B_00051 …
[53/538] B_00052 …
[54/538] B_00053 …
[55/538] B_00054 …
[56/538] B_00055 …
[57/538] B_00056 …
[58/538] B_00057 …
[59/538] B_00058 …
[60/538] B_00059 …
[61/538] B_00060 …
[62/538] B_00061 …
[63/538] B_00062 …
[64/538] B_00063 …
[65/538] B_00064 …
[66/538] B_00065 …
[67/538] B_00066 …
[68/538] B_00067 …
[69/538] B_00068 …
[70/538] B_00069 …
[71/538] B_00070 …
[72/538] B_00071 …
[73/538] B_00072 …
[74/538] B_00073 …
[75/538] B_00074 …
[76/538] B_00075 …
[77/538] B_00076 …
[78/538] B_00077 …
[79/538] B_00078 …
[80/538] B_00079 …
[81/538] B_00080 …
[82/538] B_00081 …
[83/538] B_00082 …
[84/538] B_00083 …
[85/538] B_00084 …
[86/538] B_00085 …
[87/538] B_00086 …
[88/538] B_00087 …
[89/538] B_00088 …
[90/538] B_00089 …
[91/538] B_00090 …
[92/538] B_00091 …
[93/538] B_00092 …
[94/538] B_00093 …
[95/538] B_00094 …
[96/538] B_00095 …
[97/538] B_00096 …
[98/538] B_00097 …
[99/538] B_00098 …
[100/538] B_00099 …
[101/538] A_00100 …
  SAE gap=-8.682  logit-lens gap=-55.262
[102/538] A_00101 …
  SAE gap=-9.029  logit-lens gap=-55.262
[103/538] A_00102 …
  SAE gap=-8.635  logit-lens gap=-55.262
[104/538] A_00103 …
  SAE gap=-8.835  logit-lens gap=-55.262
[105/538] A_00104 …
  SAE gap=-8.553  logit-lens gap=-55.262
[106/538] A_00105 …
  SAE gap=-9.046  logit-lens gap=-55.262
[107/538] A_00106 …
  SAE gap=-9.128  logit-lens gap=-55.262
[108/538] A_00107 …
  SAE gap=-9.310  logit-lens gap=-55.262
[109/538] A_00108 …
  SAE gap=-8.732  logit-lens gap=-55.262
[110/538] A_00109 …
  SAE gap=-9.990  logit-lens gap=-55.262
[111/538] A_00110 …
  SAE gap=-9.149  logit-lens gap=-55.262
[112/538] A_00111 …
  SAE gap=-9.141  logit-lens gap=-55.262
[113/538] A_00112 …
  SAE gap=-9.039  logit-lens gap=-55.262
[114/538] A_00113 …
  SAE gap=-9.313  logit-lens gap=-55.262
[115/538] A_00114 …
  SAE gap=-9.479  logit-lens gap=-55.262
[116/538] A_00115 …
  SAE gap=-8.912  logit-lens gap=-55.262
[117/538] A_00116 …
  SAE gap=-8.893  logit-lens gap=-55.262
[118/538] A_00117 …
  SAE gap=-8.879  logit-lens gap=-55.262
[119/538] A_00118 …
  SAE gap=-9.330  logit-lens gap=-55.262
[120/538] A_00119 …
  SAE gap=-8.830  logit-lens gap=-55.262
[121/538] A_00120 …
  SAE gap=-8.755  logit-lens gap=-55.262
[122/538] A_00121 …
  SAE gap=-8.686  logit-lens gap=-55.262
[123/538] A_00122 …
  SAE gap=-8.822  logit-lens gap=-55.262
[124/538] A_00123 …
  SAE gap=-9.287  logit-lens gap=-55.262
[125/538] A_00124 …
  SAE gap=-9.650  logit-lens gap=-55.262
[126/538] A_00125 …
  SAE gap=-9.302  logit-lens gap=-55.262
[127/538] A_00126 …
  SAE gap=-9.143  logit-lens gap=-55.262
[128/538] A_00127 …
  SAE gap=-9.528  logit-lens gap=-55.262
[129/538] A_00128 …
  SAE gap=-8.994  logit-lens gap=-55.262
[130/538] A_00129 …
  SAE gap=-8.889  logit-lens gap=-55.262
[131/538] A_00130 …
  SAE gap=-8.757  logit-lens gap=-55.262
[132/538] A_00131 …
  SAE gap=-8.869  logit-lens gap=-55.262
[133/538] A_00132 …
  SAE gap=-8.392  logit-lens gap=-55.262
[134/538] A_00133 …
  SAE gap=-8.829  logit-lens gap=-55.262
[135/538] A_00134 …
  SAE gap=-9.488  logit-lens gap=-55.262
[136/538] A_00135 …
  SAE gap=-9.258  logit-lens gap=-55.262
[137/538] A_00136 …
  SAE gap=-9.449  logit-lens gap=-55.262
[138/538] A_00137 …
  SAE gap=-8.898  logit-lens gap=-55.262
[139/538] A_00138 …
  SAE gap=-9.378  logit-lens gap=-55.262
[140/538] A_00139 …
  SAE gap=-9.425  logit-lens gap=-55.262
[141/538] A_00140 …
  SAE gap=-9.649  logit-lens gap=-55.262
[142/538] A_00141 …
  SAE gap=-8.456  logit-lens gap=-55.262
[143/538] A_00142 …
  SAE gap=-9.395  logit-lens gap=-55.262
[144/538] A_00143 …
  SAE gap=-9.342  logit-lens gap=-55.262
[145/538] A_00144 …
  SAE gap=-9.406  logit-lens gap=-55.262
[146/538] A_00145 …
  SAE gap=-9.064  logit-lens gap=-55.262
[147/538] A_00146 …
  SAE gap=-9.791  logit-lens gap=-55.262
[148/538] A_00147 …
  SAE gap=-8.551  logit-lens gap=-55.262
[149/538] A_00148 …
  SAE gap=-8.530  logit-lens gap=-55.262
[150/538] A_00149 …
  SAE gap=-8.626  logit-lens gap=-55.262
[151/538] A_00150 …
  SAE gap=-8.883  logit-lens gap=-55.262
[152/538] A_00151 …
  SAE gap=-9.397  logit-lens gap=-55.262
[153/538] A_00152 …
  SAE gap=-9.439  logit-lens gap=-55.262
[154/538] A_00153 …
  SAE gap=-9.160  logit-lens gap=-55.262
[155/538] A_00154 …
  SAE gap=-9.446  logit-lens gap=-55.262
[156/538] A_00155 …
  SAE gap=-9.162  logit-lens gap=-55.262
[157/538] A_00156 …
  SAE gap=-8.641  logit-lens gap=-55.262
[158/538] A_00157 …
  SAE gap=-8.867  logit-lens gap=-55.262
[159/538] A_00158 …
  SAE gap=-9.505  logit-lens gap=-55.262
[160/538] A_00159 …
  SAE gap=-10.014  logit-lens gap=-55.262
[161/538] A_00160 …
  SAE gap=-9.056  logit-lens gap=-55.262
[162/538] A_00161 …
  SAE gap=-9.608  logit-lens gap=-55.262
[163/538] A_00162 …
  SAE gap=-9.074  logit-lens gap=-55.262
[164/538] A_00163 …
  SAE gap=-8.980  logit-lens gap=-55.262
[165/538] A_00164 …
  SAE gap=-9.779  logit-lens gap=-55.262
[166/538] A_00165 …
  SAE gap=-8.884  logit-lens gap=-55.262
[167/538] A_00166 …
  SAE gap=-9.101  logit-lens gap=-55.262
[168/538] A_00167 …
  SAE gap=-8.896  logit-lens gap=-50.512
[169/538] A_00168 …
  SAE gap=-9.633  logit-lens gap=-55.262
[170/538] A_00169 …
  SAE gap=-9.210  logit-lens gap=-55.262
[171/538] A_00170 …
  SAE gap=-8.990  logit-lens gap=-55.262
[172/538] A_00171 …
  SAE gap=-9.638  logit-lens gap=-55.262
[173/538] A_00172 …
  SAE gap=-9.629  logit-lens gap=-55.262
[174/538] A_00173 …
  SAE gap=-9.148  logit-lens gap=-55.262
[175/538] A_00174 …
  SAE gap=-9.182  logit-lens gap=-55.262
[176/538] A_00175 …
  SAE gap=-9.350  logit-lens gap=-55.262
[177/538] A_00176 …
  SAE gap=-8.824  logit-lens gap=-55.262
[178/538] A_00177 …
  SAE gap=-8.639  logit-lens gap=-55.262
[179/538] A_00178 …
  SAE gap=-9.918  logit-lens gap=-55.262
[180/538] A_00179 …
  SAE gap=-9.339  logit-lens gap=-55.262
[181/538] A_00180 …
  SAE gap=-8.654  logit-lens gap=-55.262
[182/538] A_00181 …
  SAE gap=-8.869  logit-lens gap=-55.262
[183/538] A_00182 …
  SAE gap=-8.638  logit-lens gap=-55.262
[184/538] A_00183 …
  SAE gap=-9.310  logit-lens gap=-55.262
[185/538] A_00184 …
  SAE gap=-9.484  logit-lens gap=-55.262
[186/538] A_00185 …
  SAE gap=-9.389  logit-lens gap=-55.262
[187/538] A_00186 …
  SAE gap=-8.699  logit-lens gap=-55.262
[188/538] A_00187 …
  SAE gap=-8.603  logit-lens gap=-55.262
[189/538] A_00188 …
  SAE gap=-9.105  logit-lens gap=-55.262
[190/538] A_00189 …
  SAE gap=-8.794  logit-lens gap=-55.262
[191/538] A_00190 …
  SAE gap=-9.118  logit-lens gap=-55.262
[192/538] A_00191 …
  SAE gap=-9.110  logit-lens gap=-55.262
[193/538] A_00192 …
  SAE gap=-9.618  logit-lens gap=-55.262
[194/538] A_00193 …
  SAE gap=-8.946  logit-lens gap=-55.262
[195/538] A_00194 …
  SAE gap=-8.977  logit-lens gap=-55.262
[196/538] A_00195 …
  SAE gap=-8.829  logit-lens gap=-55.262
[197/538] A_00196 …
  SAE gap=-9.559  logit-lens gap=-55.262
[198/538] A_00197 …
  SAE gap=-8.706  logit-lens gap=-55.262
[199/538] A_00198 …
  SAE gap=-8.821  logit-lens gap=-55.262
[200/538] A_00199 …
  SAE gap=-9.053  logit-lens gap=-55.262
[201/538] A_00200 …
  SAE gap=-8.778  logit-lens gap=-55.262
[202/538] A_00201 …
  SAE gap=-8.739  logit-lens gap=-55.262
[203/538] A_00202 …
  SAE gap=-8.489  logit-lens gap=-55.262
[204/538] A_00203 …
  SAE gap=-9.156  logit-lens gap=-55.262
[205/538] A_00204 …
  SAE gap=-8.806  logit-lens gap=-55.262
[206/538] A_00205 …
  SAE gap=-8.646  logit-lens gap=-55.262
[207/538] A_00206 …
  SAE gap=-8.971  logit-lens gap=-55.262
[208/538] A_00207 …
  SAE gap=-8.661  logit-lens gap=-55.262
[209/538] A_00208 …
  SAE gap=-9.359  logit-lens gap=-55.262
[210/538] A_00209 …
  SAE gap=-8.876  logit-lens gap=-55.262
[211/538] A_00210 …
  SAE gap=-9.131  logit-lens gap=-55.262
[212/538] A_00211 …
  SAE gap=-8.806  logit-lens gap=-55.262
[213/538] A_00212 …
  SAE gap=-9.420  logit-lens gap=-55.262
[214/538] A_00213 …
  SAE gap=-8.647  logit-lens gap=-55.262
[215/538] A_00214 …
  SAE gap=-8.951  logit-lens gap=-55.262
[216/538] A_00215 …
  SAE gap=-8.880  logit-lens gap=-55.262
[217/538] A_00216 …
  SAE gap=-9.237  logit-lens gap=-55.262
[218/538] A_00217 …
  SAE gap=-8.722  logit-lens gap=-53.295
[219/538] A_00218 …
  SAE gap=-9.794  logit-lens gap=-55.262
[220/538] A_00219 …
  SAE gap=-8.494  logit-lens gap=-55.262
[221/538] A_00220 …
  SAE gap=-8.565  logit-lens gap=-55.262
[222/538] A_00221 …
  SAE gap=-8.876  logit-lens gap=-55.262
[223/538] A_00222 …
  SAE gap=-8.543  logit-lens gap=-55.262
[224/538] A_00223 …
  SAE gap=-8.983  logit-lens gap=-55.262
[225/538] A_00224 …
  SAE gap=-9.026  logit-lens gap=-55.262
[226/538] A_00225 …
  SAE gap=-8.453  logit-lens gap=-55.262
[227/538] A_00226 …
  SAE gap=-9.232  logit-lens gap=-55.262
[228/538] A_00227 …
  SAE gap=-8.712  logit-lens gap=-55.262
[229/538] A_00228 …
  SAE gap=-9.498  logit-lens gap=-55.262
[230/538] A_00229 …
  SAE gap=-8.759  logit-lens gap=-55.262
[231/538] A_00230 …
  SAE gap=-8.735  logit-lens gap=-55.262
[232/538] A_00231 …
  SAE gap=-8.953  logit-lens gap=-55.262
[233/538] A_00232 …
  SAE gap=-8.524  logit-lens gap=-55.262
[234/538] A_00233 …
  SAE gap=-8.581  logit-lens gap=-55.262
[235/538] A_00234 …
  SAE gap=-8.863  logit-lens gap=-55.262
[236/538] A_00235 …
  SAE gap=-8.291  logit-lens gap=-55.262
[237/538] A_00236 …
  SAE gap=-8.749  logit-lens gap=-55.262
[238/538] A_00237 …
  SAE gap=-8.699  logit-lens gap=-55.262
[239/538] A_00238 …
  SAE gap=-8.495  logit-lens gap=-55.262
[240/538] A_00239 …
  SAE gap=-8.697  logit-lens gap=-55.262
[241/538] A_00240 …
  SAE gap=-8.743  logit-lens gap=-54.798
[242/538] A_00241 …
  SAE gap=-9.449  logit-lens gap=-55.262
[243/538] A_00242 …
  SAE gap=-8.906  logit-lens gap=-55.262
[244/538] A_00243 …
  SAE gap=-8.571  logit-lens gap=-55.262
[245/538] B_00244 …
[246/538] B_00245 …
[247/538] B_00246 …
[248/538] B_00247 …
[249/538] B_00248 …
[250/538] B_00249 …
[251/538] B_00250 …
[252/538] B_00251 …
[253/538] B_00252 …
[254/538] B_00253 …
[255/538] B_00254 …
[256/538] B_00255 …
[257/538] B_00256 …
[258/538] B_00257 …
[259/538] B_00258 …
[260/538] B_00259 …
[261/538] B_00260 …
[262/538] B_00261 …
[263/538] B_00262 …
[264/538] B_00263 …
[265/538] B_00264 …
[266/538] B_00265 …
[267/538] B_00266 …
[268/538] B_00267 …
[269/538] B_00268 …
[270/538] B_00269 …
[271/538] B_00270 …
[272/538] B_00271 …
[273/538] B_00272 …
[274/538] B_00273 …
[275/538] B_00274 …
[276/538] B_00275 …
[277/538] B_00276 …
[278/538] B_00277 …
[279/538] B_00278 …
[280/538] B_00279 …
[281/538] B_00280 …
[282/538] B_00281 …
[283/538] B_00282 …
[284/538] B_00283 …
[285/538] B_00284 …
[286/538] B_00285 …
[287/538] B_00286 …
[288/538] B_00287 …
[289/538] B_00288 …
[290/538] B_00289 …
[291/538] B_00290 …
[292/538] B_00291 …
[293/538] B_00292 …
[294/538] B_00293 …
[295/538] B_00294 …
[296/538] B_00295 …
[297/538] B_00296 …
[298/538] B_00297 …
[299/538] B_00298 …
[300/538] B_00299 …
[301/538] B_00300 …
[302/538] B_00301 …
[303/538] B_00302 …
[304/538] B_00303 …
[305/538] B_00304 …
[306/538] B_00305 …
[307/538] B_00306 …
[308/538] B_00307 …
[309/538] B_00308 …
[310/538] B_00309 …
[311/538] B_00310 …
[312/538] B_00311 …
[313/538] B_00312 …
[314/538] B_00313 …
[315/538] B_00314 …
[316/538] B_00315 …
[317/538] B_00316 …
[318/538] B_00317 …
[319/538] B_00318 …
[320/538] B_00319 …
[321/538] B_00320 …
[322/538] B_00321 …
[323/538] B_00322 …
[324/538] B_00323 …
[325/538] B_00324 …
[326/538] B_00325 …
[327/538] B_00326 …
[328/538] B_00327 …
[329/538] B_00328 …
[330/538] B_00329 …
[331/538] B_00330 …
[332/538] B_00331 …
[333/538] B_00332 …
[334/538] B_00333 …
[335/538] B_00334 …
[336/538] B_00335 …
[337/538] B_00336 …
[338/538] B_00337 …
[339/538] B_00338 …
[340/538] B_00339 …
[341/538] B_00340 …
[342/538] B_00341 …
[343/538] B_00342 …
[344/538] B_00343 …
[345/538] B_00344 …
[346/538] B_00345 …
[347/538] B_00346 …
[348/538] B_00347 …
[349/538] B_00348 …
[350/538] B_00349 …
[351/538] B_00350 …
[352/538] B_00351 …
[353/538] B_00352 …
[354/538] B_00353 …
[355/538] B_00354 …
[356/538] B_00355 …
[357/538] B_00356 …
[358/538] B_00357 …
[359/538] B_00358 …
[360/538] B_00359 …
[361/538] B_00360 …
[362/538] B_00361 …
[363/538] B_00362 …
[364/538] B_00363 …
[365/538] B_00364 …
[366/538] B_00365 …
[367/538] B_00366 …
[368/538] B_00367 …
[369/538] B_00368 …
[370/538] B_00369 …
[371/538] B_00370 …
[372/538] B_00371 …
[373/538] B_00372 …
[374/538] B_00373 …
[375/538] B_00374 …
[376/538] B_00375 …
[377/538] B_00376 …
[378/538] B_00377 …
[379/538] B_00378 …
[380/538] B_00379 …
[381/538] B_00380 …
[382/538] B_00381 …
[383/538] B_00382 …
[384/538] B_00383 …
[385/538] B_00384 …
[386/538] B_00385 …
[387/538] B_00386 …
[388/538] B_00387 …
[389/538] B_00388 …
[390/538] B_00389 …
[391/538] C_00390 …
[392/538] C_00391 …
[393/538] C_00392 …
[394/538] C_00393 …
[395/538] C_00394 …
[396/538] C_00395 …
[397/538] C_00396 …
[398/538] C_00397 …
[399/538] C_00398 …
[400/538] C_00399 …
[401/538] C_00400 …
[402/538] C_00401 …
[403/538] C_00402 …
[404/538] C_00403 …
[405/538] C_00404 …
[406/538] C_00405 …
[407/538] C_00406 …
[408/538] C_00407 …
[409/538] C_00408 …
[410/538] C_00409 …
[411/538] C_00410 …
[412/538] C_00411 …
[413/538] C_00412 …
[414/538] C_00413 …
[415/538] C_00414 …
[416/538] C_00415 …
[417/538] C_00416 …
[418/538] C_00417 …
[419/538] C_00418 …
[420/538] C_00419 …
[421/538] C_00420 …
[422/538] C_00421 …
[423/538] C_00422 …
[424/538] C_00423 …
[425/538] C_00424 …
[426/538] C_00425 …
[427/538] C_00426 …
[428/538] C_00427 …
[429/538] C_00428 …
[430/538] C_00429 …
[431/538] C_00430 …
[432/538] C_00431 …
[433/538] C_00432 …
[434/538] C_00433 …
[435/538] C_00434 …
[436/538] C_00435 …
[437/538] C_00436 …
[438/538] C_00437 …
[439/538] C_00438 …
[440/538] C_00439 …
[441/538] C_00440 …
[442/538] C_00441 …
[443/538] C_00442 …
[444/538] C_00443 …
[445/538] C_00444 …
[446/538] C_00445 …
[447/538] C_00446 …
[448/538] C_00447 …
[449/538] C_00448 …
[450/538] C_00449 …
[451/538] C_00450 …
[452/538] C_00451 …
[453/538] C_00452 …
[454/538] C_00453 …
[455/538] C_00454 …
[456/538] C_00455 …
[457/538] C_00456 …
[458/538] C_00457 …
[459/538] C_00458 …
[460/538] C_00459 …
[461/538] C_00460 …
[462/538] C_00461 …
[463/538] C_00462 …
[464/538] C_00463 …
[465/538] C_00464 …
[466/538] C_00465 …
[467/538] C_00466 …
[468/538] C_00467 …
[469/538] C_00468 …
[470/538] C_00469 …
[471/538] C_00470 …
[472/538] C_00471 …
[473/538] C_00472 …
[474/538] C_00473 …
[475/538] C_00474 …
[476/538] C_00475 …
[477/538] C_00476 …
[478/538] C_00477 …
[479/538] C_00478 …
[480/538] C_00479 …
[481/538] C_00480 …
[482/538] C_00481 …
[483/538] C_00482 …
[484/538] C_00483 …
[485/538] C_00484 …
[486/538] C_00485 …
[487/538] C_00486 …
[488/538] C_00487 …
[489/538] C_00488 …
[490/538] C_00489 …
[491/538] C_00490 …
[492/538] C_00491 …
[493/538] C_00492 …
[494/538] C_00493 …
[495/538] C_00494 …
[496/538] C_00495 …
[497/538] C_00496 …
[498/538] C_00497 …
[499/538] C_00498 …
[500/538] C_00499 …
[501/538] C_00500 …
[502/538] C_00501 …
[503/538] C_00502 …
[504/538] C_00503 …
[505/538] C_00504 …
[506/538] C_00505 …
[507/538] C_00506 …
[508/538] C_00507 …
[509/538] C_00508 …
[510/538] C_00509 …
[511/538] C_00510 …
[512/538] C_00511 …
[513/538] C_00512 …
[514/538] C_00513 …
[515/538] C_00514 …
[516/538] C_00515 …
[517/538] C_00516 …
[518/538] C_00517 …
[519/538] C_00518 …
[520/538] C_00519 …
[521/538] C_00520 …
[522/538] C_00521 …
[523/538] C_00522 …
[524/538] C_00523 …
[525/538] C_00524 …
[526/538] C_00525 …
[527/538] C_00526 …
[528/538] C_00527 …
[529/538] C_00528 …
[530/538] C_00529 …
[531/538] C_00530 …
[532/538] C_00531 …
[533/538] C_00532 …
[534/538] C_00533 …
[535/538] C_00534 …
[536/538] C_00535 …
[537/538] C_00536 …
[538/538] C_00537 …
Wrote distances → /home/WUR/lu087/Github/ect/src/aim3_addtive_chain_2/output/layer_14/trajectory_distances.jsonl
Wrote summary   → /home/WUR/lu087/Github/ect/src/aim3_addtive_chain_2/output/layer_14/trajectory_summary.json
{
  "layer_index": 14,
  "n_items": 538,
  "prompt_design": "shared_trajectory_v2",
  "by_type": {
    "A": {
      "n": 194,
      "sae_gap_mean": -9.018283129571909,
      "sae_gap_frac_le_0": 1.0,
      "logit_lens_gap_mean": -55.20216390473182,
      "logit_lens_gap_frac_le_0": 1.0,
      "sae_gap_near_zero_abs_lt_1": 0.0,
      "logit_lens_gap_near_zero_abs_lt_1": 0.0
    },
    "B": {
      "n": 196,
      "slack_mean": -4.317753715714557,
      "n_violations": 0,
      "violation_rate": 0.0
    },
    "C": {
      "n": 148,
      "slack_mean": -5.268333009349022,
      "n_violations": 0,
      "violation_rate": 0.0
    }
  }
}

=== Plot Type A ===
n_type_A=194
Wrote /home/WUR/lu087/Github/ect/src/aim3_addtive_chain_2/output/layer_14/figures/type_a_shared_trajectory.png
Done.
Distances: /home/WUR/lu087/Github/ect/src/aim3_addtive_chain_2/output/layer_14/trajectory_distances.jsonl
Summary:   /home/WUR/lu087/Github/ect/src/aim3_addtive_chain_2/output/layer_14/trajectory_summary.json
Figure:    /home/WUR/lu087/Github/ect/src/aim3_addtive_chain_2/output/layer_14/figures/type_a_shared_trajectory.png
