Using Python: /home/WUR/lu087/miniconda3/envs/ect/bin/python (Python 3.11.15)
=== Aim-3 Markov cloze factorization v6 ===
model_id=google/gemma-2-2b
design=markov_cloze_sequence_logprob_v6 layer=14/26
variants=['natural', 'shuffled_middles', 'reversed']
metric=d_M=-sum log π(target|cloze)  claim: π(n4|n1)?≈Π hops
corpus=/home/WUR/lu087/Github/ect/src/aim3_data_prep/data/tropical_geometry_corpus.json todo=534 done=4
[1/534] A_00004 …
  gap=-12.075 rel=-0.423 D=16.48 L=28.56
[2/534] A_00005 …
  gap=-10.231 rel=-0.379 D=16.73 L=26.96
[3/534] A_00006 …
  gap=-11.899 rel=-0.383 D=19.17 L=31.07
[4/534] A_00007 …
  gap=-9.523 rel=-0.342 D=18.36 L=27.88
[5/534] A_00008 …
  gap=-12.529 rel=-0.442 D=15.80 L=28.32
[6/534] A_00009 …
  gap=-16.583 rel=-0.499 D=16.67 L=33.25
[7/534] A_00010 …
  gap=-10.281 rel=-0.431 D=13.60 L=23.88
[8/534] A_00011 …
  gap=-15.258 rel=-0.550 D=12.47 L=27.73
[9/534] A_00012 …
  gap=-12.260 rel=-0.477 D=13.43 L=25.69
[10/534] A_00013 …
  gap=-23.172 rel=-0.618 D=14.31 L=37.48
[11/534] A_00014 …
  gap=-20.466 rel=-0.532 D=17.98 L=38.44
[12/534] A_00015 …
  gap=-41.631 rel=-0.816 D=9.39 L=51.02
[13/534] A_00016 …
  gap=-38.424 rel=-0.870 D=5.76 L=44.19
[14/534] A_00017 …
  gap=-21.361 rel=-0.729 D=7.94 L=29.30
[15/534] A_00018 …
  gap=-17.808 rel=-0.393 D=27.45 L=45.26
[16/534] A_00019 …
  gap=-16.731 rel=-0.556 D=13.35 L=30.08
[17/534] A_00020 …
  gap=-12.900 rel=-0.456 D=15.41 L=28.31
[18/534] A_00021 …
  gap=-23.411 rel=-0.612 D=14.85 L=38.26
[19/534] A_00022 …
  gap=-16.944 rel=-0.469 D=19.16 L=36.11
[20/534] A_00023 …
  gap=-25.175 rel=-0.675 D=12.11 L=37.28
[21/534] A_00024 …
  gap=-22.893 rel=-0.645 D=12.61 L=35.50
[22/534] A_00025 …
  gap=-15.253 rel=-0.655 D=8.04 L=23.30
[23/534] A_00026 …
  gap=-38.263 rel=-0.720 D=14.88 L=53.14
[24/534] A_00027 …
  gap=-14.181 rel=-0.557 D=11.30 L=25.48
[25/534] A_00028 …
  gap=-30.260 rel=-0.680 D=14.24 L=44.50
[26/534] A_00029 …
  gap=-35.314 rel=-0.666 D=17.69 L=53.00
[27/534] A_00030 …
  gap=-30.900 rel=-0.771 D=9.17 L=40.07
[28/534] A_00031 …
  gap=-18.687 rel=-0.579 D=13.61 L=32.29
[29/534] A_00032 …
  gap=-13.479 rel=-0.521 D=12.40 L=25.87
[30/534] A_00033 …
  gap=-20.702 rel=-0.599 D=13.88 L=34.58
[31/534] A_00034 …
  gap=-9.112 rel=-0.367 D=15.72 L=24.83
[32/534] A_00035 …
  gap=-17.771 rel=-0.559 D=14.03 L=31.80
[33/534] A_00036 …
  gap=-15.035 rel=-0.466 D=17.24 L=32.27
[34/534] A_00037 …
  gap=-17.512 rel=-0.446 D=21.78 L=39.29
[35/534] A_00038 …
  gap=-14.224 rel=-0.452 D=17.28 L=31.50
[36/534] A_00039 …
  gap=-14.679 rel=-0.480 D=15.90 L=30.58
[37/534] A_00040 …
  gap=-15.497 rel=-0.558 D=12.30 L=27.79
[38/534] A_00041 …
  gap=-16.810 rel=-0.551 D=13.67 L=30.48
[39/534] A_00042 …
  gap=-18.696 rel=-0.596 D=12.67 L=31.37
[40/534] A_00043 …
  gap=-10.587 rel=-0.408 D=15.36 L=25.95
[41/534] A_00044 …
  gap=-17.309 rel=-0.648 D=9.42 L=26.73
[42/534] A_00045 …
  gap=-17.725 rel=-0.609 D=11.38 L=29.10
[43/534] A_00046 …
  gap=-18.075 rel=-0.671 D=8.87 L=26.94
[44/534] A_00047 …
  gap=-17.251 rel=-0.505 D=16.88 L=34.13
[45/534] A_00048 …
  gap=-16.442 rel=-0.580 D=11.89 L=28.33
[46/534] A_00049 …
  gap=-12.775 rel=-0.426 D=17.20 L=29.98
[47/534] B_00050 …
[48/534] B_00051 …
[49/534] B_00052 …
[50/534] B_00053 …
[51/534] B_00054 …
[52/534] B_00055 …
[53/534] B_00056 …
[54/534] B_00057 …
[55/534] B_00058 …
[56/534] B_00059 …
[57/534] B_00060 …
[58/534] B_00061 …
[59/534] B_00062 …
[60/534] B_00063 …
[61/534] B_00064 …
[62/534] B_00065 …
[63/534] B_00066 …
[64/534] B_00067 …
[65/534] B_00068 …
[66/534] B_00069 …
[67/534] B_00070 …
[68/534] B_00071 …
[69/534] B_00072 …
[70/534] B_00073 …
[71/534] B_00074 …
[72/534] B_00075 …
[73/534] B_00076 …
[74/534] B_00077 …
[75/534] B_00078 …
[76/534] B_00079 …
[77/534] B_00080 …
[78/534] B_00081 …
[79/534] B_00082 …
[80/534] B_00083 …
[81/534] B_00084 …
[82/534] B_00085 …
[83/534] B_00086 …
[84/534] B_00087 …
[85/534] B_00088 …
[86/534] B_00089 …
[87/534] B_00090 …
[88/534] B_00091 …
[89/534] B_00092 …
[90/534] B_00093 …
[91/534] B_00094 …
[92/534] B_00095 …
[93/534] B_00096 …
[94/534] B_00097 …
[95/534] B_00098 …
[96/534] B_00099 …
[97/534] A_00100 …
  gap=-14.424 rel=-0.557 D=11.47 L=25.89
[98/534] A_00101 …
  gap=-20.084 rel=-0.636 D=11.51 L=31.60
[99/534] A_00102 …
  gap=-9.609 rel=-0.381 D=15.64 L=25.25
[100/534] A_00103 …
  gap=-13.499 rel=-0.501 D=13.42 L=26.92
[101/534] A_00104 …
  gap=-31.259 rel=-0.691 D=13.99 L=45.25
[102/534] A_00105 …
  gap=-22.130 rel=-0.707 D=9.17 L=31.30
[103/534] A_00106 …
  gap=-15.392 rel=-0.744 D=5.30 L=20.69
[104/534] A_00107 …
  gap=-15.929 rel=-0.576 D=11.74 L=27.67
[105/534] A_00108 …
  gap=-20.015 rel=-0.509 D=19.31 L=39.32
[106/534] A_00109 …
  gap=-10.061 rel=-0.429 D=13.39 L=23.45
[107/534] A_00110 …
  gap=-27.902 rel=-0.780 D=7.88 L=35.78
[108/534] A_00111 …
  gap=-14.901 rel=-0.504 D=14.69 L=29.59
[109/534] A_00112 …
  gap=-18.470 rel=-0.637 D=10.51 L=28.98
[110/534] A_00113 …
  gap=-12.506 rel=-0.503 D=12.37 L=24.87
[111/534] A_00114 …
  gap=-14.411 rel=-0.590 D=10.02 L=24.43
[112/534] A_00115 …
  gap=-24.109 rel=-0.722 D=9.27 L=33.38
[113/534] A_00116 …
  gap=-16.382 rel=-0.482 D=17.64 L=34.02
[114/534] A_00117 …
  gap=-15.794 rel=-0.590 D=10.96 L=26.75
[115/534] A_00118 …
  gap=-16.249 rel=-0.449 D=19.92 L=36.17
[116/534] A_00119 …
  gap=-22.258 rel=-0.747 D=7.56 L=29.81
[117/534] A_00120 …
  gap=-19.431 rel=-0.629 D=11.45 L=30.88
[118/534] A_00121 …
  gap=-22.279 rel=-0.730 D=8.22 L=30.50
[119/534] A_00122 …
  gap=-16.436 rel=-0.519 D=15.24 L=31.68
[120/534] A_00123 …
  gap=-23.612 rel=-0.680 D=11.11 L=34.72
[121/534] A_00124 …
  gap=-17.719 rel=-0.525 D=16.04 L=33.76
[122/534] A_00125 …
  gap=-14.206 rel=-0.565 D=10.93 L=25.13
[123/534] A_00126 …
  gap=-18.166 rel=-0.646 D=9.95 L=28.12
[124/534] A_00127 …
  gap=-20.701 rel=-0.676 D=9.91 L=30.61
[125/534] A_00128 …
  gap=-12.435 rel=-0.455 D=14.87 L=27.30
[126/534] A_00129 …
  gap=-27.066 rel=-0.591 D=18.71 L=45.78
[127/534] A_00130 …
  gap=-10.850 rel=-0.510 D=10.41 L=21.26
[128/534] A_00131 …
  gap=-12.781 rel=-0.505 D=12.53 L=25.31
[129/534] A_00132 …
  gap=-6.791 rel=-0.260 D=19.34 L=26.13
[130/534] A_00133 …
  gap=-17.193 rel=-0.695 D=7.55 L=24.75
[131/534] A_00134 …
  gap=-10.128 rel=-0.389 D=15.90 L=26.03
[132/534] A_00135 …
  gap=-17.062 rel=-0.544 D=14.28 L=31.34
[133/534] A_00136 …
  gap=-14.847 rel=-0.454 D=17.84 L=32.69
[134/534] A_00137 …
  gap=-22.787 rel=-0.643 D=12.65 L=35.43
[135/534] A_00138 …
  gap=-13.147 rel=-0.462 D=15.31 L=28.46
[136/534] A_00139 …
  gap=-26.758 rel=-0.654 D=14.18 L=40.94
[137/534] A_00140 …
  gap=-33.707 rel=-0.798 D=8.55 L=42.25
[138/534] A_00141 …
  gap=-35.876 rel=-0.739 D=12.68 L=48.56
[139/534] A_00142 …
  gap=-15.069 rel=-0.623 D=9.13 L=24.19
[140/534] A_00143 …
  gap=-13.278 rel=-0.414 D=18.80 L=32.08
[141/534] A_00144 …
  gap=-13.984 rel=-0.428 D=18.70 L=32.69
[142/534] A_00145 …
  gap=-13.768 rel=-0.490 D=14.34 L=28.10
[143/534] A_00146 …
  gap=-15.430 rel=-0.646 D=8.44 L=23.87
[144/534] A_00147 …
  gap=-12.923 rel=-0.456 D=15.43 L=28.35
[145/534] A_00148 …
  gap=-16.096 rel=-0.417 D=22.52 L=38.61
[146/534] A_00149 …
  gap=-38.328 rel=-0.803 D=9.39 L=47.72
[147/534] A_00150 …
  gap=-14.391 rel=-0.553 D=11.65 L=26.04
[148/534] A_00151 …
  gap=-19.201 rel=-0.659 D=9.95 L=29.15
[149/534] A_00152 …
  gap=-24.264 rel=-0.562 D=18.88 L=43.14
[150/534] A_00153 …
  gap=-12.987 rel=-0.400 D=19.49 L=32.48
[151/534] A_00154 …
  gap=-20.248 rel=-0.637 D=11.54 L=31.79
[152/534] A_00155 …
  gap=-6.343 rel=-0.310 D=14.14 L=20.49
[153/534] A_00156 …
  gap=-18.775 rel=-0.588 D=13.17 L=31.94
[154/534] A_00157 …
  gap=-14.489 rel=-0.461 D=16.92 L=31.41
[155/534] A_00158 …
  gap=-18.536 rel=-0.548 D=15.28 L=33.81
[156/534] A_00159 …
  gap=-16.989 rel=-0.472 D=19.01 L=36.00
[157/534] A_00160 …
  gap=-21.871 rel=-0.622 D=13.29 L=35.16
[158/534] A_00161 …
  gap=-16.167 rel=-0.569 D=12.25 L=28.41
[159/534] A_00162 …
  gap=-13.896 rel=-0.400 D=20.84 L=34.74
[160/534] A_00163 …
  gap=-12.847 rel=-0.506 D=12.54 L=25.38
[161/534] A_00164 …
  gap=-22.112 rel=-0.572 D=16.51 L=38.62
[162/534] A_00165 …
  gap=-16.705 rel=-0.604 D=10.96 L=27.66
[163/534] A_00166 …
  gap=-14.412 rel=-0.487 D=15.20 L=29.61
[164/534] A_00167 …
  gap=-20.964 rel=-0.651 D=11.25 L=32.21
[165/534] A_00168 …
  gap=-19.160 rel=-0.567 D=14.65 L=33.81
[166/534] A_00169 …
  gap=-35.279 rel=-0.739 D=12.48 L=47.76
[167/534] A_00170 …
  gap=-21.378 rel=-0.714 D=8.57 L=29.95
[168/534] A_00171 …
  gap=-20.758 rel=-0.531 D=18.34 L=39.10
[169/534] A_00172 …
  gap=-19.740 rel=-0.644 D=10.93 L=30.67
[170/534] A_00173 …
  gap=-25.632 rel=-0.773 D=7.55 L=33.18
[171/534] A_00174 …
  gap=-10.653 rel=-0.358 D=19.12 L=29.77
[172/534] A_00175 …
  gap=-28.063 rel=-0.777 D=8.08 L=36.14
[173/534] A_00176 …
  gap=-23.100 rel=-0.570 D=17.39 L=40.49
[174/534] A_00177 …
  gap=-17.415 rel=-0.640 D=9.78 L=27.20
[175/534] A_00178 …
  gap=-17.897 rel=-0.571 D=13.43 L=31.33
[176/534] A_00179 …
  gap=-11.882 rel=-0.503 D=11.74 L=23.62
[177/534] A_00180 …
  gap=-13.586 rel=-0.524 D=12.33 L=25.91
[178/534] A_00181 …
  gap=-11.989 rel=-0.488 D=12.56 L=24.55
[179/534] A_00182 …
  gap=-14.004 rel=-0.438 D=17.97 L=31.98
[180/534] A_00183 …
  gap=-23.179 rel=-0.615 D=14.53 L=37.71
[181/534] A_00184 …
  gap=-38.638 rel=-0.797 D=9.83 L=48.47
[182/534] A_00185 …
  gap=-16.704 rel=-0.590 D=11.60 L=28.31
[183/534] A_00186 …
  gap=-18.610 rel=-0.500 D=18.62 L=37.23
[184/534] A_00187 …
  gap=-13.662 rel=-0.518 D=12.73 L=26.39
[185/534] A_00188 …
  gap=-22.012 rel=-0.620 D=13.47 L=35.48
[186/534] A_00189 …
  gap=-21.215 rel=-0.715 D=8.46 L=29.67
[187/534] A_00190 …
  gap=-19.869 rel=-0.622 D=12.06 L=31.93
[188/534] A_00191 …
  gap=-28.178 rel=-0.649 D=15.24 L=43.42
[189/534] A_00192 …
  gap=-16.008 rel=-0.470 D=18.05 L=34.06
[190/534] A_00193 …
  gap=-16.092 rel=-0.603 D=10.61 L=26.70
[191/534] A_00194 …
  gap=-22.366 rel=-0.726 D=8.44 L=30.80
[192/534] A_00195 …
  gap=-16.448 rel=-0.478 D=17.98 L=34.43
[193/534] A_00196 …
  gap=-13.483 rel=-0.442 D=17.00 L=30.48
[194/534] A_00197 …
  gap=-22.902 rel=-0.730 D=8.48 L=31.38
[195/534] A_00198 …
  gap=-22.615 rel=-0.722 D=8.69 L=31.30
[196/534] A_00199 …
  gap=-19.285 rel=-0.644 D=10.66 L=29.95
[197/534] A_00200 …
  gap=-33.291 rel=-0.853 D=5.76 L=39.05
[198/534] A_00201 …
  gap=-38.250 rel=-0.802 D=9.46 L=47.71
[199/534] A_00202 …
  gap=-13.289 rel=-0.439 D=16.99 L=30.28
[200/534] A_00203 …
  gap=-18.086 rel=-0.511 D=17.32 L=35.41
[201/534] A_00204 …
  gap=-12.998 rel=-0.453 D=15.69 L=28.69
[202/534] A_00205 …
  gap=-14.203 rel=-0.483 D=15.22 L=29.42
[203/534] A_00206 …
  gap=-20.272 rel=-0.705 D=8.48 L=28.76
[204/534] A_00207 …
  gap=-21.260 rel=-0.701 D=9.05 L=30.31
[205/534] A_00208 …
  gap=-13.362 rel=-0.431 D=17.67 L=31.03
[206/534] A_00209 …
  gap=-28.669 rel=-0.669 D=14.16 L=42.82
[207/534] A_00210 …
  gap=-18.646 rel=-0.657 D=9.72 L=28.37
[208/534] A_00211 …
  gap=-27.028 rel=-0.769 D=8.11 L=35.14
[209/534] A_00212 …
  gap=-7.425 rel=-0.358 D=13.30 L=20.72
[210/534] A_00213 …
  gap=-15.729 rel=-0.501 D=15.66 L=31.39
[211/534] A_00214 …
  gap=-18.524 rel=-0.580 D=13.44 L=31.96
[212/534] A_00215 …
  gap=-19.577 rel=-0.720 D=7.62 L=27.20
[213/534] A_00216 …
  gap=-16.197 rel=-0.567 D=12.39 L=28.58
[214/534] A_00217 …
  gap=-18.945 rel=-0.596 D=12.82 L=31.76
[215/534] A_00218 …
  gap=-19.715 rel=-0.851 D=3.45 L=23.16
[216/534] A_00219 …
  gap=-21.275 rel=-0.649 D=11.53 L=32.80
[217/534] A_00220 …
  gap=-18.243 rel=-0.460 D=21.43 L=39.67
[218/534] A_00221 …
  gap=-20.222 rel=-0.585 D=14.37 L=34.60
[219/534] A_00222 …
  gap=-13.232 rel=-0.487 D=13.94 L=27.17
[220/534] A_00223 …
  gap=-17.106 rel=-0.548 D=14.12 L=31.23
[221/534] A_00224 …
  gap=-21.294 rel=-0.584 D=15.16 L=36.45
[222/534] A_00225 …
  gap=-12.444 rel=-0.452 D=15.07 L=27.51
[223/534] A_00226 …
  gap=-20.935 rel=-0.713 D=8.42 L=29.35
[224/534] A_00227 …
  gap=-19.399 rel=-0.746 D=6.61 L=26.01
[225/534] A_00228 …
  gap=-22.974 rel=-0.770 D=6.88 L=29.85
[226/534] A_00229 …
  gap=-23.767 rel=-0.690 D=10.68 L=34.44
[227/534] A_00230 …
  gap=-21.397 rel=-0.716 D=8.49 L=29.89
[228/534] A_00231 …
  gap=-10.861 rel=-0.440 D=13.84 L=24.70
[229/534] A_00232 …
  gap=-18.561 rel=-0.571 D=13.97 L=32.53
[230/534] A_00233 …
  gap=-25.519 rel=-0.609 D=16.41 L=41.93
[231/534] A_00234 …
  gap=-17.901 rel=-0.528 D=16.00 L=33.90
[232/534] A_00235 …
  gap=-15.730 rel=-0.480 D=17.02 L=32.75
[233/534] A_00236 …
  gap=-21.406 rel=-0.598 D=14.38 L=35.79
[234/534] A_00237 …
  gap=-18.619 rel=-0.676 D=8.91 L=27.53
[235/534] A_00238 …
  gap=-15.401 rel=-0.436 D=19.94 L=35.34
[236/534] A_00239 …
  gap=-17.807 rel=-0.689 D=8.04 L=25.85
[237/534] A_00240 …
  gap=-20.330 rel=-0.618 D=12.55 L=32.88
[238/534] A_00241 …
  gap=-17.736 rel=-0.747 D=6.01 L=23.74
[239/534] A_00242 …
  gap=-18.889 rel=-0.682 D=8.80 L=27.69
[240/534] A_00243 …
  gap=-26.976 rel=-0.654 D=14.26 L=41.24
[241/534] B_00244 …
[242/534] B_00245 …
[243/534] B_00246 …
[244/534] B_00247 …
[245/534] B_00248 …
[246/534] B_00249 …
[247/534] B_00250 …
[248/534] B_00251 …
[249/534] B_00252 …
[250/534] B_00253 …
[251/534] B_00254 …
[252/534] B_00255 …
[253/534] B_00256 …
[254/534] B_00257 …
[255/534] B_00258 …
[256/534] B_00259 …
[257/534] B_00260 …
[258/534] B_00261 …
[259/534] B_00262 …
[260/534] B_00263 …
[261/534] B_00264 …
[262/534] B_00265 …
[263/534] B_00266 …
[264/534] B_00267 …
[265/534] B_00268 …
[266/534] B_00269 …
[267/534] B_00270 …
[268/534] B_00271 …
[269/534] B_00272 …
[270/534] B_00273 …
[271/534] B_00274 …
[272/534] B_00275 …
[273/534] B_00276 …
[274/534] B_00277 …
[275/534] B_00278 …
[276/534] B_00279 …
[277/534] B_00280 …
[278/534] B_00281 …
[279/534] B_00282 …
[280/534] B_00283 …
[281/534] B_00284 …
[282/534] B_00285 …
[283/534] B_00286 …
[284/534] B_00287 …
[285/534] B_00288 …
[286/534] B_00289 …
[287/534] B_00290 …
[288/534] B_00291 …
[289/534] B_00292 …
[290/534] B_00293 …
[291/534] B_00294 …
[292/534] B_00295 …
[293/534] B_00296 …
[294/534] B_00297 …
[295/534] B_00298 …
[296/534] B_00299 …
[297/534] B_00300 …
[298/534] B_00301 …
[299/534] B_00302 …
[300/534] B_00303 …
[301/534] B_00304 …
[302/534] B_00305 …
[303/534] B_00306 …
[304/534] B_00307 …
[305/534] B_00308 …
[306/534] B_00309 …
[307/534] B_00310 …
[308/534] B_00311 …
[309/534] B_00312 …
[310/534] B_00313 …
[311/534] B_00314 …
[312/534] B_00315 …
[313/534] B_00316 …
[314/534] B_00317 …
[315/534] B_00318 …
[316/534] B_00319 …
[317/534] B_00320 …
[318/534] B_00321 …
[319/534] B_00322 …
[320/534] B_00323 …
[321/534] B_00324 …
[322/534] B_00325 …
[323/534] B_00326 …
[324/534] B_00327 …
[325/534] B_00328 …
[326/534] B_00329 …
[327/534] B_00330 …
[328/534] B_00331 …
[329/534] B_00332 …
[330/534] B_00333 …
[331/534] B_00334 …
[332/534] B_00335 …
[333/534] B_00336 …
[334/534] B_00337 …
[335/534] B_00338 …
[336/534] B_00339 …
[337/534] B_00340 …
[338/534] B_00341 …
[339/534] B_00342 …
[340/534] B_00343 …
[341/534] B_00344 …
[342/534] B_00345 …
[343/534] B_00346 …
[344/534] B_00347 …
[345/534] B_00348 …
[346/534] B_00349 …
[347/534] B_00350 …
[348/534] B_00351 …
[349/534] B_00352 …
[350/534] B_00353 …
[351/534] B_00354 …
[352/534] B_00355 …
[353/534] B_00356 …
[354/534] B_00357 …
[355/534] B_00358 …
[356/534] B_00359 …
[357/534] B_00360 …
[358/534] B_00361 …
[359/534] B_00362 …
[360/534] B_00363 …
[361/534] B_00364 …
[362/534] B_00365 …
[363/534] B_00366 …
[364/534] B_00367 …
[365/534] B_00368 …
[366/534] B_00369 …
[367/534] B_00370 …
[368/534] B_00371 …
[369/534] B_00372 …
[370/534] B_00373 …
[371/534] B_00374 …
[372/534] B_00375 …
[373/534] B_00376 …
[374/534] B_00377 …
[375/534] B_00378 …
[376/534] B_00379 …
[377/534] B_00380 …
[378/534] B_00381 …
[379/534] B_00382 …
[380/534] B_00383 …
[381/534] B_00384 …
[382/534] B_00385 …
[383/534] B_00386 …
[384/534] B_00387 …
[385/534] B_00388 …
[386/534] B_00389 …
[387/534] C_00390 …
[388/534] C_00391 …
[389/534] C_00392 …
[390/534] C_00393 …
[391/534] C_00394 …
[392/534] C_00395 …
[393/534] C_00396 …
[394/534] C_00397 …
[395/534] C_00398 …
[396/534] C_00399 …
[397/534] C_00400 …
[398/534] C_00401 …
[399/534] C_00402 …
[400/534] C_00403 …
[401/534] C_00404 …
[402/534] C_00405 …
[403/534] C_00406 …
[404/534] C_00407 …
[405/534] C_00408 …
[406/534] C_00409 …
[407/534] C_00410 …
[408/534] C_00411 …
[409/534] C_00412 …
[410/534] C_00413 …
[411/534] C_00414 …
[412/534] C_00415 …
[413/534] C_00416 …
[414/534] C_00417 …
[415/534] C_00418 …
[416/534] C_00419 …
[417/534] C_00420 …
[418/534] C_00421 …
[419/534] C_00422 …
[420/534] C_00423 …
[421/534] C_00424 …
[422/534] C_00425 …
[423/534] C_00426 …
[424/534] C_00427 …
[425/534] C_00428 …
[426/534] C_00429 …
[427/534] C_00430 …
[428/534] C_00431 …
[429/534] C_00432 …
[430/534] C_00433 …
[431/534] C_00434 …
[432/534] C_00435 …
[433/534] C_00436 …
[434/534] C_00437 …
[435/534] C_00438 …
[436/534] C_00439 …
[437/534] C_00440 …
[438/534] C_00441 …
[439/534] C_00442 …
[440/534] C_00443 …
[441/534] C_00444 …
[442/534] C_00445 …
[443/534] C_00446 …
[444/534] C_00447 …
[445/534] C_00448 …
[446/534] C_00449 …
[447/534] C_00450 …
[448/534] C_00451 …
[449/534] C_00452 …
[450/534] C_00453 …
[451/534] C_00454 …
[452/534] C_00455 …
[453/534] C_00456 …
[454/534] C_00457 …
[455/534] C_00458 …
[456/534] C_00459 …
[457/534] C_00460 …
[458/534] C_00461 …
[459/534] C_00462 …
[460/534] C_00463 …
[461/534] C_00464 …
[462/534] C_00465 …
[463/534] C_00466 …
[464/534] C_00467 …
[465/534] C_00468 …
[466/534] C_00469 …
[467/534] C_00470 …
[468/534] C_00471 …
[469/534] C_00472 …
[470/534] C_00473 …
[471/534] C_00474 …
[472/534] C_00475 …
[473/534] C_00476 …
[474/534] C_00477 …
[475/534] C_00478 …
[476/534] C_00479 …
[477/534] C_00480 …
[478/534] C_00481 …
[479/534] C_00482 …
[480/534] C_00483 …
[481/534] C_00484 …
[482/534] C_00485 …
[483/534] C_00486 …
[484/534] C_00487 …
[485/534] C_00488 …
[486/534] C_00489 …
[487/534] C_00490 …
[488/534] C_00491 …
[489/534] C_00492 …
[490/534] C_00493 …
[491/534] C_00494 …
[492/534] C_00495 …
[493/534] C_00496 …
[494/534] C_00497 …
[495/534] C_00498 …
[496/534] C_00499 …
[497/534] C_00500 …
[498/534] C_00501 …
[499/534] C_00502 …
[500/534] C_00503 …
[501/534] C_00504 …
[502/534] C_00505 …
[503/534] C_00506 …
[504/534] C_00507 …
[505/534] C_00508 …
[506/534] C_00509 …
[507/534] C_00510 …
[508/534] C_00511 …
[509/534] C_00512 …
[510/534] C_00513 …
[511/534] C_00514 …
[512/534] C_00515 …
[513/534] C_00516 …
[514/534] C_00517 …
[515/534] C_00518 …
[516/534] C_00519 …
[517/534] C_00520 …
[518/534] C_00521 …
[519/534] C_00522 …
[520/534] C_00523 …
[521/534] C_00524 …
[522/534] C_00525 …
[523/534] C_00526 …
[524/534] C_00527 …
[525/534] C_00528 …
[526/534] C_00529 …
[527/534] C_00530 …
[528/534] C_00531 …
[529/534] C_00532 …
[530/534] C_00533 …
[531/534] C_00534 …
[532/534] C_00535 …
[533/534] C_00536 …
[534/534] C_00537 …
Wrote distances → /home/WUR/lu087/Github/ect/src/aim3_additive_chain_6/output/layer_14/markov_ln_distances.jsonl
Wrote summary   → /home/WUR/lu087/Github/ect/src/aim3_additive_chain_6/output/layer_14/markov_ln_summary.json
{
  "layer_index": 14,
  "n_items": 538,
  "prompt_design": "markov_cloze_sequence_logprob_v6",
  "metric": "d_M=-sum log \u03c0(target|cloze)",
  "claim": "\u03c0(n4|n1) ?\u2248 \u03a0 \u03c0(n_{i+1}|n_i)",
  "by_type": {
    "A": {
      "n": 194,
      "by_variant": {
        "natural": {
          "n": 194,
          "gap_mean": -18.557510524079728,
          "gap_median": -17.722304940223694,
          "gap_frac_le_0": 1.0,
          "gap_near_zero_abs_lt_1": 0.0,
          "gap_near_zero_abs_lt_2": 0.0,
          "relative_gap_mean": -0.572026575427617,
          "relative_gap_median": -0.5709160731666469,
          "log_ratio_direct_over_product_mean": 18.558110778012445
        },
        "reversed": {
          "n": 194,
          "gap_mean": -17.39791743188092,
          "gap_median": -16.56664640828967,
          "gap_frac_le_0": 1.0,
          "gap_near_zero_abs_lt_1": 0.005154639175257732,
          "gap_near_zero_abs_lt_2": 0.005154639175257732,
          "relative_gap_mean": -0.508934403474281,
          "relative_gap_median": -0.5185900887872134,
          "log_ratio_direct_over_product_mean": 17.39791743188092
        },
        "shuffled_middles": {
          "n": 194,
          "gap_mean": -21.33229848540971,
          "gap_median": -20.27207299740985,
          "gap_frac_le_0": 1.0,
          "gap_near_zero_abs_lt_1": 0.0,
          "gap_near_zero_abs_lt_2": 0.0,
          "relative_gap_mean": -0.6094211513127199,
          "relative_gap_median": -0.5982965024663891,
          "log_ratio_direct_over_product_mean": 21.333162663179163
        }
      },
      "headline_natural": {
        "n": 194,
        "gap_mean": -18.557510524079728,
        "gap_median": -17.722304940223694,
        "gap_frac_le_0": 1.0,
        "gap_near_zero_abs_lt_1": 0.0,
        "gap_near_zero_abs_lt_2": 0.0,
        "relative_gap_mean": -0.572026575427617,
        "relative_gap_median": -0.5709160731666469,
        "log_ratio_direct_over_product_mean": 18.558110778012445
      }
    },
    "B": {
      "n": 196,
      "slack_mean": -37.933964034717555,
      "n_violations": 0,
      "violation_rate": 0.0
    },
    "C": {
      "n": 148,
      "slack_mean": -4.736277332227375,
      "n_violations": 22,
      "violation_rate": 0.14864864864864866
    }
  }
}

=== Plot Type A ===
n_type_A=194
Wrote /home/WUR/lu087/Github/ect/src/aim3_additive_chain_6/output/layer_14/figures/type_a_markov_factorization.png
Done.
Distances: /home/WUR/lu087/Github/ect/src/aim3_additive_chain_6/output/layer_14/markov_ln_distances.jsonl
Summary:   /home/WUR/lu087/Github/ect/src/aim3_additive_chain_6/output/layer_14/markov_ln_summary.json
Figure:    /home/WUR/lu087/Github/ect/src/aim3_additive_chain_6/output/layer_14/figures/type_a_markov_factorization.png
