Using Python: /home/WUR/lu087/miniconda3/envs/ect/bin/python (Python 3.11.15)
=== Aim-3 shared-trajectory TVD path v5 ===
model_id=google/gemma-2-2b
sae=gemma-scope-2b-pt-res-canonical / layer_14/width_16k/canonical
design=shared_trajectory_tvd_path_v5 layer=14/26
metric=TVD=(1/2)||π_a-π_b||_1  (SAE+J)
corpus=/home/WUR/lu087/Github/ect/src/aim3_data_prep/data/tropical_geometry_corpus.json todo=534 done=4
[1/534] A_00004 …
  SAE gap=-1.0087  J gap=-0.2495
[2/534] A_00005 …
  SAE gap=-0.9775  J gap=-0.1223
[3/534] A_00006 …
  SAE gap=-1.0283  J gap=-0.1938
[4/534] A_00007 …
  SAE gap=-1.1306  J gap=-0.2011
[5/534] A_00008 …
  SAE gap=-1.2267  J gap=-0.3224
[6/534] A_00009 …
  SAE gap=-1.1512  J gap=-0.1856
[7/534] A_00010 …
  SAE gap=-1.0141  J gap=-0.1104
[8/534] A_00011 …
  SAE gap=-1.0909  J gap=-0.2346
[9/534] A_00012 …
  SAE gap=-1.0927  J gap=-0.2562
[10/534] A_00013 …
  SAE gap=-1.2248  J gap=-0.2489
[11/534] A_00014 …
  SAE gap=-1.2756  J gap=-0.1833
[12/534] A_00015 …
  SAE gap=-1.4018  J gap=-0.3872
[13/534] A_00016 …
  SAE gap=-1.3791  J gap=-0.4520
[14/534] A_00017 …
  SAE gap=-1.2128  J gap=-0.1552
[15/534] A_00018 …
  SAE gap=-1.3230  J gap=-0.5025
[16/534] A_00019 …
  SAE gap=-1.2904  J gap=-0.1201
[17/534] A_00020 …
  SAE gap=-1.0744  J gap=-0.2326
[18/534] A_00021 …
  SAE gap=-1.2870  J gap=-0.2507
[19/534] A_00022 …
  SAE gap=-1.3018  J gap=-0.2120
[20/534] A_00023 …
  SAE gap=-1.1383  J gap=-0.1068
[21/534] A_00024 …
  SAE gap=-1.1444  J gap=-0.0950
[22/534] A_00025 …
  SAE gap=-1.0486  J gap=-0.1155
[23/534] A_00026 …
  SAE gap=-1.5331  J gap=-0.3353
[24/534] A_00027 …
  SAE gap=-1.1300  J gap=-0.2574
[25/534] A_00028 …
  SAE gap=-1.3063  J gap=-0.1112
[26/534] A_00029 …
  SAE gap=-1.1290  J gap=-0.2523
[27/534] A_00030 …
  SAE gap=-1.2684  J gap=-0.3973
[28/534] A_00031 …
  SAE gap=-1.1828  J gap=-0.0265
[29/534] A_00032 …
  SAE gap=-1.1127  J gap=-0.1731
[30/534] A_00033 …
  SAE gap=-1.2524  J gap=-0.2012
[31/534] A_00034 …
  SAE gap=-1.0223  J gap=-0.1899
[32/534] A_00035 …
  SAE gap=-1.0095  J gap=-0.2623
[33/534] A_00036 …
  SAE gap=-1.1402  J gap=-0.0832
[34/534] A_00037 …
  SAE gap=-1.1847  J gap=-0.1231
[35/534] A_00038 …
  SAE gap=-1.0832  J gap=-0.1261
[36/534] A_00039 …
  SAE gap=-1.0302  J gap=-0.0332
[37/534] A_00040 …
  SAE gap=-1.0836  J gap=-0.1863
[38/534] A_00041 …
  SAE gap=-1.2067  J gap=-0.1841
[39/534] A_00042 …
  SAE gap=-1.1615  J gap=-0.2246
[40/534] A_00043 …
  SAE gap=-0.9687  J gap=-0.0765
[41/534] A_00044 …
  SAE gap=-1.1266  J gap=-0.1710
[42/534] A_00045 …
  SAE gap=-1.1797  J gap=-0.5430
[43/534] A_00046 …
  SAE gap=-1.0465  J gap=-0.1686
[44/534] A_00047 …
  SAE gap=-1.1935  J gap=-0.1329
[45/534] A_00048 …
  SAE gap=-1.1588  J gap=-0.1600
[46/534] A_00049 …
  SAE gap=-1.2850  J gap=-0.1734
[47/534] B_00050 …
[48/534] B_00051 …
[49/534] B_00052 …
[50/534] B_00053 …
[51/534] B_00054 …
[52/534] B_00055 …
[53/534] B_00056 …
[54/534] B_00057 …
[55/534] B_00058 …
[56/534] B_00059 …
[57/534] B_00060 …
[58/534] B_00061 …
[59/534] B_00062 …
[60/534] B_00063 …
[61/534] B_00064 …
[62/534] B_00065 …
[63/534] B_00066 …
[64/534] B_00067 …
[65/534] B_00068 …
[66/534] B_00069 …
[67/534] B_00070 …
[68/534] B_00071 …
[69/534] B_00072 …
[70/534] B_00073 …
[71/534] B_00074 …
[72/534] B_00075 …
[73/534] B_00076 …
[74/534] B_00077 …
[75/534] B_00078 …
[76/534] B_00079 …
[77/534] B_00080 …
[78/534] B_00081 …
[79/534] B_00082 …
[80/534] B_00083 …
[81/534] B_00084 …
[82/534] B_00085 …
[83/534] B_00086 …
[84/534] B_00087 …
[85/534] B_00088 …
[86/534] B_00089 …
[87/534] B_00090 …
[88/534] B_00091 …
[89/534] B_00092 …
[90/534] B_00093 …
[91/534] B_00094 …
[92/534] B_00095 …
[93/534] B_00096 …
[94/534] B_00097 …
[95/534] B_00098 …
[96/534] B_00099 …
[97/534] A_00100 …
  SAE gap=-0.9387  J gap=-0.2065
[98/534] A_00101 …
  SAE gap=-1.0140  J gap=-0.1422
[99/534] A_00102 …
  SAE gap=-0.8970  J gap=-0.1630
[100/534] A_00103 …
  SAE gap=-1.0567  J gap=-0.1145
[101/534] A_00104 …
  SAE gap=-1.0298  J gap=-0.2466
[102/534] A_00105 …
  SAE gap=-1.0247  J gap=-0.2880
[103/534] A_00106 …
  SAE gap=-1.0856  J gap=-0.2196
[104/534] A_00107 …
  SAE gap=-1.0441  J gap=-0.0750
[105/534] A_00108 …
  SAE gap=-1.0479  J gap=-0.1999
[106/534] A_00109 …
  SAE gap=-1.1957  J gap=-0.3663
[107/534] A_00110 …
  SAE gap=-1.3467  J gap=-0.3369
[108/534] A_00111 …
  SAE gap=-1.2647  J gap=-0.2905
[109/534] A_00112 …
  SAE gap=-1.1459  J gap=-0.2687
[110/534] A_00113 …
  SAE gap=-1.1919  J gap=-0.2211
[111/534] A_00114 …
  SAE gap=-1.1658  J gap=-0.2074
[112/534] A_00115 …
  SAE gap=-0.9920  J gap=-0.1756
[113/534] A_00116 …
  SAE gap=-1.1815  J gap=-0.2529
[114/534] A_00117 …
  SAE gap=-1.2034  J gap=-0.2899
[115/534] A_00118 …
  SAE gap=-1.1696  J gap=-0.1295
[116/534] A_00119 …
  SAE gap=-1.1410  J gap=-0.3831
[117/534] A_00120 …
  SAE gap=-1.0793  J gap=-0.2419
[118/534] A_00121 …
  SAE gap=-1.0918  J gap=-0.2522
[119/534] A_00122 …
  SAE gap=-0.7611  J gap=-0.0423
[120/534] A_00123 …
  SAE gap=-1.0716  J gap=-0.1713
[121/534] A_00124 …
  SAE gap=-1.2254  J gap=-0.2334
[122/534] A_00125 …
  SAE gap=-1.2517  J gap=-0.1947
[123/534] A_00126 …
  SAE gap=-0.8291  J gap=-0.1913
[124/534] A_00127 …
  SAE gap=-1.1852  J gap=-0.1338
[125/534] A_00128 …
  SAE gap=-1.1153  J gap=-0.1540
[126/534] A_00129 …
  SAE gap=-1.0985  J gap=-0.1110
[127/534] A_00130 …
  SAE gap=-1.0090  J gap=-0.1906
[128/534] A_00131 …
  SAE gap=-0.9440  J gap=-0.1490
[129/534] A_00132 …
  SAE gap=-0.9871  J gap=-0.1848
[130/534] A_00133 …
  SAE gap=-1.2099  J gap=-0.2890
[131/534] A_00134 …
  SAE gap=-1.0274  J gap=-0.0557
[132/534] A_00135 …
  SAE gap=-1.3363  J gap=-0.0945
[133/534] A_00136 …
  SAE gap=-1.2227  J gap=-0.0976
[134/534] A_00137 …
  SAE gap=-1.0259  J gap=-0.1528
[135/534] A_00138 …
  SAE gap=-1.2233  J gap=-0.0950
[136/534] A_00139 …
  SAE gap=-1.3422  J gap=-0.1471
[137/534] A_00140 …
  SAE gap=-1.4915  J gap=-0.2032
[138/534] A_00141 …
  SAE gap=-0.8952  J gap=-0.1101
[139/534] A_00142 …
  SAE gap=-1.1542  J gap=-0.2287
[140/534] A_00143 …
  SAE gap=-1.1935  J gap=-0.3179
[141/534] A_00144 …
  SAE gap=-1.0840  J gap=-0.1807
[142/534] A_00145 …
  SAE gap=-1.1739  J gap=-0.1468
[143/534] A_00146 …
  SAE gap=-1.3237  J gap=-0.2194
[144/534] A_00147 …
  SAE gap=-1.2067  J gap=-0.1744
[145/534] A_00148 …
  SAE gap=-0.8929  J gap=-0.0991
[146/534] A_00149 …
  SAE gap=-1.0056  J gap=-0.1564
[147/534] A_00150 …
  SAE gap=-0.8314  J gap=-0.0929
[148/534] A_00151 …
  SAE gap=-1.1451  J gap=-0.1455
[149/534] A_00152 …
  SAE gap=-1.2231  J gap=-0.1684
[150/534] A_00153 …
  SAE gap=-1.1091  J gap=-0.1328
[151/534] A_00154 …
  SAE gap=-1.1533  J gap=-0.1689
[152/534] A_00155 …
  SAE gap=-1.1414  J gap=-0.1705
[153/534] A_00156 …
  SAE gap=-0.9710  J gap=-0.1369
[154/534] A_00157 …
  SAE gap=-0.9945  J gap=-0.0404
[155/534] A_00158 …
  SAE gap=-1.1189  J gap=-0.1404
[156/534] A_00159 …
  SAE gap=-1.3743  J gap=-0.1122
[157/534] A_00160 …
  SAE gap=-1.0994  J gap=-0.1654
[158/534] A_00161 …
  SAE gap=-1.2444  J gap=-0.1344
[159/534] A_00162 …
  SAE gap=-1.0374  J gap=-0.1662
[160/534] A_00163 …
  SAE gap=-1.0274  J gap=-0.1457
[161/534] A_00164 …
  SAE gap=-1.3286  J gap=-0.3201
[162/534] A_00165 …
  SAE gap=-0.9783  J gap=-0.1751
[163/534] A_00166 …
  SAE gap=-1.1181  J gap=-0.2085
[164/534] A_00167 …
  SAE gap=-1.0792  J gap=-0.1414
[165/534] A_00168 …
  SAE gap=-1.2365  J gap=-0.1785
[166/534] A_00169 …
  SAE gap=-1.1711  J gap=-0.2931
[167/534] A_00170 …
  SAE gap=-1.1604  J gap=-0.2595
[168/534] A_00171 …
  SAE gap=-1.3578  J gap=-0.1925
[169/534] A_00172 …
  SAE gap=-1.2487  J gap=-0.2403
[170/534] A_00173 …
  SAE gap=-0.9063  J gap=-0.1055
[171/534] A_00174 …
  SAE gap=-1.0779  J gap=-0.2204
[172/534] A_00175 …
  SAE gap=-1.1430  J gap=-0.2044
[173/534] A_00176 …
  SAE gap=-0.9157  J gap=-0.0475
[174/534] A_00177 …
  SAE gap=-0.8769  J gap=-0.0937
[175/534] A_00178 …
  SAE gap=-1.1134  J gap=-0.1986
[176/534] A_00179 …
  SAE gap=-1.0223  J gap=-0.0719
[177/534] A_00180 …
  SAE gap=-0.9281  J gap=-0.1602
[178/534] A_00181 …
  SAE gap=-0.9817  J gap=-0.1118
[179/534] A_00182 …
  SAE gap=-0.9347  J gap=-0.1270
[180/534] A_00183 …
  SAE gap=-1.1265  J gap=-0.1757
[181/534] A_00184 …
  SAE gap=-1.1667  J gap=-0.3321
[182/534] A_00185 …
  SAE gap=-1.1826  J gap=-0.1168
[183/534] A_00186 …
  SAE gap=-0.9720  J gap=-0.1863
[184/534] A_00187 …
  SAE gap=-0.9698  J gap=-0.1400
[185/534] A_00188 …
  SAE gap=-1.0520  J gap=-0.1999
[186/534] A_00189 …
  SAE gap=-0.9845  J gap=-0.1596
[187/534] A_00190 …
  SAE gap=-1.1009  J gap=-0.2242
[188/534] A_00191 …
  SAE gap=-1.0455  J gap=-0.1961
[189/534] A_00192 …
  SAE gap=-1.2508  J gap=-0.2089
[190/534] A_00193 …
  SAE gap=-1.0007  J gap=-0.1249
[191/534] A_00194 …
  SAE gap=-1.2043  J gap=-0.1485
[192/534] A_00195 …
  SAE gap=-1.1562  J gap=-0.1363
[193/534] A_00196 …
  SAE gap=-1.2831  J gap=-0.1387
[194/534] A_00197 …
  SAE gap=-1.0496  J gap=-0.1302
[195/534] A_00198 …
  SAE gap=-1.1524  J gap=-0.3504
[196/534] A_00199 …
  SAE gap=-1.0448  J gap=-0.0961
[197/534] A_00200 …
  SAE gap=-1.0443  J gap=-0.2975
[198/534] A_00201 …
  SAE gap=-0.8820  J gap=-0.1834
[199/534] A_00202 …
  SAE gap=-0.9983  J gap=-0.1974
[200/534] A_00203 …
  SAE gap=-1.1937  J gap=-0.1269
[201/534] A_00204 …
  SAE gap=-1.1834  J gap=-0.2017
[202/534] A_00205 …
  SAE gap=-0.9499  J gap=-0.0792
[203/534] A_00206 …
  SAE gap=-1.0137  J gap=-0.2505
[204/534] A_00207 …
  SAE gap=-1.0363  J gap=-0.2278
[205/534] A_00208 …
  SAE gap=-1.2152  J gap=-0.1549
[206/534] A_00209 …
  SAE gap=-1.1362  J gap=-0.2360
[207/534] A_00210 …
  SAE gap=-1.0232  J gap=-0.1828
[208/534] A_00211 …
  SAE gap=-0.9094  J gap=-0.1770
[209/534] A_00212 …
  SAE gap=-1.2168  J gap=-0.1620
[210/534] A_00213 …
  SAE gap=-0.9600  J gap=-0.1431
[211/534] A_00214 …
  SAE gap=-1.1706  J gap=-0.1456
[212/534] A_00215 …
  SAE gap=-1.0341  J gap=-0.2408
[213/534] A_00216 …
  SAE gap=-1.1965  J gap=-0.1815
[214/534] A_00217 …
  SAE gap=-1.3145  J gap=-0.2407
[215/534] A_00218 …
  SAE gap=-1.2422  J gap=-0.1838
[216/534] A_00219 …
  SAE gap=-1.0886  J gap=-0.3051
[217/534] A_00220 …
  SAE gap=-0.8707  J gap=-0.1137
[218/534] A_00221 …
  SAE gap=-1.1167  J gap=-0.1137
[219/534] A_00222 …
  SAE gap=-1.0678  J gap=-0.0940
[220/534] A_00223 …
  SAE gap=-1.0188  J gap=-0.1839
[221/534] A_00224 …
  SAE gap=-1.1223  J gap=-0.2635
[222/534] A_00225 …
  SAE gap=-1.0146  J gap=-0.2808
[223/534] A_00226 …
  SAE gap=-1.0652  J gap=-0.3929
[224/534] A_00227 …
  SAE gap=-0.9417  J gap=-0.2009
[225/534] A_00228 …
  SAE gap=-1.1059  J gap=-0.2053
[226/534] A_00229 …
  SAE gap=-1.1005  J gap=-0.1890
[227/534] A_00230 …
  SAE gap=-0.8572  J gap=-0.3298
[228/534] A_00231 …
  SAE gap=-0.8792  J gap=-0.1254
[229/534] A_00232 …
  SAE gap=-1.0075  J gap=-0.1001
[230/534] A_00233 …
  SAE gap=-0.8653  J gap=-0.1316
[231/534] A_00234 …
  SAE gap=-1.0280  J gap=-0.1240
[232/534] A_00235 …
  SAE gap=-1.0223  J gap=-0.1828
[233/534] A_00236 …
  SAE gap=-1.1151  J gap=-0.3235
[234/534] A_00237 …
  SAE gap=-0.9307  J gap=-0.1188
[235/534] A_00238 …
  SAE gap=-1.0741  J gap=-0.1826
[236/534] A_00239 …
  SAE gap=-0.8569  J gap=-0.4799
[237/534] A_00240 …
  SAE gap=-0.9973  J gap=-0.1247
[238/534] A_00241 …
  SAE gap=-1.3229  J gap=-0.3844
[239/534] A_00242 …
  SAE gap=-1.1983  J gap=-0.1971
[240/534] A_00243 …
  SAE gap=-0.8767  J gap=-0.1259
[241/534] B_00244 …
[242/534] B_00245 …
[243/534] B_00246 …
[244/534] B_00247 …
[245/534] B_00248 …
[246/534] B_00249 …
[247/534] B_00250 …
[248/534] B_00251 …
[249/534] B_00252 …
[250/534] B_00253 …
[251/534] B_00254 …
[252/534] B_00255 …
[253/534] B_00256 …
[254/534] B_00257 …
[255/534] B_00258 …
[256/534] B_00259 …
[257/534] B_00260 …
[258/534] B_00261 …
[259/534] B_00262 …
[260/534] B_00263 …
[261/534] B_00264 …
[262/534] B_00265 …
[263/534] B_00266 …
[264/534] B_00267 …
[265/534] B_00268 …
[266/534] B_00269 …
[267/534] B_00270 …
[268/534] B_00271 …
[269/534] B_00272 …
[270/534] B_00273 …
[271/534] B_00274 …
[272/534] B_00275 …
[273/534] B_00276 …
[274/534] B_00277 …
[275/534] B_00278 …
[276/534] B_00279 …
[277/534] B_00280 …
[278/534] B_00281 …
[279/534] B_00282 …
[280/534] B_00283 …
[281/534] B_00284 …
[282/534] B_00285 …
[283/534] B_00286 …
[284/534] B_00287 …
[285/534] B_00288 …
[286/534] B_00289 …
[287/534] B_00290 …
[288/534] B_00291 …
[289/534] B_00292 …
[290/534] B_00293 …
[291/534] B_00294 …
[292/534] B_00295 …
[293/534] B_00296 …
[294/534] B_00297 …
[295/534] B_00298 …
[296/534] B_00299 …
[297/534] B_00300 …
[298/534] B_00301 …
[299/534] B_00302 …
[300/534] B_00303 …
[301/534] B_00304 …
[302/534] B_00305 …
[303/534] B_00306 …
[304/534] B_00307 …
[305/534] B_00308 …
[306/534] B_00309 …
[307/534] B_00310 …
[308/534] B_00311 …
[309/534] B_00312 …
[310/534] B_00313 …
[311/534] B_00314 …
[312/534] B_00315 …
[313/534] B_00316 …
[314/534] B_00317 …
[315/534] B_00318 …
[316/534] B_00319 …
[317/534] B_00320 …
[318/534] B_00321 …
[319/534] B_00322 …
[320/534] B_00323 …
[321/534] B_00324 …
[322/534] B_00325 …
[323/534] B_00326 …
[324/534] B_00327 …
[325/534] B_00328 …
[326/534] B_00329 …
[327/534] B_00330 …
[328/534] B_00331 …
[329/534] B_00332 …
[330/534] B_00333 …
[331/534] B_00334 …
[332/534] B_00335 …
[333/534] B_00336 …
[334/534] B_00337 …
[335/534] B_00338 …
[336/534] B_00339 …
[337/534] B_00340 …
[338/534] B_00341 …
[339/534] B_00342 …
[340/534] B_00343 …
[341/534] B_00344 …
[342/534] B_00345 …
[343/534] B_00346 …
[344/534] B_00347 …
[345/534] B_00348 …
[346/534] B_00349 …
[347/534] B_00350 …
[348/534] B_00351 …
[349/534] B_00352 …
[350/534] B_00353 …
[351/534] B_00354 …
[352/534] B_00355 …
[353/534] B_00356 …
[354/534] B_00357 …
[355/534] B_00358 …
[356/534] B_00359 …
[357/534] B_00360 …
[358/534] B_00361 …
[359/534] B_00362 …
[360/534] B_00363 …
[361/534] B_00364 …
[362/534] B_00365 …
[363/534] B_00366 …
[364/534] B_00367 …
[365/534] B_00368 …
[366/534] B_00369 …
[367/534] B_00370 …
[368/534] B_00371 …
[369/534] B_00372 …
[370/534] B_00373 …
[371/534] B_00374 …
[372/534] B_00375 …
[373/534] B_00376 …
[374/534] B_00377 …
[375/534] B_00378 …
[376/534] B_00379 …
[377/534] B_00380 …
[378/534] B_00381 …
[379/534] B_00382 …
[380/534] B_00383 …
[381/534] B_00384 …
[382/534] B_00385 …
[383/534] B_00386 …
[384/534] B_00387 …
[385/534] B_00388 …
[386/534] B_00389 …
[387/534] C_00390 …
[388/534] C_00391 …
[389/534] C_00392 …
[390/534] C_00393 …
[391/534] C_00394 …
[392/534] C_00395 …
[393/534] C_00396 …
[394/534] C_00397 …
[395/534] C_00398 …
[396/534] C_00399 …
[397/534] C_00400 …
[398/534] C_00401 …
[399/534] C_00402 …
[400/534] C_00403 …
[401/534] C_00404 …
[402/534] C_00405 …
[403/534] C_00406 …
[404/534] C_00407 …
[405/534] C_00408 …
[406/534] C_00409 …
[407/534] C_00410 …
[408/534] C_00411 …
[409/534] C_00412 …
[410/534] C_00413 …
[411/534] C_00414 …
[412/534] C_00415 …
[413/534] C_00416 …
[414/534] C_00417 …
[415/534] C_00418 …
[416/534] C_00419 …
[417/534] C_00420 …
[418/534] C_00421 …
[419/534] C_00422 …
[420/534] C_00423 …
[421/534] C_00424 …
[422/534] C_00425 …
[423/534] C_00426 …
[424/534] C_00427 …
[425/534] C_00428 …
[426/534] C_00429 …
[427/534] C_00430 …
[428/534] C_00431 …
[429/534] C_00432 …
[430/534] C_00433 …
[431/534] C_00434 …
[432/534] C_00435 …
[433/534] C_00436 …
[434/534] C_00437 …
[435/534] C_00438 …
[436/534] C_00439 …
[437/534] C_00440 …
[438/534] C_00441 …
[439/534] C_00442 …
[440/534] C_00443 …
[441/534] C_00444 …
[442/534] C_00445 …
[443/534] C_00446 …
[444/534] C_00447 …
[445/534] C_00448 …
[446/534] C_00449 …
[447/534] C_00450 …
[448/534] C_00451 …
[449/534] C_00452 …
[450/534] C_00453 …
[451/534] C_00454 …
[452/534] C_00455 …
[453/534] C_00456 …
[454/534] C_00457 …
[455/534] C_00458 …
[456/534] C_00459 …
[457/534] C_00460 …
[458/534] C_00461 …
[459/534] C_00462 …
[460/534] C_00463 …
[461/534] C_00464 …
[462/534] C_00465 …
[463/534] C_00466 …
[464/534] C_00467 …
[465/534] C_00468 …
[466/534] C_00469 …
[467/534] C_00470 …
[468/534] C_00471 …
[469/534] C_00472 …
[470/534] C_00473 …
[471/534] C_00474 …
[472/534] C_00475 …
[473/534] C_00476 …
[474/534] C_00477 …
[475/534] C_00478 …
[476/534] C_00479 …
[477/534] C_00480 …
[478/534] C_00481 …
[479/534] C_00482 …
[480/534] C_00483 …
[481/534] C_00484 …
[482/534] C_00485 …
[483/534] C_00486 …
[484/534] C_00487 …
[485/534] C_00488 …
[486/534] C_00489 …
[487/534] C_00490 …
[488/534] C_00491 …
[489/534] C_00492 …
[490/534] C_00493 …
[491/534] C_00494 …
[492/534] C_00495 …
[493/534] C_00496 …
[494/534] C_00497 …
[495/534] C_00498 …
[496/534] C_00499 …
[497/534] C_00500 …
[498/534] C_00501 …
[499/534] C_00502 …
[500/534] C_00503 …
[501/534] C_00504 …
[502/534] C_00505 …
[503/534] C_00506 …
[504/534] C_00507 …
[505/534] C_00508 …
[506/534] C_00509 …
[507/534] C_00510 …
[508/534] C_00511 …
[509/534] C_00512 …
[510/534] C_00513 …
[511/534] C_00514 …
[512/534] C_00515 …
[513/534] C_00516 …
[514/534] C_00517 …
[515/534] C_00518 …
[516/534] C_00519 …
[517/534] C_00520 …
[518/534] C_00521 …
[519/534] C_00522 …
[520/534] C_00523 …
[521/534] C_00524 …
[522/534] C_00525 …
[523/534] C_00526 …
[524/534] C_00527 …
[525/534] C_00528 …
[526/534] C_00529 …
[527/534] C_00530 …
[528/534] C_00531 …
[529/534] C_00532 …
[530/534] C_00533 …
[531/534] C_00534 …
[532/534] C_00535 …
[533/534] C_00536 …
[534/534] C_00537 …
Wrote distances → /home/WUR/lu087/Github/ect/src/aim3_additive_chain_5/output/layer_14/tvd_path_distances.jsonl
Wrote summary   → /home/WUR/lu087/Github/ect/src/aim3_additive_chain_5/output/layer_14/tvd_path_summary.json
{
  "layer_index": 14,
  "n_items": 538,
  "prompt_design": "shared_trajectory_tvd_path_v5",
  "metric": "TVD=(1/2)||\u03c0_a-\u03c0_b||_1 on fingerprints",
  "by_type": {
    "A": {
      "n": 194,
      "sae_gap_mean": -1.1059470285767132,
      "sae_gap_median": -1.1034087240695953,
      "sae_gap_frac_le_0": 1.0,
      "sae_gap_near_zero_abs_lt_0_05": 0.0,
      "sae_gap_near_zero_abs_lt_0_1": 0.0,
      "j_gap_mean": -0.19183605533938125,
      "j_gap_median": -0.18106719106435776,
      "j_gap_frac_le_0": 1.0,
      "j_gap_near_zero_abs_lt_0_05": 0.02577319587628866,
      "j_gap_near_zero_abs_lt_0_1": 0.10309278350515463
    },
    "B": {
      "n": 196,
      "sae_slack_mean": -0.6326706625369131,
      "n_violations": 0,
      "violation_rate": 0.0
    },
    "C": {
      "n": 148,
      "sae_slack_mean": -0.9256225296774426,
      "n_violations": 0,
      "violation_rate": 0.0
    }
  }
}

=== Plot Type A ===
