Using Python: /home/WUR/lu087/miniconda3/envs/ect/bin/python (Python 3.11.15)
HF_HOME=/lustre/scratch/WUR/AIN/lu087/huggingface
model=google/gemma-2-9b  output_dir=/home/WUR/lu087/Github/ect/src/aim3_additive_chain_7/output_gemma-2-9b
=== Aim-3 calibration v7 ===
model_id=google/gemma-2-9b
design=calibration_v7 layer=14/42
chain_rule=all Type A; markov=short BPE≤2 variants=['natural', 'shuffled_middles']
corpus=/home/WUR/lu087/Github/ect/src/aim3_data_prep/data/tropical_geometry_corpus.json todo=194 done=0
[1/194] A_00000 …
  chain_rule_gap=-0.9938  (skip markov: long BPE)
[2/194] A_00001 …
  chain_rule_gap=-0.8625  (skip markov: long BPE)
[3/194] A_00002 …
  chain_rule_gap=-1.062  (skip markov: long BPE)
[4/194] A_00003 …
  chain_rule_gap=-1.117  (skip markov: long BPE)
[5/194] A_00004 …
  chain_rule_gap=-0.861  (skip markov: long BPE)
[6/194] A_00005 …
  chain_rule_gap=-0.7938  (skip markov: long BPE)
[7/194] A_00006 …
  chain_rule_gap=-0.864  (skip markov: long BPE)
[8/194] A_00007 …
  chain_rule_gap=-1.031  (skip markov: long BPE)
[9/194] A_00008 …
  chain_rule_gap=-2.379  (skip markov: long BPE)
[10/194] A_00009 …
  chain_rule_gap=-2.542  (skip markov: long BPE)
[11/194] A_00010 …
  chain_rule_gap=-0.9125  markov_gap=-9.521  rel=-0.440
[12/194] A_00011 …
  chain_rule_gap=-1.57  markov_gap=-18.641  rel=-0.589
[13/194] A_00012 …
  chain_rule_gap=-1.243  markov_gap=-13.586  rel=-0.528
[14/194] A_00013 …
  chain_rule_gap=-4.507  markov_gap=-27.440  rel=-0.668
[15/194] A_00014 …
  chain_rule_gap=-4.222  markov_gap=-25.600  rel=-0.543
[16/194] A_00015 …
  chain_rule_gap=-3.404  (skip markov: long BPE)
[17/194] A_00016 …
  chain_rule_gap=-2.571  (skip markov: long BPE)
[18/194] A_00017 …
  chain_rule_gap=-2.013  markov_gap=-19.231  rel=-0.678
[19/194] A_00018 …
  chain_rule_gap=-3.597  (skip markov: long BPE)
[20/194] A_00019 …
  chain_rule_gap=-3.09  (skip markov: long BPE)
[21/194] A_00020 …
  chain_rule_gap=-2.723  markov_gap=-14.854  rel=-0.457
[22/194] A_00021 …
  chain_rule_gap=-3.403  markov_gap=-24.761  rel=-0.590
[23/194] A_00022 …
  chain_rule_gap=-2.863  markov_gap=-21.329  rel=-0.502
[24/194] A_00023 …
  chain_rule_gap=-3.409  markov_gap=-17.501  rel=-0.527
[25/194] A_00024 …
  chain_rule_gap=-2.379  markov_gap=-22.802  rel=-0.567
[26/194] A_00025 …
  chain_rule_gap=-1.587  markov_gap=-16.013  rel=-0.667
[27/194] A_00026 …
  chain_rule_gap=-5.396  markov_gap=-43.929  rel=-0.800
[28/194] A_00027 …
  chain_rule_gap=-4.549  markov_gap=-16.117  rel=-0.550
[29/194] A_00028 …
  chain_rule_gap=-3.708  (skip markov: long BPE)
[30/194] A_00029 …
  chain_rule_gap=-5.056  (skip markov: long BPE)
[31/194] A_00030 …
  chain_rule_gap=-4.364  markov_gap=-34.938  rel=-0.854
[32/194] A_00031 …
  chain_rule_gap=-1.321  markov_gap=-18.802  rel=-0.642
[33/194] A_00032 …
  chain_rule_gap=-1.112  markov_gap=-19.020  rel=-0.618
[34/194] A_00033 …
  chain_rule_gap=-3.646  markov_gap=-20.652  rel=-0.647
[35/194] A_00034 …
  chain_rule_gap=-1.456  markov_gap=-17.731  rel=-0.556
[36/194] A_00035 …
  chain_rule_gap=-1.375  markov_gap=-18.012  rel=-0.648
[37/194] A_00036 …
  chain_rule_gap=-1.491  markov_gap=-19.436  rel=-0.595
[38/194] A_00037 …
  chain_rule_gap=-3.38  (skip markov: long BPE)
[39/194] A_00038 …
  chain_rule_gap=-1.831  markov_gap=-8.107  rel=-0.337
[40/194] A_00039 …
  chain_rule_gap=-1.831  markov_gap=-18.031  rel=-0.574
[41/194] A_00040 …
  chain_rule_gap=-4.724  markov_gap=-15.109  rel=-0.559
[42/194] A_00041 …
  chain_rule_gap=-2.789  markov_gap=-17.224  rel=-0.623
[43/194] A_00042 …
  chain_rule_gap=-1.357  markov_gap=-15.345  rel=-0.536
[44/194] A_00043 …
  chain_rule_gap=-1.192  markov_gap=-7.799  rel=-0.377
[45/194] A_00044 …
  chain_rule_gap=-1.193  markov_gap=-12.191  rel=-0.618
[46/194] A_00045 …
  chain_rule_gap=-1.776  markov_gap=-21.698  rel=-0.721
[47/194] A_00046 …
  chain_rule_gap=-1.639  markov_gap=-22.965  rel=-0.726
[48/194] A_00047 …
  chain_rule_gap=-2.577  markov_gap=-23.070  rel=-0.624
[49/194] A_00048 …
  chain_rule_gap=-2.234  markov_gap=-16.850  rel=-0.616
[50/194] A_00049 …
  chain_rule_gap=-3.82  markov_gap=-15.636  rel=-0.537
[51/194] A_00100 …
  chain_rule_gap=-1.224  (skip markov: long BPE)
[52/194] A_00101 …
  chain_rule_gap=-1.034  markov_gap=-23.769  rel=-0.688
[53/194] A_00102 …
  chain_rule_gap=-0.9918  markov_gap=-9.538  rel=-0.310
[54/194] A_00103 …
  chain_rule_gap=-1.03  markov_gap=-9.006  rel=-0.350
[55/194] A_00104 …
  chain_rule_gap=-2.296  markov_gap=-29.378  rel=-0.749
[56/194] A_00105 …
  chain_rule_gap=-1.189  markov_gap=-27.679  rel=-0.822
[57/194] A_00106 …
  chain_rule_gap=-1.322  markov_gap=-18.306  rel=-0.812
[58/194] A_00107 …
  chain_rule_gap=-0.947  (skip markov: long BPE)
[59/194] A_00108 …
  chain_rule_gap=-1.108  markov_gap=-20.309  rel=-0.515
[60/194] A_00109 …
  chain_rule_gap=-4.369  markov_gap=-12.225  rel=-0.495
[61/194] A_00110 …
  chain_rule_gap=-3.022  (skip markov: long BPE)
[62/194] A_00111 …
  chain_rule_gap=-1.934  markov_gap=-18.892  rel=-0.546
[63/194] A_00112 …
  chain_rule_gap=-1.308  markov_gap=-23.656  rel=-0.723
[64/194] A_00113 …
  chain_rule_gap=-1.414  markov_gap=-14.954  rel=-0.520
[65/194] A_00114 …
  chain_rule_gap=-1.204  markov_gap=-16.303  rel=-0.602
[66/194] A_00115 …
  chain_rule_gap=-1.179  markov_gap=-24.863  rel=-0.679
[67/194] A_00116 …
  chain_rule_gap=-1.761  markov_gap=-13.854  rel=-0.407
[68/194] A_00117 …
  chain_rule_gap=-1.102  markov_gap=-17.455  rel=-0.625
[69/194] A_00118 …
  chain_rule_gap=-1.008  (skip markov: long BPE)
[70/194] A_00119 …
  chain_rule_gap=-0.9564  (skip markov: long BPE)
[71/194] A_00120 …
  chain_rule_gap=-1.734  markov_gap=-19.636  rel=-0.614
[72/194] A_00121 …
  chain_rule_gap=-2.138  markov_gap=-22.779  rel=-0.755
[73/194] A_00122 …
  chain_rule_gap=-0.4456  (skip markov: long BPE)
[74/194] A_00123 …
  chain_rule_gap=-1.453  markov_gap=-25.860  rel=-0.729
[75/194] A_00124 …
  chain_rule_gap=-1.568  markov_gap=-23.339  rel=-0.639
[76/194] A_00125 …
  chain_rule_gap=-1.619  (skip markov: long BPE)
[77/194] A_00126 …
  chain_rule_gap=-0.8722  (skip markov: long BPE)
[78/194] A_00127 …
  chain_rule_gap=-2.356  markov_gap=-22.186  rel=-0.773
[79/194] A_00128 …
  chain_rule_gap=-2.29  markov_gap=-12.728  rel=-0.458
[80/194] A_00129 …
  chain_rule_gap=-1.313  (skip markov: long BPE)
[81/194] A_00130 …
  chain_rule_gap=-1.469  markov_gap=-10.346  rel=-0.450
[82/194] A_00131 …
  chain_rule_gap=-0.7573  (skip markov: long BPE)
[83/194] A_00132 …
  chain_rule_gap=-1.906  markov_gap=-12.303  rel=-0.503
[84/194] A_00133 …
  chain_rule_gap=-1.539  markov_gap=-15.192  rel=-0.620
[85/194] A_00134 …
  chain_rule_gap=-0.9306  (skip markov: long BPE)
[86/194] A_00135 …
  chain_rule_gap=-0.9565  (skip markov: long BPE)
[87/194] A_00136 …
  chain_rule_gap=-1.198  markov_gap=-21.663  rel=-0.591
[88/194] A_00137 …
  chain_rule_gap=-1.184  markov_gap=-19.276  rel=-0.654
[89/194] A_00138 …
  chain_rule_gap=-1.05  markov_gap=-14.329  rel=-0.464
[90/194] A_00139 …
  chain_rule_gap=-3.855  (skip markov: long BPE)
[91/194] A_00140 …
  chain_rule_gap=-4.62  (skip markov: long BPE)
[92/194] A_00141 …
  chain_rule_gap=-0.5007  (skip markov: long BPE)
[93/194] A_00142 …
  chain_rule_gap=-3.058  markov_gap=-22.301  rel=-0.717
[94/194] A_00143 …
  chain_rule_gap=-1.16  (skip markov: long BPE)
[95/194] A_00144 …
  chain_rule_gap=-1  (skip markov: long BPE)
[96/194] A_00145 …
  chain_rule_gap=-0.9121  markov_gap=-15.236  rel=-0.539
[97/194] A_00146 …
  chain_rule_gap=-1.861  (skip markov: long BPE)
[98/194] A_00147 …
  chain_rule_gap=-1.113  markov_gap=-14.654  rel=-0.530
[99/194] A_00148 …
  chain_rule_gap=-0.9586  (skip markov: long BPE)
[100/194] A_00149 …
  chain_rule_gap=-1.247  markov_gap=-47.267  rel=-0.848
[101/194] A_00150 …
  chain_rule_gap=-0.9286  (skip markov: long BPE)
[102/194] A_00151 …
  chain_rule_gap=-3.941  (skip markov: long BPE)
[103/194] A_00152 …
  chain_rule_gap=-1.497  (skip markov: long BPE)
[104/194] A_00153 …
  chain_rule_gap=-0.9659  markov_gap=-19.379  rel=-0.509
[105/194] A_00154 …
  chain_rule_gap=-1.61  markov_gap=-23.658  rel=-0.749
[106/194] A_00155 …
  chain_rule_gap=-1.048  markov_gap=-8.120  rel=-0.333
[107/194] A_00156 …
  chain_rule_gap=-1.175  markov_gap=-22.845  rel=-0.595
[108/194] A_00157 …
  chain_rule_gap=-1.014  (skip markov: long BPE)
[109/194] A_00158 …
  chain_rule_gap=-1.706  (skip markov: long BPE)
[110/194] A_00159 …
  chain_rule_gap=-2.017  (skip markov: long BPE)
[111/194] A_00160 …
  chain_rule_gap=-1.857  markov_gap=-20.676  rel=-0.637
[112/194] A_00161 …
  chain_rule_gap=-1.703  (skip markov: long BPE)
[113/194] A_00162 …
  chain_rule_gap=-0.953  (skip markov: long BPE)
[114/194] A_00163 …
  chain_rule_gap=-1.469  (skip markov: long BPE)
[115/194] A_00164 …
  chain_rule_gap=-2.597  (skip markov: long BPE)
[116/194] A_00165 …
  chain_rule_gap=-0.6494  markov_gap=-18.717  rel=-0.642
[117/194] A_00166 …
  chain_rule_gap=-2.172  markov_gap=-20.072  rel=-0.591
[118/194] A_00167 …
  chain_rule_gap=-0.812  (skip markov: long BPE)
[119/194] A_00168 …
  chain_rule_gap=-0.8807  (skip markov: long BPE)
[120/194] A_00169 …
  chain_rule_gap=-2.445  (skip markov: long BPE)
[121/194] A_00170 …
  chain_rule_gap=-1.595  markov_gap=-26.858  rel=-0.726
[122/194] A_00171 …
  chain_rule_gap=-1.66  (skip markov: long BPE)
[123/194] A_00172 …
  chain_rule_gap=-0.9933  (skip markov: long BPE)
[124/194] A_00173 …
  chain_rule_gap=-1.297  markov_gap=-24.842  rel=-0.785
[125/194] A_00174 …
  chain_rule_gap=-0.7165  markov_gap=-13.851  rel=-0.438
[126/194] A_00175 …
  chain_rule_gap=-1.418  markov_gap=-29.421  rel=-0.828
[127/194] A_00176 …
  chain_rule_gap=-1.048  (skip markov: long BPE)
[128/194] A_00177 …
  chain_rule_gap=-0.9949  (skip markov: long BPE)
[129/194] A_00178 …
  chain_rule_gap=-4.336  (skip markov: long BPE)
[130/194] A_00179 …
  chain_rule_gap=-0.6081  (skip markov: long BPE)
[131/194] A_00180 …
  chain_rule_gap=-0.9015  markov_gap=-16.216  rel=-0.608
[132/194] A_00181 …
  chain_rule_gap=-0.7502  (skip markov: long BPE)
[133/194] A_00182 …
  chain_rule_gap=-0.7287  (skip markov: long BPE)
[134/194] A_00183 …
  chain_rule_gap=-0.8278  (skip markov: long BPE)
[135/194] A_00184 …
  chain_rule_gap=-1.048  (skip markov: long BPE)
[136/194] A_00185 …
  chain_rule_gap=-1.304  markov_gap=-18.742  rel=-0.631
[137/194] A_00186 …
  chain_rule_gap=-1.008  (skip markov: long BPE)
[138/194] A_00187 …
  chain_rule_gap=-1.156  markov_gap=-14.686  rel=-0.589
[139/194] A_00188 …
  chain_rule_gap=-2.057  markov_gap=-23.329  rel=-0.603
[140/194] A_00189 …
  chain_rule_gap=-0.773  markov_gap=-22.600  rel=-0.746
[141/194] A_00190 …
  chain_rule_gap=-1.11  markov_gap=-26.037  rel=-0.731
[142/194] A_00191 …
  chain_rule_gap=-3.022  (skip markov: long BPE)
[143/194] A_00192 …
  chain_rule_gap=-0.8724  (skip markov: long BPE)
[144/194] A_00193 …
  chain_rule_gap=-0.8356  markov_gap=-18.862  rel=-0.691
[145/194] A_00194 …
  chain_rule_gap=-1.35  markov_gap=-27.143  rel=-0.758
[146/194] A_00195 …
  chain_rule_gap=-1.037  (skip markov: long BPE)
[147/194] A_00196 …
  chain_rule_gap=-1.398  (skip markov: long BPE)
[148/194] A_00197 …
  chain_rule_gap=-1.192  (skip markov: long BPE)
[149/194] A_00198 …
  chain_rule_gap=-0.9699  (skip markov: long BPE)
[150/194] A_00199 …
  chain_rule_gap=-1.008  (skip markov: long BPE)
[151/194] A_00200 …
  chain_rule_gap=-1.479  markov_gap=-31.619  rel=-0.867
[152/194] A_00201 …
  chain_rule_gap=-0.6563  (skip markov: long BPE)
[153/194] A_00202 …
  chain_rule_gap=-1.466  markov_gap=-16.260  rel=-0.519
[154/194] A_00203 …
  chain_rule_gap=-0.8254  (skip markov: long BPE)
[155/194] A_00204 …
  chain_rule_gap=-0.899  (skip markov: long BPE)
[156/194] A_00205 …
  chain_rule_gap=-0.7106  (skip markov: long BPE)
[157/194] A_00206 …
  chain_rule_gap=-0.9418  markov_gap=-28.788  rel=-0.821
[158/194] A_00207 …
  chain_rule_gap=-1.091  markov_gap=-23.753  rel=-0.782
[159/194] A_00208 …
  chain_rule_gap=-1.385  markov_gap=-19.577  rel=-0.570
[160/194] A_00209 …
  chain_rule_gap=-1.527  markov_gap=-28.181  rel=-0.661
[161/194] A_00210 …
  chain_rule_gap=-1.54  markov_gap=-24.002  rel=-0.744
[162/194] A_00211 …
  chain_rule_gap=-0.9221  markov_gap=-17.408  rel=-0.726
[163/194] A_00212 …
  chain_rule_gap=-1.19  markov_gap=-6.977  rel=-0.316
[164/194] A_00213 …
  chain_rule_gap=-0.9195  markov_gap=-15.014  rel=-0.480
[165/194] A_00214 …
  chain_rule_gap=-2.584  (skip markov: long BPE)
[166/194] A_00215 …
  chain_rule_gap=-0.9086  markov_gap=-21.069  rel=-0.734
[167/194] A_00216 …
  chain_rule_gap=-0.8218  (skip markov: long BPE)
[168/194] A_00217 …
  chain_rule_gap=-2.243  markov_gap=-18.388  rel=-0.627
[169/194] A_00218 …
  chain_rule_gap=-1.474  (skip markov: long BPE)
[170/194] A_00219 …
  chain_rule_gap=-2.529  (skip markov: long BPE)
[171/194] A_00220 …
  chain_rule_gap=-1.125  (skip markov: long BPE)
[172/194] A_00221 …
  chain_rule_gap=-0.9873  (skip markov: long BPE)
[173/194] A_00222 …
  chain_rule_gap=-1.176  markov_gap=-14.348  rel=-0.507
[174/194] A_00223 …
  chain_rule_gap=-0.9031  (skip markov: long BPE)
[175/194] A_00224 …
  chain_rule_gap=-0.8834  markov_gap=-19.536  rel=-0.591
[176/194] A_00225 …
  chain_rule_gap=-1.343  markov_gap=-16.642  rel=-0.601
[177/194] A_00226 …
  chain_rule_gap=-1.285  markov_gap=-21.091  rel=-0.622
[178/194] A_00227 …
  chain_rule_gap=-0.8511  markov_gap=-21.605  rel=-0.815
[179/194] A_00228 …
  chain_rule_gap=-1.453  (skip markov: long BPE)
[180/194] A_00229 …
  chain_rule_gap=-1.421  markov_gap=-23.950  rel=-0.685
[181/194] A_00230 …
  chain_rule_gap=-1.145  markov_gap=-19.092  rel=-0.713
[182/194] A_00231 …
  chain_rule_gap=-0.8063  markov_gap=-10.793  rel=-0.424
[183/194] A_00232 …
  chain_rule_gap=-0.9439  markov_gap=-16.928  rel=-0.610
[184/194] A_00233 …
  chain_rule_gap=-0.8094  (skip markov: long BPE)
[185/194] A_00234 …
  chain_rule_gap=-0.662  (skip markov: long BPE)
[186/194] A_00235 …
  chain_rule_gap=-0.995  markov_gap=-13.473  rel=-0.390
[187/194] A_00236 …
  chain_rule_gap=-0.8131  (skip markov: long BPE)
[188/194] A_00237 …
  chain_rule_gap=-0.2965  markov_gap=-20.465  rel=-0.715
[189/194] A_00238 …
  chain_rule_gap=-1.501  (skip markov: long BPE)
[190/194] A_00239 …
  chain_rule_gap=-1.092  (skip markov: long BPE)
[191/194] A_00240 …
  chain_rule_gap=-1.022  (skip markov: long BPE)
[192/194] A_00241 …
  chain_rule_gap=-1.348  markov_gap=-20.111  rel=-0.775
[193/194] A_00242 …
  chain_rule_gap=-0.8136  (skip markov: long BPE)
[194/194] A_00243 …
  chain_rule_gap=-0.7331  markov_gap=-22.965  rel=-0.595
Wrote distances → /home/WUR/lu087/Github/ect/src/aim3_additive_chain_7/output_gemma-2-9b/layer_14/calibration_distances.jsonl
Wrote summary   → /home/WUR/lu087/Github/ect/src/aim3_additive_chain_7/output_gemma-2-9b/layer_14/calibration_summary.json
{
  "layer_index": 14,
  "n_items": 194,
  "prompt_design": "calibration_chain_rule_and_short_markov_v7",
  "chain_rule": {
    "n": 194,
    "gap_mean": -1.635354284370665,
    "gap_median": -1.2447543404996395,
    "gap_mae": 1.635354284370665,
    "gap_max_abs": 5.395997762680054,
    "frac_abs_lt_1e-3": 0.0,
    "frac_abs_lt_1e-2": 0.0,
    "frac_abs_lt_0_1": 0.0,
    "interpretation": "gap\u22480 \u21d2 joint vs factorized scoring is consistent (tautology)"
  },
  "short_markov": {
    "n_short": 108,
    "by_variant": {
      "natural": {
        "n": 108,
        "gap_mean": -19.641805233123403,
        "gap_median": -19.161399006843567,
        "gap_near_zero_abs_lt_1": 0.0,
        "gap_near_zero_abs_lt_2": 0.0,
        "relative_gap_mean": -0.6140749244457302
      },
      "shuffled_middles": {
        "n": 108,
        "gap_mean": -22.690098250095076,
        "gap_median": -22.189894676208496,
        "gap_near_zero_abs_lt_1": 0.0,
        "gap_near_zero_abs_lt_2": 0.0,
        "relative_gap_mean": -0.6538146027082147
      }
    },
    "paired_natural_closer_than_shuffled": 0.7870370370370371,
    "paired_natural_less_negative_than_shuffled": 0.7870370370370371
  }
}

=== Plot ===
n=194
Wrote /home/WUR/lu087/Github/ect/src/aim3_additive_chain_7/output_gemma-2-9b/layer_14/figures/type_a_calibration.png
Done.
Distances: /home/WUR/lu087/Github/ect/src/aim3_additive_chain_7/output_gemma-2-9b/layer_14/calibration_distances.jsonl
Summary:   /home/WUR/lu087/Github/ect/src/aim3_additive_chain_7/output_gemma-2-9b/layer_14/calibration_summary.json
Figure:    /home/WUR/lu087/Github/ect/src/aim3_additive_chain_7/output_gemma-2-9b/layer_14/figures/type_a_calibration.png
