Using Python: /home/WUR/lu087/miniconda3/envs/ect/bin/python (Python 3.11.15)
HF_HOME=/lustre/scratch/WUR/AIN/lu087/huggingface
model=google/gemma-2-9b  output_dir=/home/WUR/lu087/Github/ect/src/aim3_additive_chain_6/output_gemma-2-9b
=== Aim-3 Markov cloze factorization v6 ===
model_id=google/gemma-2-9b
design=markov_cloze_sequence_logprob_v6 layer=14/42
variants=['natural', 'shuffled_middles', 'reversed']
metric=d_M=-sum log π(target|cloze)  claim: π(n4|n1)?≈Π hops
corpus=/home/WUR/lu087/Github/ect/src/aim3_data_prep/data/tropical_geometry_corpus.json todo=538 done=0
[1/538] A_00000 …
  gap=-11.765 rel=-0.489 D=12.31 L=24.08
[2/538] A_00001 …
  gap=-10.290 rel=-0.412 D=14.69 L=24.98
[3/538] A_00002 …
  gap=-15.486 rel=-0.542 D=13.11 L=28.60
[4/538] A_00003 …
  gap=-10.457 rel=-0.316 D=22.60 L=33.05
[5/538] A_00004 …
  gap=-14.005 rel=-0.397 D=21.25 L=35.25
[6/538] A_00005 …
  gap=-13.543 rel=-0.480 D=14.69 L=28.23
[7/538] A_00006 …
  gap=-13.065 rel=-0.453 D=15.75 L=28.82
[8/538] A_00007 …
  gap=-7.639 rel=-0.345 D=14.50 L=22.14
[9/538] A_00008 …
  gap=-9.037 rel=-0.375 D=15.06 L=24.10
[10/538] A_00009 …
  gap=-19.245 rel=-0.560 D=15.12 L=34.37
[11/538] A_00010 …
  gap=-9.521 rel=-0.440 D=12.12 L=21.64
[12/538] A_00011 …
  gap=-18.641 rel=-0.589 D=13.00 L=31.64
[13/538] A_00012 …
  gap=-13.586 rel=-0.528 D=12.13 L=25.72
[14/538] A_00013 …
  gap=-27.440 rel=-0.668 D=13.63 L=41.07
[15/538] A_00014 …
  gap=-25.600 rel=-0.543 D=21.57 L=47.17
[16/538] A_00015 …
  gap=-48.667 rel=-0.852 D=8.49 L=57.15
[17/538] A_00016 …
  gap=-40.321 rel=-0.895 D=4.74 L=45.06
[18/538] A_00017 …
  gap=-19.231 rel=-0.678 D=9.12 L=28.35
[19/538] A_00018 …
  gap=-24.130 rel=-0.523 D=21.99 L=46.12
[20/538] A_00019 …
  gap=-20.771 rel=-0.592 D=14.34 L=35.12
[21/538] A_00020 …
  gap=-14.854 rel=-0.457 D=17.66 L=32.51
[22/538] A_00021 …
  gap=-24.761 rel=-0.590 D=17.18 L=41.95
[23/538] A_00022 …
  gap=-21.329 rel=-0.502 D=21.16 L=42.49
[24/538] A_00023 …
  gap=-17.501 rel=-0.527 D=15.70 L=33.20
[25/538] A_00024 …
  gap=-22.802 rel=-0.567 D=17.45 L=40.25
[26/538] A_00025 …
  gap=-16.013 rel=-0.667 D=8.01 L=24.02
[27/538] A_00026 …
  gap=-43.929 rel=-0.800 D=10.99 L=54.92
[28/538] A_00027 …
  gap=-16.117 rel=-0.550 D=13.19 L=29.31
[29/538] A_00028 …
  gap=-29.407 rel=-0.645 D=16.17 L=45.58
[30/538] A_00029 …
  gap=-32.161 rel=-0.633 D=18.66 L=50.82
[31/538] A_00030 …
  gap=-34.938 rel=-0.854 D=5.99 L=40.93
[32/538] A_00031 …
  gap=-18.802 rel=-0.642 D=10.49 L=29.30
[33/538] A_00032 …
  gap=-19.020 rel=-0.618 D=11.76 L=30.78
[34/538] A_00033 …
  gap=-20.652 rel=-0.647 D=11.25 L=31.90
[35/538] A_00034 …
  gap=-17.731 rel=-0.556 D=14.13 L=31.86
[36/538] A_00035 …
  gap=-18.012 rel=-0.648 D=9.76 L=27.78
[37/538] A_00036 …
  gap=-19.436 rel=-0.595 D=13.22 L=32.66
[38/538] A_00037 …
  gap=-20.853 rel=-0.540 D=17.75 L=38.60
[39/538] A_00038 …
  gap=-8.107 rel=-0.337 D=15.95 L=24.06
[40/538] A_00039 …
  gap=-18.031 rel=-0.574 D=13.39 L=31.42
[41/538] A_00040 …
  gap=-15.109 rel=-0.559 D=11.90 L=27.01
[42/538] A_00041 …
  gap=-17.224 rel=-0.623 D=10.40 L=27.62
[43/538] A_00042 …
  gap=-15.345 rel=-0.536 D=13.28 L=28.62
[44/538] A_00043 …
  gap=-7.799 rel=-0.377 D=12.90 L=20.70
[45/538] A_00044 …
  gap=-12.191 rel=-0.618 D=7.53 L=19.72
[46/538] A_00045 …
  gap=-21.698 rel=-0.721 D=8.41 L=30.11
[47/538] A_00046 …
  gap=-22.965 rel=-0.726 D=8.67 L=31.63
[48/538] A_00047 …
  gap=-23.070 rel=-0.624 D=13.91 L=36.98
[49/538] A_00048 …
  gap=-16.850 rel=-0.616 D=10.49 L=27.34
[50/538] A_00049 …
  gap=-15.636 rel=-0.537 D=13.49 L=29.13
[51/538] B_00050 …
[52/538] B_00051 …
[53/538] B_00052 …
[54/538] B_00053 …
[55/538] B_00054 …
[56/538] B_00055 …
[57/538] B_00056 …
[58/538] B_00057 …
[59/538] B_00058 …
[60/538] B_00059 …
[61/538] B_00060 …
[62/538] B_00061 …
[63/538] B_00062 …
[64/538] B_00063 …
[65/538] B_00064 …
[66/538] B_00065 …
[67/538] B_00066 …
[68/538] B_00067 …
[69/538] B_00068 …
[70/538] B_00069 …
[71/538] B_00070 …
[72/538] B_00071 …
[73/538] B_00072 …
[74/538] B_00073 …
[75/538] B_00074 …
[76/538] B_00075 …
[77/538] B_00076 …
[78/538] B_00077 …
[79/538] B_00078 …
[80/538] B_00079 …
[81/538] B_00080 …
[82/538] B_00081 …
[83/538] B_00082 …
[84/538] B_00083 …
[85/538] B_00084 …
[86/538] B_00085 …
[87/538] B_00086 …
[88/538] B_00087 …
[89/538] B_00088 …
[90/538] B_00089 …
[91/538] B_00090 …
[92/538] B_00091 …
[93/538] B_00092 …
[94/538] B_00093 …
[95/538] B_00094 …
[96/538] B_00095 …
[97/538] B_00096 …
[98/538] B_00097 …
[99/538] B_00098 …
[100/538] B_00099 …
[101/538] A_00100 …
  gap=-18.015 rel=-0.654 D=9.55 L=27.57
[102/538] A_00101 …
  gap=-23.769 rel=-0.688 D=10.77 L=34.54
[103/538] A_00102 …
  gap=-9.538 rel=-0.310 D=21.20 L=30.74
[104/538] A_00103 …
  gap=-9.006 rel=-0.350 D=16.75 L=25.76
[105/538] A_00104 …
  gap=-29.378 rel=-0.749 D=9.84 L=39.22
[106/538] A_00105 …
  gap=-27.679 rel=-0.822 D=5.99 L=33.67
[107/538] A_00106 …
  gap=-18.306 rel=-0.812 D=4.23 L=22.53
[108/538] A_00107 …
  gap=-17.165 rel=-0.644 D=9.47 L=26.64
[109/538] A_00108 …
  gap=-20.309 rel=-0.515 D=19.15 L=39.46
[110/538] A_00109 …
  gap=-12.225 rel=-0.495 D=12.47 L=24.69
[111/538] A_00110 …
  gap=-31.537 rel=-0.863 D=5.00 L=36.54
[112/538] A_00111 …
  gap=-18.892 rel=-0.546 D=15.71 L=34.60
[113/538] A_00112 …
  gap=-23.656 rel=-0.723 D=9.07 L=32.73
[114/538] A_00113 …
  gap=-14.954 rel=-0.520 D=13.80 L=28.75
[115/538] A_00114 …
  gap=-16.303 rel=-0.602 D=10.78 L=27.09
[116/538] A_00115 …
  gap=-24.863 rel=-0.679 D=11.75 L=36.61
[117/538] A_00116 …
  gap=-13.854 rel=-0.407 D=20.15 L=34.01
[118/538] A_00117 …
  gap=-17.455 rel=-0.625 D=10.46 L=27.91
[119/538] A_00118 …
  gap=-19.047 rel=-0.529 D=16.93 L=35.97
[120/538] A_00119 …
  gap=-25.682 rel=-0.763 D=7.97 L=33.65
[121/538] A_00120 …
  gap=-19.636 rel=-0.614 D=12.32 L=31.96
[122/538] A_00121 …
  gap=-22.779 rel=-0.755 D=7.39 L=30.17
[123/538] A_00122 …
  gap=-21.041 rel=-0.572 D=15.76 L=36.80
[124/538] A_00123 …
  gap=-25.860 rel=-0.729 D=9.60 L=35.46
[125/538] A_00124 …
  gap=-23.339 rel=-0.639 D=13.19 L=36.53
[126/538] A_00125 …
  gap=-16.893 rel=-0.678 D=8.01 L=24.90
[127/538] A_00126 …
  gap=-19.303 rel=-0.690 D=8.69 L=27.99
[128/538] A_00127 …
  gap=-22.186 rel=-0.773 D=6.53 L=28.71
[129/538] A_00128 …
  gap=-12.728 rel=-0.458 D=15.05 L=27.78
[130/538] A_00129 …
  gap=-30.832 rel=-0.644 D=17.05 L=47.88
[131/538] A_00130 …
  gap=-10.346 rel=-0.450 D=12.63 L=22.97
[132/538] A_00131 …
  gap=-17.149 rel=-0.761 D=5.37 L=22.52
[133/538] A_00132 …
  gap=-12.303 rel=-0.503 D=12.15 L=24.45
[134/538] A_00133 …
  gap=-15.192 rel=-0.620 D=9.32 L=24.51
[135/538] A_00134 …
  gap=-16.439 rel=-0.598 D=11.06 L=27.49
[136/538] A_00135 …
  gap=-20.125 rel=-0.621 D=12.28 L=32.40
[137/538] A_00136 …
  gap=-21.663 rel=-0.591 D=15.01 L=36.67
[138/538] A_00137 …
  gap=-19.276 rel=-0.654 D=10.19 L=29.46
[139/538] A_00138 …
  gap=-14.329 rel=-0.464 D=16.57 L=30.90
[140/538] A_00139 …
  gap=-26.182 rel=-0.703 D=11.08 L=37.26
[141/538] A_00140 …
  gap=-41.418 rel=-0.836 D=8.11 L=49.52
[142/538] A_00141 …
  gap=-35.303 rel=-0.763 D=10.99 L=46.29
[143/538] A_00142 …
  gap=-22.301 rel=-0.717 D=8.81 L=31.12
[144/538] A_00143 …
  gap=-16.149 rel=-0.456 D=19.29 L=35.44
[145/538] A_00144 …
  gap=-19.746 rel=-0.510 D=18.98 L=38.72
[146/538] A_00145 …
  gap=-15.236 rel=-0.539 D=13.04 L=28.28
[147/538] A_00146 …
  gap=-19.097 rel=-0.750 D=6.36 L=25.46
[148/538] A_00147 …
  gap=-14.654 rel=-0.530 D=13.00 L=27.66
[149/538] A_00148 …
  gap=-20.036 rel=-0.519 D=18.60 L=38.63
[150/538] A_00149 …
  gap=-47.267 rel=-0.848 D=8.49 L=55.75
[151/538] A_00150 …
  gap=-19.058 rel=-0.694 D=8.40 L=27.46
[152/538] A_00151 …
  gap=-18.185 rel=-0.677 D=8.69 L=26.88
[153/538] A_00152 …
  gap=-29.663 rel=-0.708 D=12.25 L=41.92
[154/538] A_00153 …
  gap=-19.379 rel=-0.509 D=18.66 L=38.04
[155/538] A_00154 …
  gap=-23.658 rel=-0.749 D=7.94 L=31.60
[156/538] A_00155 …
  gap=-8.120 rel=-0.333 D=16.23 L=24.35
[157/538] A_00156 …
  gap=-22.845 rel=-0.595 D=15.54 L=38.39
[158/538] A_00157 …
  gap=-13.432 rel=-0.497 D=13.58 L=27.02
[159/538] A_00158 …
  gap=-17.433 rel=-0.506 D=17.04 L=34.47
[160/538] A_00159 …
  gap=-14.124 rel=-0.384 D=22.62 L=36.75
[161/538] A_00160 …
  gap=-20.676 rel=-0.637 D=11.80 L=32.47
[162/538] A_00161 …
  gap=-14.754 rel=-0.511 D=14.14 L=28.89
[163/538] A_00162 …
  gap=-16.092 rel=-0.420 D=22.26 L=38.35
[164/538] A_00163 …
  gap=-11.112 rel=-0.431 D=14.67 L=25.78
[165/538] A_00164 …
  gap=-28.347 rel=-0.666 D=14.21 L=42.56
[166/538] A_00165 …
  gap=-18.717 rel=-0.642 D=10.46 L=29.18
[167/538] A_00166 …
  gap=-20.072 rel=-0.591 D=13.88 L=33.95
[168/538] A_00167 …
  gap=-24.667 rel=-0.757 D=7.90 L=32.57
[169/538] A_00168 …
  gap=-24.723 rel=-0.662 D=12.62 L=37.35
[170/538] A_00169 …
  gap=-35.130 rel=-0.778 D=10.04 L=45.17
[171/538] A_00170 …
  gap=-26.858 rel=-0.726 D=10.15 L=37.00
[172/538] A_00171 …
  gap=-19.511 rel=-0.522 D=17.88 L=37.39
[173/538] A_00172 …
  gap=-21.435 rel=-0.660 D=11.07 L=32.50
[174/538] A_00173 …
  gap=-24.842 rel=-0.785 D=6.82 L=31.66
[175/538] A_00174 …
  gap=-13.851 rel=-0.438 D=17.79 L=31.64
[176/538] A_00175 …
  gap=-29.421 rel=-0.828 D=6.10 L=35.52
[177/538] A_00176 …
  gap=-27.308 rel=-0.644 D=15.11 L=42.42
[178/538] A_00177 …
  gap=-15.581 rel=-0.610 D=9.96 L=25.54
[179/538] A_00178 …
  gap=-18.250 rel=-0.570 D=13.74 L=31.99
[180/538] A_00179 …
  gap=-15.280 rel=-0.617 D=9.47 L=24.75
[181/538] A_00180 …
  gap=-16.216 rel=-0.608 D=10.44 L=26.65
[182/538] A_00181 …
  gap=-14.167 rel=-0.593 D=9.72 L=23.88
[183/538] A_00182 …
  gap=-16.168 rel=-0.482 D=17.35 L=33.52
[184/538] A_00183 …
  gap=-14.375 rel=-0.473 D=16.04 L=30.42
[185/538] A_00184 …
  gap=-38.424 rel=-0.824 D=8.23 L=46.66
[186/538] A_00185 …
  gap=-18.742 rel=-0.631 D=10.98 L=29.72
[187/538] A_00186 …
  gap=-23.451 rel=-0.579 D=17.09 L=40.54
[188/538] A_00187 …
  gap=-14.686 rel=-0.589 D=10.25 L=24.94
[189/538] A_00188 …
  gap=-23.329 rel=-0.603 D=15.37 L=38.70
[190/538] A_00189 …
  gap=-22.600 rel=-0.746 D=7.71 L=30.31
[191/538] A_00190 …
  gap=-26.037 rel=-0.731 D=9.59 L=35.63
[192/538] A_00191 …
  gap=-26.888 rel=-0.654 D=14.21 L=41.09
[193/538] A_00192 …
  gap=-18.291 rel=-0.505 D=17.90 L=36.19
[194/538] A_00193 …
  gap=-18.862 rel=-0.691 D=8.42 L=27.28
[195/538] A_00194 …
  gap=-27.143 rel=-0.758 D=8.65 L=35.79
[196/538] A_00195 …
  gap=-20.880 rel=-0.514 D=19.73 L=40.61
[197/538] A_00196 …
  gap=-16.967 rel=-0.490 D=17.66 L=34.63
[198/538] A_00197 …
  gap=-25.996 rel=-0.754 D=8.49 L=34.49
[199/538] A_00198 …
  gap=-24.216 rel=-0.772 D=7.13 L=31.35
[200/538] A_00199 …
  gap=-19.566 rel=-0.685 D=9.01 L=28.57
[201/538] A_00200 …
  gap=-31.619 rel=-0.867 D=4.85 L=36.47
[202/538] A_00201 …
  gap=-42.503 rel=-0.828 D=8.85 L=51.36
[203/538] A_00202 …
  gap=-16.260 rel=-0.519 D=15.09 L=31.35
[204/538] A_00203 …
  gap=-14.928 rel=-0.434 D=19.44 L=34.37
[205/538] A_00204 …
  gap=-16.341 rel=-0.507 D=15.88 L=32.22
[206/538] A_00205 …
  gap=-9.048 rel=-0.402 D=13.44 L=22.49
[207/538] A_00206 …
  gap=-28.788 rel=-0.821 D=6.26 L=35.04
[208/538] A_00207 …
  gap=-23.753 rel=-0.782 D=6.63 L=30.39
[209/538] A_00208 …
  gap=-19.577 rel=-0.570 D=14.78 L=34.36
[210/538] A_00209 …
  gap=-28.181 rel=-0.661 D=14.44 L=42.62
[211/538] A_00210 …
  gap=-24.002 rel=-0.744 D=8.27 L=32.27
[212/538] A_00211 …
  gap=-17.408 rel=-0.726 D=6.57 L=23.98
[213/538] A_00212 …
  gap=-6.977 rel=-0.316 D=15.09 L=22.07
[214/538] A_00213 …
  gap=-15.014 rel=-0.480 D=16.29 L=31.30
[215/538] A_00214 …
  gap=-20.385 rel=-0.645 D=11.23 L=31.62
[216/538] A_00215 …
  gap=-21.069 rel=-0.734 D=7.65 L=28.72
[217/538] A_00216 …
  gap=-18.434 rel=-0.624 D=11.12 L=29.55
[218/538] A_00217 …
  gap=-18.388 rel=-0.627 D=10.93 L=29.32
[219/538] A_00218 …
  gap=-20.721 rel=-0.892 D=2.52 L=23.24
[220/538] A_00219 …
  gap=-16.431 rel=-0.612 D=10.41 L=26.84
[221/538] A_00220 …
  gap=-16.951 rel=-0.453 D=20.50 L=37.45
[222/538] A_00221 …
  gap=-17.103 rel=-0.539 D=14.61 L=31.71
[223/538] A_00222 …
  gap=-14.348 rel=-0.507 D=13.93 L=28.28
[224/538] A_00223 …
  gap=-21.745 rel=-0.648 D=11.80 L=33.55
[225/538] A_00224 …
  gap=-19.536 rel=-0.591 D=13.55 L=33.08
[226/538] A_00225 …
  gap=-16.642 rel=-0.601 D=11.05 L=27.69
[227/538] A_00226 …
  gap=-21.091 rel=-0.622 D=12.81 L=33.90
[228/538] A_00227 …
  gap=-21.605 rel=-0.815 D=4.91 L=26.51
[229/538] A_00228 …
  gap=-22.802 rel=-0.806 D=5.48 L=28.28
[230/538] A_00229 …
  gap=-23.950 rel=-0.685 D=11.01 L=34.96
[231/538] A_00230 …
  gap=-19.092 rel=-0.713 D=7.69 L=26.78
[232/538] A_00231 …
  gap=-10.793 rel=-0.424 D=14.67 L=25.46
[233/538] A_00232 …
  gap=-16.928 rel=-0.610 D=10.84 L=27.77
[234/538] A_00233 …
  gap=-21.946 rel=-0.579 D=15.93 L=37.87
[235/538] A_00234 …
  gap=-14.566 rel=-0.502 D=14.46 L=29.03
[236/538] A_00235 …
  gap=-13.473 rel=-0.390 D=21.06 L=34.53
[237/538] A_00236 …
  gap=-25.084 rel=-0.641 D=14.03 L=39.11
[238/538] A_00237 …
  gap=-20.465 rel=-0.715 D=8.17 L=28.64
[239/538] A_00238 …
  gap=-19.763 rel=-0.542 D=16.71 L=36.48
[240/538] A_00239 …
  gap=-19.080 rel=-0.684 D=8.81 L=27.89
[241/538] A_00240 …
  gap=-17.717 rel=-0.528 D=15.83 L=33.54
[242/538] A_00241 …
  gap=-20.111 rel=-0.775 D=5.85 L=25.96
[243/538] A_00242 …
  gap=-19.346 rel=-0.691 D=8.63 L=27.98
[244/538] A_00243 …
  gap=-22.965 rel=-0.595 D=15.61 L=38.58
[245/538] B_00244 …
[246/538] B_00245 …
[247/538] B_00246 …
[248/538] B_00247 …
[249/538] B_00248 …
[250/538] B_00249 …
[251/538] B_00250 …
[252/538] B_00251 …
[253/538] B_00252 …
[254/538] B_00253 …
[255/538] B_00254 …
[256/538] B_00255 …
[257/538] B_00256 …
[258/538] B_00257 …
[259/538] B_00258 …
[260/538] B_00259 …
[261/538] B_00260 …
[262/538] B_00261 …
[263/538] B_00262 …
[264/538] B_00263 …
[265/538] B_00264 …
[266/538] B_00265 …
[267/538] B_00266 …
[268/538] B_00267 …
[269/538] B_00268 …
[270/538] B_00269 …
[271/538] B_00270 …
[272/538] B_00271 …
[273/538] B_00272 …
[274/538] B_00273 …
[275/538] B_00274 …
[276/538] B_00275 …
[277/538] B_00276 …
[278/538] B_00277 …
[279/538] B_00278 …
[280/538] B_00279 …
[281/538] B_00280 …
[282/538] B_00281 …
[283/538] B_00282 …
[284/538] B_00283 …
[285/538] B_00284 …
[286/538] B_00285 …
[287/538] B_00286 …
[288/538] B_00287 …
[289/538] B_00288 …
[290/538] B_00289 …
[291/538] B_00290 …
[292/538] B_00291 …
[293/538] B_00292 …
[294/538] B_00293 …
[295/538] B_00294 …
[296/538] B_00295 …
[297/538] B_00296 …
[298/538] B_00297 …
[299/538] B_00298 …
[300/538] B_00299 …
[301/538] B_00300 …
[302/538] B_00301 …
[303/538] B_00302 …
[304/538] B_00303 …
[305/538] B_00304 …
[306/538] B_00305 …
[307/538] B_00306 …
[308/538] B_00307 …
[309/538] B_00308 …
[310/538] B_00309 …
[311/538] B_00310 …
[312/538] B_00311 …
[313/538] B_00312 …
[314/538] B_00313 …
[315/538] B_00314 …
[316/538] B_00315 …
[317/538] B_00316 …
[318/538] B_00317 …
[319/538] B_00318 …
[320/538] B_00319 …
[321/538] B_00320 …
[322/538] B_00321 …
[323/538] B_00322 …
[324/538] B_00323 …
[325/538] B_00324 …
[326/538] B_00325 …
[327/538] B_00326 …
[328/538] B_00327 …
[329/538] B_00328 …
[330/538] B_00329 …
[331/538] B_00330 …
[332/538] B_00331 …
[333/538] B_00332 …
[334/538] B_00333 …
[335/538] B_00334 …
[336/538] B_00335 …
[337/538] B_00336 …
[338/538] B_00337 …
[339/538] B_00338 …
[340/538] B_00339 …
[341/538] B_00340 …
[342/538] B_00341 …
[343/538] B_00342 …
[344/538] B_00343 …
[345/538] B_00344 …
[346/538] B_00345 …
[347/538] B_00346 …
[348/538] B_00347 …
[349/538] B_00348 …
[350/538] B_00349 …
[351/538] B_00350 …
[352/538] B_00351 …
[353/538] B_00352 …
[354/538] B_00353 …
[355/538] B_00354 …
[356/538] B_00355 …
[357/538] B_00356 …
[358/538] B_00357 …
[359/538] B_00358 …
[360/538] B_00359 …
[361/538] B_00360 …
[362/538] B_00361 …
[363/538] B_00362 …
[364/538] B_00363 …
[365/538] B_00364 …
[366/538] B_00365 …
[367/538] B_00366 …
[368/538] B_00367 …
[369/538] B_00368 …
[370/538] B_00369 …
[371/538] B_00370 …
[372/538] B_00371 …
[373/538] B_00372 …
[374/538] B_00373 …
[375/538] B_00374 …
[376/538] B_00375 …
[377/538] B_00376 …
[378/538] B_00377 …
[379/538] B_00378 …
[380/538] B_00379 …
[381/538] B_00380 …
[382/538] B_00381 …
[383/538] B_00382 …
[384/538] B_00383 …
[385/538] B_00384 …
[386/538] B_00385 …
[387/538] B_00386 …
[388/538] B_00387 …
[389/538] B_00388 …
[390/538] B_00389 …
[391/538] C_00390 …
[392/538] C_00391 …
[393/538] C_00392 …
[394/538] C_00393 …
[395/538] C_00394 …
[396/538] C_00395 …
[397/538] C_00396 …
[398/538] C_00397 …
[399/538] C_00398 …
[400/538] C_00399 …
[401/538] C_00400 …
[402/538] C_00401 …
[403/538] C_00402 …
[404/538] C_00403 …
[405/538] C_00404 …
[406/538] C_00405 …
[407/538] C_00406 …
[408/538] C_00407 …
[409/538] C_00408 …
[410/538] C_00409 …
[411/538] C_00410 …
[412/538] C_00411 …
[413/538] C_00412 …
[414/538] C_00413 …
[415/538] C_00414 …
[416/538] C_00415 …
[417/538] C_00416 …
[418/538] C_00417 …
[419/538] C_00418 …
[420/538] C_00419 …
[421/538] C_00420 …
[422/538] C_00421 …
[423/538] C_00422 …
[424/538] C_00423 …
[425/538] C_00424 …
[426/538] C_00425 …
[427/538] C_00426 …
[428/538] C_00427 …
[429/538] C_00428 …
[430/538] C_00429 …
[431/538] C_00430 …
[432/538] C_00431 …
[433/538] C_00432 …
[434/538] C_00433 …
[435/538] C_00434 …
[436/538] C_00435 …
[437/538] C_00436 …
[438/538] C_00437 …
[439/538] C_00438 …
[440/538] C_00439 …
[441/538] C_00440 …
[442/538] C_00441 …
[443/538] C_00442 …
[444/538] C_00443 …
[445/538] C_00444 …
[446/538] C_00445 …
[447/538] C_00446 …
[448/538] C_00447 …
[449/538] C_00448 …
[450/538] C_00449 …
[451/538] C_00450 …
[452/538] C_00451 …
[453/538] C_00452 …
[454/538] C_00453 …
[455/538] C_00454 …
[456/538] C_00455 …
[457/538] C_00456 …
[458/538] C_00457 …
[459/538] C_00458 …
[460/538] C_00459 …
[461/538] C_00460 …
[462/538] C_00461 …
[463/538] C_00462 …
[464/538] C_00463 …
[465/538] C_00464 …
[466/538] C_00465 …
[467/538] C_00466 …
[468/538] C_00467 …
[469/538] C_00468 …
[470/538] C_00469 …
[471/538] C_00470 …
[472/538] C_00471 …
[473/538] C_00472 …
[474/538] C_00473 …
[475/538] C_00474 …
[476/538] C_00475 …
[477/538] C_00476 …
[478/538] C_00477 …
[479/538] C_00478 …
[480/538] C_00479 …
[481/538] C_00480 …
[482/538] C_00481 …
[483/538] C_00482 …
[484/538] C_00483 …
[485/538] C_00484 …
[486/538] C_00485 …
[487/538] C_00486 …
[488/538] C_00487 …
[489/538] C_00488 …
[490/538] C_00489 …
[491/538] C_00490 …
[492/538] C_00491 …
[493/538] C_00492 …
[494/538] C_00493 …
[495/538] C_00494 …
[496/538] C_00495 …
[497/538] C_00496 …
[498/538] C_00497 …
[499/538] C_00498 …
[500/538] C_00499 …
[501/538] C_00500 …
[502/538] C_00501 …
[503/538] C_00502 …
[504/538] C_00503 …
[505/538] C_00504 …
[506/538] C_00505 …
[507/538] C_00506 …
[508/538] C_00507 …
[509/538] C_00508 …
[510/538] C_00509 …
[511/538] C_00510 …
[512/538] C_00511 …
[513/538] C_00512 …
[514/538] C_00513 …
[515/538] C_00514 …
[516/538] C_00515 …
[517/538] C_00516 …
[518/538] C_00517 …
[519/538] C_00518 …
[520/538] C_00519 …
[521/538] C_00520 …
[522/538] C_00521 …
[523/538] C_00522 …
[524/538] C_00523 …
[525/538] C_00524 …
[526/538] C_00525 …
[527/538] C_00526 …
[528/538] C_00527 …
[529/538] C_00528 …
[530/538] C_00529 …
[531/538] C_00530 …
[532/538] C_00531 …
[533/538] C_00532 …
[534/538] C_00533 …
[535/538] C_00534 …
[536/538] C_00535 …
[537/538] C_00536 …
[538/538] C_00537 …
Wrote distances → /home/WUR/lu087/Github/ect/src/aim3_additive_chain_6/output_gemma-2-9b/layer_14/markov_ln_distances.jsonl
Wrote summary   → /home/WUR/lu087/Github/ect/src/aim3_additive_chain_6/output_gemma-2-9b/layer_14/markov_ln_summary.json
{
  "layer_index": 14,
  "n_items": 538,
  "prompt_design": "markov_cloze_sequence_logprob_v6",
  "metric": "d_M=-sum log \u03c0(target|cloze)",
  "claim": "\u03c0(n4|n1) ?\u2248 \u03a0 \u03c0(n_{i+1}|n_i)",
  "by_type": {
    "A": {
      "n": 194,
      "by_variant": {
        "natural": {
          "n": 194,
          "gap_mean": -20.16333466364359,
          "gap_median": -19.164354531094432,
          "gap_frac_le_0": 1.0,
          "gap_near_zero_abs_lt_1": 0.0,
          "gap_near_zero_abs_lt_2": 0.0,
          "relative_gap_mean": -0.6088590325965296,
          "relative_gap_median": -0.6133648918910986,
          "log_ratio_direct_over_product_mean": 20.16691463119322
        },
        "reversed": {
          "n": 194,
          "gap_mean": -17.956942019779348,
          "gap_median": -17.067894452251494,
          "gap_frac_le_0": 1.0,
          "gap_near_zero_abs_lt_1": 0.0,
          "gap_near_zero_abs_lt_2": 0.0,
          "relative_gap_mean": -0.48893332473068496,
          "relative_gap_median": -0.4995642070447993,
          "log_ratio_direct_over_product_mean": 17.981451857246228
        },
        "shuffled_middles": {
          "n": 194,
          "gap_mean": -23.356143967764794,
          "gap_median": -22.251724407076836,
          "gap_frac_le_0": 1.0,
          "gap_near_zero_abs_lt_1": 0.0,
          "gap_near_zero_abs_lt_2": 0.0,
          "relative_gap_mean": -0.6492852183268547,
          "relative_gap_median": -0.6452966019606691,
          "log_ratio_direct_over_product_mean": 23.356143967764794
        }
      },
      "headline_natural": {
        "n": 194,
        "gap_mean": -20.16333466364359,
        "gap_median": -19.164354531094432,
        "gap_frac_le_0": 1.0,
        "gap_near_zero_abs_lt_1": 0.0,
        "gap_near_zero_abs_lt_2": 0.0,
        "relative_gap_mean": -0.6088590325965296,
        "relative_gap_median": -0.6133648918910986,
        "log_ratio_direct_over_product_mean": 20.16691463119322
      }
    },
    "B": {
      "n": 196,
      "slack_mean": -38.07327607805438,
      "n_violations": 0,
      "violation_rate": 0.0
    },
    "C": {
      "n": 148,
      "slack_mean": -4.215941697991499,
      "n_violations": 31,
      "violation_rate": 0.20945945945945946
    }
  }
}

=== Plot Type A ===
n_type_A=194
Wrote /home/WUR/lu087/Github/ect/src/aim3_additive_chain_6/output_gemma-2-9b/layer_14/figures/type_a_markov_factorization.png
Done.
Distances: /home/WUR/lu087/Github/ect/src/aim3_additive_chain_6/output_gemma-2-9b/layer_14/markov_ln_distances.jsonl
Summary:   /home/WUR/lu087/Github/ect/src/aim3_additive_chain_6/output_gemma-2-9b/layer_14/markov_ln_summary.json
Figure:    /home/WUR/lu087/Github/ect/src/aim3_additive_chain_6/output_gemma-2-9b/layer_14/figures/type_a_markov_factorization.png
