Using Python: /home/WUR/lu087/miniconda3/envs/ect/bin/python (Python 3.11.15)
=== Aim-3 SAE + J-lens tropical geometry ===
corpus=/home/WUR/lu087/Github/ect/src/aim3_data_prep/data/tropical_geometry_corpus.json
layer=14 sae_id=layer_14/width_16k/canonical
model_id=google/gemma-2-2b
sae_release=gemma-scope-2b-pt-res-canonical sae_id=layer_14/width_16k/canonical
corpus=/home/WUR/lu087/Github/ect/src/aim3_data_prep/data/tropical_geometry_corpus.json n=538 todo=536 done=2
device=cuda dtype=bfloat16 layer=14/26
top_k_sae=256 top_k_vocab=32 top_k_resid=256 jacobian=True
tensors → /home/WUR/lu087/Github/ect/src/aim3_sae_J_lens_pipeline/output/layer_14/tensors
[1/536] A_00002 A …
  waypoints=5 tropical_pairs=4
[2/536] A_00003 A …
  waypoints=5 tropical_pairs=4
[3/536] A_00004 A …
  waypoints=5 tropical_pairs=4
[4/536] A_00005 A …
  waypoints=5 tropical_pairs=4
[5/536] A_00006 A …
  waypoints=5 tropical_pairs=4
[6/536] A_00007 A …
  waypoints=5 tropical_pairs=4
[7/536] A_00008 A …
  waypoints=5 tropical_pairs=4
[8/536] A_00009 A …
  waypoints=5 tropical_pairs=4
[9/536] A_00010 A …
  waypoints=5 tropical_pairs=4
[10/536] A_00011 A …
  waypoints=5 tropical_pairs=4
[11/536] A_00012 A …
  waypoints=5 tropical_pairs=4
[12/536] A_00013 A …
  waypoints=5 tropical_pairs=4
[13/536] A_00014 A …
  waypoints=5 tropical_pairs=4
[14/536] A_00015 A …
  waypoints=5 tropical_pairs=4
[15/536] A_00016 A …
  waypoints=5 tropical_pairs=4
[16/536] A_00017 A …
  waypoints=5 tropical_pairs=4
[17/536] A_00018 A …
  waypoints=5 tropical_pairs=4
[18/536] A_00019 A …
  waypoints=5 tropical_pairs=4
[19/536] A_00020 A …
  waypoints=5 tropical_pairs=4
[20/536] A_00021 A …
  waypoints=5 tropical_pairs=4
[21/536] A_00022 A …
  waypoints=5 tropical_pairs=4
[22/536] A_00023 A …
  waypoints=5 tropical_pairs=4
[23/536] A_00024 A …
  waypoints=5 tropical_pairs=4
[24/536] A_00025 A …
  waypoints=5 tropical_pairs=4
[25/536] A_00026 A …
  waypoints=5 tropical_pairs=4
[26/536] A_00027 A …
  waypoints=5 tropical_pairs=4
[27/536] A_00028 A …
  waypoints=5 tropical_pairs=4
[28/536] A_00029 A …
  waypoints=5 tropical_pairs=4
[29/536] A_00030 A …
  waypoints=5 tropical_pairs=4
[30/536] A_00031 A …
  waypoints=5 tropical_pairs=4
[31/536] A_00032 A …
  waypoints=5 tropical_pairs=4
[32/536] A_00033 A …
  waypoints=5 tropical_pairs=4
[33/536] A_00034 A …
  waypoints=5 tropical_pairs=4
[34/536] A_00035 A …
  waypoints=5 tropical_pairs=4
[35/536] A_00036 A …
  waypoints=5 tropical_pairs=4
[36/536] A_00037 A …
  waypoints=5 tropical_pairs=4
[37/536] A_00038 A …
  waypoints=5 tropical_pairs=4
[38/536] A_00039 A …
  waypoints=5 tropical_pairs=4
[39/536] A_00040 A …
  waypoints=5 tropical_pairs=4
[40/536] A_00041 A …
  waypoints=5 tropical_pairs=4
[41/536] A_00042 A …
  waypoints=5 tropical_pairs=4
[42/536] A_00043 A …
  waypoints=5 tropical_pairs=4
[43/536] A_00044 A …
  waypoints=5 tropical_pairs=4
[44/536] A_00045 A …
  waypoints=5 tropical_pairs=4
[45/536] A_00046 A …
  waypoints=5 tropical_pairs=4
[46/536] A_00047 A …
  waypoints=5 tropical_pairs=4
[47/536] A_00048 A …
  waypoints=5 tropical_pairs=4
[48/536] A_00049 A …
  waypoints=5 tropical_pairs=4
[49/536] B_00050 B …
  waypoints=3 tropical_pairs=3
[50/536] B_00051 B …
  waypoints=3 tropical_pairs=3
[51/536] B_00052 B …
  waypoints=3 tropical_pairs=3
[52/536] B_00053 B …
  waypoints=3 tropical_pairs=3
[53/536] B_00054 B …
  waypoints=3 tropical_pairs=3
[54/536] B_00055 B …
  waypoints=3 tropical_pairs=3
[55/536] B_00056 B …
  waypoints=3 tropical_pairs=3
[56/536] B_00057 B …
  waypoints=3 tropical_pairs=3
[57/536] B_00058 B …
  waypoints=3 tropical_pairs=3
[58/536] B_00059 B …
  waypoints=3 tropical_pairs=3
[59/536] B_00060 B …
  waypoints=3 tropical_pairs=3
[60/536] B_00061 B …
  waypoints=3 tropical_pairs=3
[61/536] B_00062 B …
  waypoints=3 tropical_pairs=3
[62/536] B_00063 B …
  waypoints=3 tropical_pairs=3
[63/536] B_00064 B …
  waypoints=3 tropical_pairs=3
[64/536] B_00065 B …
  waypoints=3 tropical_pairs=3
[65/536] B_00066 B …
  waypoints=3 tropical_pairs=3
[66/536] B_00067 B …
  waypoints=3 tropical_pairs=3
[67/536] B_00068 B …
  waypoints=3 tropical_pairs=3
[68/536] B_00069 B …
  waypoints=3 tropical_pairs=3
[69/536] B_00070 B …
  waypoints=3 tropical_pairs=3
[70/536] B_00071 B …
  waypoints=3 tropical_pairs=3
[71/536] B_00072 B …
  waypoints=3 tropical_pairs=3
[72/536] B_00073 B …
  waypoints=3 tropical_pairs=3
[73/536] B_00074 B …
  waypoints=3 tropical_pairs=3
[74/536] B_00075 B …
  waypoints=3 tropical_pairs=3
[75/536] B_00076 B …
  waypoints=3 tropical_pairs=3
[76/536] B_00077 B …
  waypoints=3 tropical_pairs=3
[77/536] B_00078 B …
  waypoints=3 tropical_pairs=3
[78/536] B_00079 B …
  waypoints=3 tropical_pairs=3
[79/536] B_00080 B …
  waypoints=3 tropical_pairs=3
[80/536] B_00081 B …
  waypoints=3 tropical_pairs=3
[81/536] B_00082 B …
  waypoints=3 tropical_pairs=3
[82/536] B_00083 B …
  waypoints=3 tropical_pairs=3
[83/536] B_00084 B …
  waypoints=3 tropical_pairs=3
[84/536] B_00085 B …
  waypoints=3 tropical_pairs=3
[85/536] B_00086 B …
  waypoints=3 tropical_pairs=3
[86/536] B_00087 B …
  waypoints=3 tropical_pairs=3
[87/536] B_00088 B …
  waypoints=3 tropical_pairs=3
[88/536] B_00089 B …
  waypoints=3 tropical_pairs=3
[89/536] B_00090 B …
  waypoints=3 tropical_pairs=3
[90/536] B_00091 B …
  waypoints=3 tropical_pairs=3
[91/536] B_00092 B …
  waypoints=3 tropical_pairs=3
[92/536] B_00093 B …
  waypoints=3 tropical_pairs=3
[93/536] B_00094 B …
  waypoints=3 tropical_pairs=3
[94/536] B_00095 B …
  waypoints=3 tropical_pairs=3
[95/536] B_00096 B …
  waypoints=3 tropical_pairs=3
[96/536] B_00097 B …
  waypoints=3 tropical_pairs=3
[97/536] B_00098 B …
  waypoints=3 tropical_pairs=3
[98/536] B_00099 B …
  waypoints=3 tropical_pairs=3
[99/536] A_00100 A …
  waypoints=5 tropical_pairs=4
[100/536] A_00101 A …
  waypoints=5 tropical_pairs=4
[101/536] A_00102 A …
  waypoints=5 tropical_pairs=4
[102/536] A_00103 A …
  waypoints=5 tropical_pairs=4
[103/536] A_00104 A …
  waypoints=5 tropical_pairs=4
[104/536] A_00105 A …
  waypoints=5 tropical_pairs=4
[105/536] A_00106 A …
  waypoints=5 tropical_pairs=4
[106/536] A_00107 A …
  waypoints=5 tropical_pairs=4
[107/536] A_00108 A …
  waypoints=5 tropical_pairs=4
[108/536] A_00109 A …
  waypoints=5 tropical_pairs=4
[109/536] A_00110 A …
  waypoints=5 tropical_pairs=4
[110/536] A_00111 A …
  waypoints=5 tropical_pairs=4
[111/536] A_00112 A …
  waypoints=5 tropical_pairs=4
[112/536] A_00113 A …
  waypoints=5 tropical_pairs=4
[113/536] A_00114 A …
  waypoints=5 tropical_pairs=4
[114/536] A_00115 A …
  waypoints=5 tropical_pairs=4
[115/536] A_00116 A …
  waypoints=5 tropical_pairs=4
[116/536] A_00117 A …
  waypoints=5 tropical_pairs=4
[117/536] A_00118 A …
  waypoints=5 tropical_pairs=4
[118/536] A_00119 A …
  waypoints=5 tropical_pairs=4
[119/536] A_00120 A …
  waypoints=5 tropical_pairs=4
[120/536] A_00121 A …
  waypoints=5 tropical_pairs=4
[121/536] A_00122 A …
  waypoints=5 tropical_pairs=4
[122/536] A_00123 A …
  waypoints=5 tropical_pairs=4
[123/536] A_00124 A …
  waypoints=5 tropical_pairs=4
[124/536] A_00125 A …
  waypoints=5 tropical_pairs=4
[125/536] A_00126 A …
  waypoints=5 tropical_pairs=4
[126/536] A_00127 A …
  waypoints=5 tropical_pairs=4
[127/536] A_00128 A …
  waypoints=5 tropical_pairs=4
[128/536] A_00129 A …
  waypoints=5 tropical_pairs=4
[129/536] A_00130 A …
  waypoints=5 tropical_pairs=4
[130/536] A_00131 A …
  waypoints=5 tropical_pairs=4
[131/536] A_00132 A …
  waypoints=5 tropical_pairs=4
[132/536] A_00133 A …
  waypoints=5 tropical_pairs=4
[133/536] A_00134 A …
  waypoints=5 tropical_pairs=4
[134/536] A_00135 A …
  waypoints=5 tropical_pairs=4
[135/536] A_00136 A …
  waypoints=5 tropical_pairs=4
[136/536] A_00137 A …
  waypoints=5 tropical_pairs=4
[137/536] A_00138 A …
  waypoints=5 tropical_pairs=4
[138/536] A_00139 A …
  waypoints=5 tropical_pairs=4
[139/536] A_00140 A …
  waypoints=5 tropical_pairs=4
[140/536] A_00141 A …
  waypoints=5 tropical_pairs=4
[141/536] A_00142 A …
  waypoints=5 tropical_pairs=4
[142/536] A_00143 A …
  waypoints=5 tropical_pairs=4
[143/536] A_00144 A …
  waypoints=5 tropical_pairs=4
[144/536] A_00145 A …
  waypoints=5 tropical_pairs=4
[145/536] A_00146 A …
  waypoints=5 tropical_pairs=4
[146/536] A_00147 A …
  waypoints=5 tropical_pairs=4
[147/536] A_00148 A …
  waypoints=5 tropical_pairs=4
[148/536] A_00149 A …
  waypoints=5 tropical_pairs=4
[149/536] A_00150 A …
  waypoints=5 tropical_pairs=4
[150/536] A_00151 A …
  waypoints=5 tropical_pairs=4
[151/536] A_00152 A …
  waypoints=5 tropical_pairs=4
[152/536] A_00153 A …
  waypoints=5 tropical_pairs=4
[153/536] A_00154 A …
  waypoints=5 tropical_pairs=4
[154/536] A_00155 A …
  waypoints=5 tropical_pairs=4
[155/536] A_00156 A …
  waypoints=5 tropical_pairs=4
[156/536] A_00157 A …
  waypoints=5 tropical_pairs=4
[157/536] A_00158 A …
  waypoints=5 tropical_pairs=4
[158/536] A_00159 A …
  waypoints=5 tropical_pairs=4
[159/536] A_00160 A …
  waypoints=5 tropical_pairs=4
[160/536] A_00161 A …
  waypoints=5 tropical_pairs=4
[161/536] A_00162 A …
  waypoints=5 tropical_pairs=4
[162/536] A_00163 A …
  waypoints=5 tropical_pairs=4
[163/536] A_00164 A …
  waypoints=5 tropical_pairs=4
[164/536] A_00165 A …
  waypoints=5 tropical_pairs=4
[165/536] A_00166 A …
  waypoints=5 tropical_pairs=4
[166/536] A_00167 A …
  waypoints=5 tropical_pairs=4
[167/536] A_00168 A …
  waypoints=5 tropical_pairs=4
[168/536] A_00169 A …
  waypoints=5 tropical_pairs=4
[169/536] A_00170 A …
  waypoints=5 tropical_pairs=4
[170/536] A_00171 A …
  waypoints=5 tropical_pairs=4
[171/536] A_00172 A …
  waypoints=5 tropical_pairs=4
[172/536] A_00173 A …
  waypoints=5 tropical_pairs=4
[173/536] A_00174 A …
  waypoints=5 tropical_pairs=4
[174/536] A_00175 A …
  waypoints=5 tropical_pairs=4
[175/536] A_00176 A …
  waypoints=5 tropical_pairs=4
[176/536] A_00177 A …
  waypoints=5 tropical_pairs=4
[177/536] A_00178 A …
  waypoints=5 tropical_pairs=4
[178/536] A_00179 A …
  waypoints=5 tropical_pairs=4
[179/536] A_00180 A …
  waypoints=5 tropical_pairs=4
[180/536] A_00181 A …
  waypoints=5 tropical_pairs=4
[181/536] A_00182 A …
  waypoints=5 tropical_pairs=4
[182/536] A_00183 A …
  waypoints=5 tropical_pairs=4
[183/536] A_00184 A …
  waypoints=5 tropical_pairs=4
[184/536] A_00185 A …
  waypoints=5 tropical_pairs=4
[185/536] A_00186 A …
  waypoints=5 tropical_pairs=4
[186/536] A_00187 A …
  waypoints=5 tropical_pairs=4
[187/536] A_00188 A …
  waypoints=5 tropical_pairs=4
[188/536] A_00189 A …
  waypoints=5 tropical_pairs=4
[189/536] A_00190 A …
  waypoints=5 tropical_pairs=4
[190/536] A_00191 A …
  waypoints=5 tropical_pairs=4
[191/536] A_00192 A …
  waypoints=5 tropical_pairs=4
[192/536] A_00193 A …
  waypoints=5 tropical_pairs=4
[193/536] A_00194 A …
  waypoints=5 tropical_pairs=4
[194/536] A_00195 A …
  waypoints=5 tropical_pairs=4
[195/536] A_00196 A …
  waypoints=5 tropical_pairs=4
[196/536] A_00197 A …
  waypoints=5 tropical_pairs=4
[197/536] A_00198 A …
  waypoints=5 tropical_pairs=4
[198/536] A_00199 A …
  waypoints=5 tropical_pairs=4
[199/536] A_00200 A …
  waypoints=5 tropical_pairs=4
[200/536] A_00201 A …
  waypoints=5 tropical_pairs=4
[201/536] A_00202 A …
  waypoints=5 tropical_pairs=4
[202/536] A_00203 A …
  waypoints=5 tropical_pairs=4
[203/536] A_00204 A …
  waypoints=5 tropical_pairs=4
[204/536] A_00205 A …
  waypoints=5 tropical_pairs=4
[205/536] A_00206 A …
  waypoints=5 tropical_pairs=4
[206/536] A_00207 A …
  waypoints=5 tropical_pairs=4
[207/536] A_00208 A …
  waypoints=5 tropical_pairs=4
[208/536] A_00209 A …
  waypoints=5 tropical_pairs=4
[209/536] A_00210 A …
  waypoints=5 tropical_pairs=4
[210/536] A_00211 A …
  waypoints=5 tropical_pairs=4
[211/536] A_00212 A …
  waypoints=5 tropical_pairs=4
[212/536] A_00213 A …
  waypoints=5 tropical_pairs=4
[213/536] A_00214 A …
  waypoints=5 tropical_pairs=4
[214/536] A_00215 A …
  waypoints=5 tropical_pairs=4
[215/536] A_00216 A …
  waypoints=5 tropical_pairs=4
[216/536] A_00217 A …
  waypoints=5 tropical_pairs=4
[217/536] A_00218 A …
  waypoints=5 tropical_pairs=4
[218/536] A_00219 A …
  waypoints=5 tropical_pairs=4
[219/536] A_00220 A …
  waypoints=5 tropical_pairs=4
[220/536] A_00221 A …
  waypoints=5 tropical_pairs=4
[221/536] A_00222 A …
  waypoints=5 tropical_pairs=4
[222/536] A_00223 A …
  waypoints=5 tropical_pairs=4
[223/536] A_00224 A …
  waypoints=5 tropical_pairs=4
[224/536] A_00225 A …
  waypoints=5 tropical_pairs=4
[225/536] A_00226 A …
  waypoints=5 tropical_pairs=4
[226/536] A_00227 A …
  waypoints=5 tropical_pairs=4
[227/536] A_00228 A …
  waypoints=5 tropical_pairs=4
[228/536] A_00229 A …
  waypoints=5 tropical_pairs=4
[229/536] A_00230 A …
  waypoints=5 tropical_pairs=4
[230/536] A_00231 A …
  waypoints=5 tropical_pairs=4
[231/536] A_00232 A …
  waypoints=5 tropical_pairs=4
[232/536] A_00233 A …
  waypoints=5 tropical_pairs=4
[233/536] A_00234 A …
  waypoints=5 tropical_pairs=4
[234/536] A_00235 A …
  waypoints=5 tropical_pairs=4
[235/536] A_00236 A …
  waypoints=5 tropical_pairs=4
[236/536] A_00237 A …
  waypoints=5 tropical_pairs=4
[237/536] A_00238 A …
  waypoints=5 tropical_pairs=4
[238/536] A_00239 A …
  waypoints=5 tropical_pairs=4
[239/536] A_00240 A …
  waypoints=5 tropical_pairs=4
[240/536] A_00241 A …
  waypoints=5 tropical_pairs=4
[241/536] A_00242 A …
  waypoints=5 tropical_pairs=4
[242/536] A_00243 A …
  waypoints=5 tropical_pairs=4
[243/536] B_00244 B …
  waypoints=3 tropical_pairs=3
[244/536] B_00245 B …
  waypoints=3 tropical_pairs=3
[245/536] B_00246 B …
  waypoints=3 tropical_pairs=3
[246/536] B_00247 B …
  waypoints=3 tropical_pairs=3
[247/536] B_00248 B …
  waypoints=3 tropical_pairs=3
[248/536] B_00249 B …
  waypoints=3 tropical_pairs=3
[249/536] B_00250 B …
  waypoints=3 tropical_pairs=3
[250/536] B_00251 B …
  waypoints=3 tropical_pairs=3
[251/536] B_00252 B …
  waypoints=3 tropical_pairs=3
[252/536] B_00253 B …
  waypoints=3 tropical_pairs=3
[253/536] B_00254 B …
  waypoints=3 tropical_pairs=3
[254/536] B_00255 B …
  waypoints=3 tropical_pairs=3
[255/536] B_00256 B …
  waypoints=3 tropical_pairs=3
[256/536] B_00257 B …
  waypoints=3 tropical_pairs=3
[257/536] B_00258 B …
  waypoints=3 tropical_pairs=3
[258/536] B_00259 B …
  waypoints=3 tropical_pairs=3
[259/536] B_00260 B …
  waypoints=3 tropical_pairs=3
[260/536] B_00261 B …
  waypoints=3 tropical_pairs=3
[261/536] B_00262 B …
  waypoints=3 tropical_pairs=3
[262/536] B_00263 B …
  waypoints=3 tropical_pairs=3
[263/536] B_00264 B …
  waypoints=3 tropical_pairs=3
[264/536] B_00265 B …
  waypoints=3 tropical_pairs=3
[265/536] B_00266 B …
  waypoints=3 tropical_pairs=3
[266/536] B_00267 B …
  waypoints=3 tropical_pairs=3
[267/536] B_00268 B …
  waypoints=3 tropical_pairs=3
[268/536] B_00269 B …
  waypoints=3 tropical_pairs=3
[269/536] B_00270 B …
  waypoints=3 tropical_pairs=3
[270/536] B_00271 B …
  waypoints=3 tropical_pairs=3
[271/536] B_00272 B …
  waypoints=3 tropical_pairs=3
[272/536] B_00273 B …
  waypoints=3 tropical_pairs=3
[273/536] B_00274 B …
  waypoints=3 tropical_pairs=3
[274/536] B_00275 B …
  waypoints=3 tropical_pairs=3
[275/536] B_00276 B …
  waypoints=3 tropical_pairs=3
[276/536] B_00277 B …
  waypoints=3 tropical_pairs=3
[277/536] B_00278 B …
  waypoints=3 tropical_pairs=3
[278/536] B_00279 B …
  waypoints=3 tropical_pairs=3
[279/536] B_00280 B …
  waypoints=3 tropical_pairs=3
[280/536] B_00281 B …
  waypoints=3 tropical_pairs=3
[281/536] B_00282 B …
  waypoints=3 tropical_pairs=3
[282/536] B_00283 B …
  waypoints=3 tropical_pairs=3
[283/536] B_00284 B …
  waypoints=3 tropical_pairs=3
[284/536] B_00285 B …
  waypoints=3 tropical_pairs=3
[285/536] B_00286 B …
  waypoints=3 tropical_pairs=3
[286/536] B_00287 B …
  waypoints=3 tropical_pairs=3
[287/536] B_00288 B …
  waypoints=3 tropical_pairs=3
[288/536] B_00289 B …
  waypoints=3 tropical_pairs=3
[289/536] B_00290 B …
  waypoints=3 tropical_pairs=3
[290/536] B_00291 B …
  waypoints=3 tropical_pairs=3
[291/536] B_00292 B …
  waypoints=3 tropical_pairs=3
[292/536] B_00293 B …
  waypoints=3 tropical_pairs=3
[293/536] B_00294 B …
  waypoints=3 tropical_pairs=3
[294/536] B_00295 B …
  waypoints=3 tropical_pairs=3
[295/536] B_00296 B …
  waypoints=3 tropical_pairs=3
[296/536] B_00297 B …
  waypoints=3 tropical_pairs=3
[297/536] B_00298 B …
  waypoints=3 tropical_pairs=3
[298/536] B_00299 B …
  waypoints=3 tropical_pairs=3
[299/536] B_00300 B …
  waypoints=3 tropical_pairs=3
[300/536] B_00301 B …
  waypoints=3 tropical_pairs=3
[301/536] B_00302 B …
  waypoints=3 tropical_pairs=3
[302/536] B_00303 B …
  waypoints=3 tropical_pairs=3
[303/536] B_00304 B …
  waypoints=3 tropical_pairs=3
[304/536] B_00305 B …
  waypoints=3 tropical_pairs=3
[305/536] B_00306 B …
  waypoints=3 tropical_pairs=3
[306/536] B_00307 B …
  waypoints=3 tropical_pairs=3
[307/536] B_00308 B …
  waypoints=3 tropical_pairs=3
[308/536] B_00309 B …
  waypoints=3 tropical_pairs=3
[309/536] B_00310 B …
  waypoints=3 tropical_pairs=3
[310/536] B_00311 B …
  waypoints=3 tropical_pairs=3
[311/536] B_00312 B …
  waypoints=3 tropical_pairs=3
[312/536] B_00313 B …
  waypoints=3 tropical_pairs=3
[313/536] B_00314 B …
  waypoints=3 tropical_pairs=3
[314/536] B_00315 B …
  waypoints=3 tropical_pairs=3
[315/536] B_00316 B …
  waypoints=3 tropical_pairs=3
[316/536] B_00317 B …
  waypoints=3 tropical_pairs=3
[317/536] B_00318 B …
  waypoints=3 tropical_pairs=3
[318/536] B_00319 B …
  waypoints=3 tropical_pairs=3
[319/536] B_00320 B …
  waypoints=3 tropical_pairs=3
[320/536] B_00321 B …
  waypoints=3 tropical_pairs=3
[321/536] B_00322 B …
  waypoints=3 tropical_pairs=3
[322/536] B_00323 B …
  waypoints=3 tropical_pairs=3
[323/536] B_00324 B …
  waypoints=3 tropical_pairs=3
[324/536] B_00325 B …
  waypoints=3 tropical_pairs=3
[325/536] B_00326 B …
  waypoints=3 tropical_pairs=3
[326/536] B_00327 B …
  waypoints=3 tropical_pairs=3
[327/536] B_00328 B …
  waypoints=3 tropical_pairs=3
[328/536] B_00329 B …
  waypoints=3 tropical_pairs=3
[329/536] B_00330 B …
  waypoints=3 tropical_pairs=3
[330/536] B_00331 B …
  waypoints=3 tropical_pairs=3
[331/536] B_00332 B …
  waypoints=3 tropical_pairs=3
[332/536] B_00333 B …
  waypoints=3 tropical_pairs=3
[333/536] B_00334 B …
  waypoints=3 tropical_pairs=3
[334/536] B_00335 B …
  waypoints=3 tropical_pairs=3
[335/536] B_00336 B …
  waypoints=3 tropical_pairs=3
[336/536] B_00337 B …
  waypoints=3 tropical_pairs=3
[337/536] B_00338 B …
  waypoints=3 tropical_pairs=3
[338/536] B_00339 B …
  waypoints=3 tropical_pairs=3
[339/536] B_00340 B …
  waypoints=3 tropical_pairs=3
[340/536] B_00341 B …
  waypoints=3 tropical_pairs=3
[341/536] B_00342 B …
  waypoints=3 tropical_pairs=3
[342/536] B_00343 B …
  waypoints=3 tropical_pairs=3
[343/536] B_00344 B …
  waypoints=3 tropical_pairs=3
[344/536] B_00345 B …
  waypoints=3 tropical_pairs=3
[345/536] B_00346 B …
  waypoints=3 tropical_pairs=3
[346/536] B_00347 B …
  waypoints=3 tropical_pairs=3
[347/536] B_00348 B …
  waypoints=3 tropical_pairs=3
[348/536] B_00349 B …
  waypoints=3 tropical_pairs=3
[349/536] B_00350 B …
  waypoints=3 tropical_pairs=3
[350/536] B_00351 B …
  waypoints=3 tropical_pairs=3
[351/536] B_00352 B …
  waypoints=3 tropical_pairs=3
[352/536] B_00353 B …
  waypoints=3 tropical_pairs=3
[353/536] B_00354 B …
  waypoints=3 tropical_pairs=3
[354/536] B_00355 B …
  waypoints=3 tropical_pairs=3
[355/536] B_00356 B …
  waypoints=3 tropical_pairs=3
[356/536] B_00357 B …
  waypoints=3 tropical_pairs=3
[357/536] B_00358 B …
  waypoints=3 tropical_pairs=3
[358/536] B_00359 B …
  waypoints=3 tropical_pairs=3
[359/536] B_00360 B …
  waypoints=3 tropical_pairs=3
[360/536] B_00361 B …
  waypoints=3 tropical_pairs=3
[361/536] B_00362 B …
  waypoints=3 tropical_pairs=3
[362/536] B_00363 B …
  waypoints=3 tropical_pairs=3
[363/536] B_00364 B …
  waypoints=3 tropical_pairs=3
[364/536] B_00365 B …
  waypoints=3 tropical_pairs=3
[365/536] B_00366 B …
  waypoints=3 tropical_pairs=3
[366/536] B_00367 B …
  waypoints=3 tropical_pairs=3
[367/536] B_00368 B …
  waypoints=3 tropical_pairs=3
[368/536] B_00369 B …
  waypoints=3 tropical_pairs=3
[369/536] B_00370 B …
  waypoints=3 tropical_pairs=3
[370/536] B_00371 B …
  waypoints=3 tropical_pairs=3
[371/536] B_00372 B …
  waypoints=3 tropical_pairs=3
[372/536] B_00373 B …
  waypoints=3 tropical_pairs=3
[373/536] B_00374 B …
  waypoints=3 tropical_pairs=3
[374/536] B_00375 B …
  waypoints=3 tropical_pairs=3
[375/536] B_00376 B …
  waypoints=3 tropical_pairs=3
[376/536] B_00377 B …
  waypoints=3 tropical_pairs=3
[377/536] B_00378 B …
  waypoints=3 tropical_pairs=3
[378/536] B_00379 B …
  waypoints=3 tropical_pairs=3
[379/536] B_00380 B …
  waypoints=3 tropical_pairs=3
[380/536] B_00381 B …
  waypoints=3 tropical_pairs=3
[381/536] B_00382 B …
  waypoints=3 tropical_pairs=3
[382/536] B_00383 B …
  waypoints=3 tropical_pairs=3
[383/536] B_00384 B …
  waypoints=3 tropical_pairs=3
[384/536] B_00385 B …
  waypoints=3 tropical_pairs=3
[385/536] B_00386 B …
  waypoints=3 tropical_pairs=3
[386/536] B_00387 B …
  waypoints=3 tropical_pairs=3
[387/536] B_00388 B …
  waypoints=3 tropical_pairs=3
[388/536] B_00389 B …
  waypoints=3 tropical_pairs=3
[389/536] C_00390 C …
  waypoints=3 tropical_pairs=3
[390/536] C_00391 C …
  waypoints=3 tropical_pairs=3
[391/536] C_00392 C …
  waypoints=3 tropical_pairs=3
[392/536] C_00393 C …
  waypoints=3 tropical_pairs=3
[393/536] C_00394 C …
  waypoints=3 tropical_pairs=3
[394/536] C_00395 C …
  waypoints=3 tropical_pairs=3
[395/536] C_00396 C …
  waypoints=3 tropical_pairs=3
[396/536] C_00397 C …
  waypoints=3 tropical_pairs=3
[397/536] C_00398 C …
  waypoints=3 tropical_pairs=3
[398/536] C_00399 C …
  waypoints=3 tropical_pairs=3
[399/536] C_00400 C …
  waypoints=3 tropical_pairs=3
[400/536] C_00401 C …
  waypoints=3 tropical_pairs=3
[401/536] C_00402 C …
  waypoints=3 tropical_pairs=3
[402/536] C_00403 C …
  waypoints=3 tropical_pairs=3
[403/536] C_00404 C …
  waypoints=3 tropical_pairs=3
[404/536] C_00405 C …
  waypoints=3 tropical_pairs=3
[405/536] C_00406 C …
  waypoints=3 tropical_pairs=3
[406/536] C_00407 C …
  waypoints=3 tropical_pairs=3
[407/536] C_00408 C …
  waypoints=3 tropical_pairs=3
[408/536] C_00409 C …
  waypoints=3 tropical_pairs=3
[409/536] C_00410 C …
  waypoints=3 tropical_pairs=3
[410/536] C_00411 C …
  waypoints=3 tropical_pairs=3
[411/536] C_00412 C …
  waypoints=3 tropical_pairs=3
[412/536] C_00413 C …
  waypoints=3 tropical_pairs=3
[413/536] C_00414 C …
  waypoints=3 tropical_pairs=3
[414/536] C_00415 C …
  waypoints=3 tropical_pairs=3
[415/536] C_00416 C …
  waypoints=3 tropical_pairs=3
[416/536] C_00417 C …
  waypoints=3 tropical_pairs=3
[417/536] C_00418 C …
  waypoints=3 tropical_pairs=3
[418/536] C_00419 C …
  waypoints=3 tropical_pairs=3
[419/536] C_00420 C …
  waypoints=3 tropical_pairs=3
[420/536] C_00421 C …
  waypoints=3 tropical_pairs=3
[421/536] C_00422 C …
  waypoints=3 tropical_pairs=3
[422/536] C_00423 C …
  waypoints=3 tropical_pairs=3
[423/536] C_00424 C …
  waypoints=3 tropical_pairs=3
[424/536] C_00425 C …
  waypoints=3 tropical_pairs=3
[425/536] C_00426 C …
  waypoints=3 tropical_pairs=3
[426/536] C_00427 C …
  waypoints=3 tropical_pairs=3
[427/536] C_00428 C …
  waypoints=3 tropical_pairs=3
[428/536] C_00429 C …
  waypoints=3 tropical_pairs=3
[429/536] C_00430 C …
  waypoints=3 tropical_pairs=3
[430/536] C_00431 C …
  waypoints=3 tropical_pairs=3
[431/536] C_00432 C …
  waypoints=3 tropical_pairs=3
[432/536] C_00433 C …
  waypoints=3 tropical_pairs=3
[433/536] C_00434 C …
  waypoints=3 tropical_pairs=3
[434/536] C_00435 C …
  waypoints=3 tropical_pairs=3
[435/536] C_00436 C …
  waypoints=3 tropical_pairs=3
[436/536] C_00437 C …
  waypoints=3 tropical_pairs=3
[437/536] C_00438 C …
  waypoints=3 tropical_pairs=3
[438/536] C_00439 C …
  waypoints=3 tropical_pairs=3
[439/536] C_00440 C …
  waypoints=3 tropical_pairs=3
[440/536] C_00441 C …
  waypoints=3 tropical_pairs=3
[441/536] C_00442 C …
  waypoints=3 tropical_pairs=3
[442/536] C_00443 C …
  waypoints=3 tropical_pairs=3
[443/536] C_00444 C …
  waypoints=3 tropical_pairs=3
[444/536] C_00445 C …
  waypoints=3 tropical_pairs=3
[445/536] C_00446 C …
  waypoints=3 tropical_pairs=3
[446/536] C_00447 C …
  waypoints=3 tropical_pairs=3
[447/536] C_00448 C …
  waypoints=3 tropical_pairs=3
[448/536] C_00449 C …
  waypoints=3 tropical_pairs=3
[449/536] C_00450 C …
  waypoints=3 tropical_pairs=3
[450/536] C_00451 C …
  waypoints=3 tropical_pairs=3
[451/536] C_00452 C …
  waypoints=3 tropical_pairs=3
[452/536] C_00453 C …
  waypoints=3 tropical_pairs=3
[453/536] C_00454 C …
  waypoints=3 tropical_pairs=3
[454/536] C_00455 C …
  waypoints=3 tropical_pairs=3
[455/536] C_00456 C …
  waypoints=3 tropical_pairs=3
[456/536] C_00457 C …
  waypoints=3 tropical_pairs=3
[457/536] C_00458 C …
  waypoints=3 tropical_pairs=3
[458/536] C_00459 C …
  waypoints=3 tropical_pairs=3
[459/536] C_00460 C …
  waypoints=3 tropical_pairs=3
[460/536] C_00461 C …
  waypoints=3 tropical_pairs=3
[461/536] C_00462 C …
  waypoints=3 tropical_pairs=3
[462/536] C_00463 C …
  waypoints=3 tropical_pairs=3
[463/536] C_00464 C …
  waypoints=3 tropical_pairs=3
[464/536] C_00465 C …
  waypoints=3 tropical_pairs=3
[465/536] C_00466 C …
  waypoints=3 tropical_pairs=3
[466/536] C_00467 C …
  waypoints=3 tropical_pairs=3
[467/536] C_00468 C …
  waypoints=3 tropical_pairs=3
[468/536] C_00469 C …
  waypoints=3 tropical_pairs=3
[469/536] C_00470 C …
  waypoints=3 tropical_pairs=3
[470/536] C_00471 C …
  waypoints=3 tropical_pairs=3
[471/536] C_00472 C …
  waypoints=3 tropical_pairs=3
[472/536] C_00473 C …
  waypoints=3 tropical_pairs=3
[473/536] C_00474 C …
  waypoints=3 tropical_pairs=3
[474/536] C_00475 C …
  waypoints=3 tropical_pairs=3
[475/536] C_00476 C …
  waypoints=3 tropical_pairs=3
[476/536] C_00477 C …
  waypoints=3 tropical_pairs=3
[477/536] C_00478 C …
  waypoints=3 tropical_pairs=3
[478/536] C_00479 C …
  waypoints=3 tropical_pairs=3
[479/536] C_00480 C …
  waypoints=3 tropical_pairs=3
[480/536] C_00481 C …
  waypoints=3 tropical_pairs=3
[481/536] C_00482 C …
  waypoints=3 tropical_pairs=3
[482/536] C_00483 C …
  waypoints=3 tropical_pairs=3
[483/536] C_00484 C …
  waypoints=3 tropical_pairs=3
[484/536] C_00485 C …
  waypoints=3 tropical_pairs=3
[485/536] C_00486 C …
  waypoints=3 tropical_pairs=3
[486/536] C_00487 C …
  waypoints=3 tropical_pairs=3
[487/536] C_00488 C …
  waypoints=3 tropical_pairs=3
[488/536] C_00489 C …
  waypoints=3 tropical_pairs=3
[489/536] C_00490 C …
  waypoints=3 tropical_pairs=3
[490/536] C_00491 C …
  waypoints=3 tropical_pairs=3
[491/536] C_00492 C …
  waypoints=3 tropical_pairs=3
[492/536] C_00493 C …
  waypoints=3 tropical_pairs=3
[493/536] C_00494 C …
  waypoints=3 tropical_pairs=3
[494/536] C_00495 C …
  waypoints=3 tropical_pairs=3
[495/536] C_00496 C …
  waypoints=3 tropical_pairs=3
[496/536] C_00497 C …
  waypoints=3 tropical_pairs=3
[497/536] C_00498 C …
  waypoints=3 tropical_pairs=3
[498/536] C_00499 C …
  waypoints=3 tropical_pairs=3
[499/536] C_00500 C …
  waypoints=3 tropical_pairs=3
[500/536] C_00501 C …
  waypoints=3 tropical_pairs=3
[501/536] C_00502 C …
  waypoints=3 tropical_pairs=3
[502/536] C_00503 C …
  waypoints=3 tropical_pairs=3
[503/536] C_00504 C …
  waypoints=3 tropical_pairs=3
[504/536] C_00505 C …
  waypoints=3 tropical_pairs=3
[505/536] C_00506 C …
  waypoints=3 tropical_pairs=3
[506/536] C_00507 C …
  waypoints=3 tropical_pairs=3
[507/536] C_00508 C …
  waypoints=3 tropical_pairs=3
[508/536] C_00509 C …
  waypoints=3 tropical_pairs=3
[509/536] C_00510 C …
  waypoints=3 tropical_pairs=3
[510/536] C_00511 C …
  waypoints=3 tropical_pairs=3
[511/536] C_00512 C …
  waypoints=3 tropical_pairs=3
[512/536] C_00513 C …
  waypoints=3 tropical_pairs=3
[513/536] C_00514 C …
  waypoints=3 tropical_pairs=3
[514/536] C_00515 C …
  waypoints=3 tropical_pairs=3
[515/536] C_00516 C …
  waypoints=3 tropical_pairs=3
[516/536] C_00517 C …
  waypoints=3 tropical_pairs=3
[517/536] C_00518 C …
  waypoints=3 tropical_pairs=3
[518/536] C_00519 C …
  waypoints=3 tropical_pairs=3
[519/536] C_00520 C …
  waypoints=3 tropical_pairs=3
[520/536] C_00521 C …
  waypoints=3 tropical_pairs=3
[521/536] C_00522 C …
  waypoints=3 tropical_pairs=3
[522/536] C_00523 C …
  waypoints=3 tropical_pairs=3
[523/536] C_00524 C …
  waypoints=3 tropical_pairs=3
[524/536] C_00525 C …
  waypoints=3 tropical_pairs=3
[525/536] C_00526 C …
  waypoints=3 tropical_pairs=3
[526/536] C_00527 C …
  waypoints=3 tropical_pairs=3
[527/536] C_00528 C …
  waypoints=3 tropical_pairs=3
[528/536] C_00529 C …
  waypoints=3 tropical_pairs=3
[529/536] C_00530 C …
  waypoints=3 tropical_pairs=3
[530/536] C_00531 C …
  waypoints=3 tropical_pairs=3
[531/536] C_00532 C …
  waypoints=3 tropical_pairs=3
[532/536] C_00533 C …
  waypoints=3 tropical_pairs=3
[533/536] C_00534 C …
  waypoints=3 tropical_pairs=3
[534/536] C_00535 C …
  waypoints=3 tropical_pairs=3
[535/536] C_00536 C …
  waypoints=3 tropical_pairs=3
[536/536] C_00537 C …
  waypoints=3 tropical_pairs=3
Wrote manifest → /home/WUR/lu087/Github/ect/src/aim3_sae_J_lens_pipeline/output/layer_14/extract_manifest.jsonl
Wrote tropical logprobs → /home/WUR/lu087/Github/ect/src/aim3_sae_J_lens_pipeline/output/layer_14/tropical_logprobs.jsonl
Clearing GPU VRAM before offline analysis …
manifest=/home/WUR/lu087/Github/ect/src/aim3_sae_J_lens_pipeline/output/layer_14/extract_manifest.jsonl n_items=538
tropical_logprobs=/home/WUR/lu087/Github/ect/src/aim3_sae_J_lens_pipeline/output/layer_14/tropical_logprobs.jsonl n_pairs=1808
layer=14 atol=0.0001
{
  "layer_index": 14,
  "n_items": 538,
  "n_distance_rows": 538,
  "n_nj_trees": 194,
  "n_triangle_checks": 1270,
  "n_triangle_violations": 9,
  "type_a_mean_additive_gap": -23.638978708255525,
  "type_a_frac_chain_additive": 1.0,
  "by_type": {
    "A": {
      "n_items": 194,
      "n_triangle_checks": 582,
      "n_violations": 0,
      "violation_rate": 0.0,
      "n_token_violations": 0,
      "n_sae_violations": 0
    },
    "B": {
      "n_items": 196,
      "n_triangle_checks": 392,
      "n_violations": 0,
      "violation_rate": 0.0,
      "n_token_violations": 0,
      "n_sae_violations": 0
    },
    "C": {
      "n_items": 148,
      "n_triangle_checks": 296,
      "n_violations": 9,
      "violation_rate": 0.030405405405405407,
      "n_token_violations": 9,
      "n_sae_violations": 0
    }
  },
  "paths": {
    "distances": "/home/WUR/lu087/Github/ect/src/aim3_sae_J_lens_pipeline/output/layer_14/tropical_distances.jsonl",
    "neighbor_joining": "/home/WUR/lu087/Github/ect/src/aim3_sae_J_lens_pipeline/output/layer_14/neighbor_joining_newick.jsonl",
    "triangle_inequality": "/home/WUR/lu087/Github/ect/src/aim3_sae_J_lens_pipeline/output/layer_14/triangle_inequality.csv"
  }
}
Triangle-inequality violations: 9 / 1270
  C_00401 token entailed-framed-superordinate slack=2.8902
  C_00408 token entailed-framed-superordinate slack=0.5869
  C_00412 token entailed-framed-superordinate slack=0.8509
  C_00428 token entailed-framed-superordinate slack=4.3048
  C_00430 token entailed-framed-superordinate slack=3.6449
  C_00433 token entailed-framed-superordinate slack=1.4604
  C_00434 token entailed-framed-superordinate slack=4.6515
  C_00435 token entailed-framed-superordinate slack=6.2160
  C_00438 token entailed-framed-superordinate slack=2.0983
Wrote distances → /home/WUR/lu087/Github/ect/src/aim3_sae_J_lens_pipeline/output/layer_14/tropical_distances.jsonl
Wrote NJ Newick → /home/WUR/lu087/Github/ect/src/aim3_sae_J_lens_pipeline/output/layer_14/neighbor_joining_newick.jsonl
Wrote triangle CSV → /home/WUR/lu087/Github/ect/src/aim3_sae_J_lens_pipeline/output/layer_14/triangle_inequality.csv
Wrote summary → /home/WUR/lu087/Github/ect/src/aim3_sae_J_lens_pipeline/output/layer_14/tropical_analysis_summary.json
Done.
Tensors:  /home/WUR/lu087/Github/ect/src/aim3_sae_J_lens_pipeline/output/layer_14/tensors/
Manifest: /home/WUR/lu087/Github/ect/src/aim3_sae_J_lens_pipeline/output/layer_14/extract_manifest.jsonl
Summary:  /home/WUR/lu087/Github/ect/src/aim3_sae_J_lens_pipeline/output/layer_14/tropical_analysis_summary.json
