[transformers] `torch_dtype` is deprecated! Use `dtype` instead!
[transformers] The fast path is not available because one of the required library is not installed. Falling back to torch implementation. To install follow https://github.com/fla-org/flash-linear-attention#installation and https://github.com/Dao-AILab/causal-conv1d
Loading weights:   0%|          | 0/320 [00:00<?, ?it/s]Loading weights:  65%|██████▌   | 209/320 [00:00<00:00, 2089.55it/s]Loading weights: 100%|██████████| 320/320 [00:00<00:00, 1445.24it/s]
/home/WUR/lu087/miniconda3/envs/ect/lib/python3.11/site-packages/torch/cuda/__init__.py:422: UserWarning: Found GPU0 Tesla V100-SXM2-16GB which is of compute capability (CC) 7.0.
The following list shows the CCs this version of PyTorch was built for and the hardware CCs it supports:
- 7.5 which supports hardware CC >=7.5,<8.0
- 8.0 which supports hardware CC >=8.0,<9.0 except {8.7}
- 8.6 which supports hardware CC >=8.6,<9.0 except {8.7}
- 9.0 which supports hardware CC >=9.0,<10.0
- 10.0 which supports hardware CC >=10.0,<11.0 except {10.1}
- 12.0 which supports hardware CC >=12.0,<13.0
Your installed torch==2.13.0+cu130 does not include kernels for this GPU. Reinstall the same version against a CUDA build that does, e.g.:
  For CUDA 12.6 use pip install torch==2.13.0 --index-url https://download.pytorch.org/whl/cu126
  _warn_unsupported_code(d, device_cc, code_ccs)
Traceback (most recent call last):
  File "<frozen runpy>", line 198, in _run_module_as_main
  File "<frozen runpy>", line 88, in _run_code
  File "/home/WUR/lu087/Github/ect/src/logit_lens_aim1_OR/experiment.py", line 389, in <module>
    main()
  File "/home/WUR/lu087/Github/ect/src/logit_lens_aim1_OR/experiment.py", line 368, in main
    run_experiment(
  File "/home/WUR/lu087/Github/ect/src/logit_lens_aim1_OR/experiment.py", line 246, in run_experiment
    dist_or = extract_topk_logit_lens(
              ^^^^^^^^^^^^^^^^^^^^^^^^
  File "/home/WUR/lu087/miniconda3/envs/ect/lib/python3.11/site-packages/torch/utils/_contextlib.py", line 124, in decorate_context
    return func(*args, **kwargs)
           ^^^^^^^^^^^^^^^^^^^^^
  File "/home/WUR/lu087/Github/ect/src/logit_lens_aim1_OR/model_io.py", line 153, in extract_topk_logit_lens
    outputs = model(
              ^^^^^^
  File "/home/WUR/lu087/miniconda3/envs/ect/lib/python3.11/site-packages/torch/nn/modules/module.py", line 1778, in _wrapped_call_impl
    return self._call_impl(*args, **kwargs)
           ^^^^^^^^^^^^^^^^^^^^^^^^^^^^^^^^
  File "/home/WUR/lu087/miniconda3/envs/ect/lib/python3.11/site-packages/torch/nn/modules/module.py", line 1789, in _call_impl
    return forward_call(*args, **kwargs)
           ^^^^^^^^^^^^^^^^^^^^^^^^^^^^^
  File "/home/WUR/lu087/miniconda3/envs/ect/lib/python3.11/site-packages/transformers/utils/generic.py", line 911, in wrapper
    output = func(self, *args, **kwargs)
             ^^^^^^^^^^^^^^^^^^^^^^^^^^^
  File "/home/WUR/lu087/miniconda3/envs/ect/lib/python3.11/site-packages/transformers/models/qwen3_5/modeling_qwen3_5.py", line 1654, in forward
    outputs: BaseModelOutputWithPast = self.model(
                                       ^^^^^^^^^^^
  File "/home/WUR/lu087/miniconda3/envs/ect/lib/python3.11/site-packages/torch/nn/modules/module.py", line 1778, in _wrapped_call_impl
    return self._call_impl(*args, **kwargs)
           ^^^^^^^^^^^^^^^^^^^^^^^^^^^^^^^^
  File "/home/WUR/lu087/miniconda3/envs/ect/lib/python3.11/site-packages/torch/nn/modules/module.py", line 1789, in _call_impl
    return forward_call(*args, **kwargs)
           ^^^^^^^^^^^^^^^^^^^^^^^^^^^^^
  File "/home/WUR/lu087/miniconda3/envs/ect/lib/python3.11/site-packages/transformers/utils/generic.py", line 1040, in wrapper
    output = func(self, *args, **kwargs)
             ^^^^^^^^^^^^^^^^^^^^^^^^^^^
  File "/home/WUR/lu087/miniconda3/envs/ect/lib/python3.11/site-packages/transformers/utils/output_capturing.py", line 262, in wrapper
    outputs = func(self, *args, **kwargs)
              ^^^^^^^^^^^^^^^^^^^^^^^^^^^
  File "/home/WUR/lu087/miniconda3/envs/ect/lib/python3.11/site-packages/transformers/models/qwen3_5/modeling_qwen3_5.py", line 1174, in forward
    inputs_embeds = self.embed_tokens(input_ids)
                    ^^^^^^^^^^^^^^^^^^^^^^^^^^^^
  File "/home/WUR/lu087/miniconda3/envs/ect/lib/python3.11/site-packages/torch/nn/modules/module.py", line 1778, in _wrapped_call_impl
    return self._call_impl(*args, **kwargs)
           ^^^^^^^^^^^^^^^^^^^^^^^^^^^^^^^^
  File "/home/WUR/lu087/miniconda3/envs/ect/lib/python3.11/site-packages/torch/nn/modules/module.py", line 1789, in _call_impl
    return forward_call(*args, **kwargs)
           ^^^^^^^^^^^^^^^^^^^^^^^^^^^^^
  File "/home/WUR/lu087/miniconda3/envs/ect/lib/python3.11/site-packages/torch/nn/modules/sparse.py", line 189, in forward
    return F.embedding(
           ^^^^^^^^^^^^
  File "/home/WUR/lu087/miniconda3/envs/ect/lib/python3.11/site-packages/torch/nn/functional.py", line 2615, in embedding
    return torch.embedding(weight, input, padding_idx, scale_grad_by_freq, sparse)
           ^^^^^^^^^^^^^^^^^^^^^^^^^^^^^^^^^^^^^^^^^^^^^^^^^^^^^^^^^^^^^^^^^^^^^^^
torch.AcceleratorError: CUDA error: no kernel image is available for execution on the device
Search for `cudaErrorNoKernelImageForDevice' in https://docs.nvidia.com/cuda/cuda-runtime-api/group__CUDART__TYPES.html for more information.
For more detailed error information, run with CUDA_LOG_FILE=stderr

