Using Python: /home/WUR/lu087/miniconda3/envs/ect/bin/python (Python 3.11.15)
=== Aim-3 calibration v7 ===
model_id=google/gemma-2-2b
design=calibration_v7 layer=14/26
chain_rule=all Type A; markov=short BPE≤2 variants=['natural', 'shuffled_middles']
corpus=/home/WUR/lu087/Github/ect/src/aim3_data_prep/data/tropical_geometry_corpus.json todo=186 done=8
[1/186] A_00008 …
  chain_rule_gap=-3.606  (skip markov: long BPE)
[2/186] A_00009 …
  chain_rule_gap=-3.889  (skip markov: long BPE)
[3/186] A_00010 …
  chain_rule_gap=-1.04  markov_gap=-10.281  rel=-0.431
[4/186] A_00011 …
  chain_rule_gap=-1.811  markov_gap=-15.258  rel=-0.550
[5/186] A_00012 …
  chain_rule_gap=-2.047  markov_gap=-12.260  rel=-0.477
[6/186] A_00013 …
  chain_rule_gap=-4.261  markov_gap=-23.172  rel=-0.618
[7/186] A_00014 …
  chain_rule_gap=-3.919  markov_gap=-20.466  rel=-0.532
[8/186] A_00015 …
  chain_rule_gap=-3.236  (skip markov: long BPE)
[9/186] A_00016 …
  chain_rule_gap=-2.254  (skip markov: long BPE)
[10/186] A_00017 …
  chain_rule_gap=-2.576  markov_gap=-21.361  rel=-0.729
[11/186] A_00018 …
  chain_rule_gap=-3.551  (skip markov: long BPE)
[12/186] A_00019 …
  chain_rule_gap=-2.941  (skip markov: long BPE)
[13/186] A_00020 …
  chain_rule_gap=-1.533  markov_gap=-12.900  rel=-0.456
[14/186] A_00021 …
  chain_rule_gap=-2.757  markov_gap=-23.411  rel=-0.612
[15/186] A_00022 …
  chain_rule_gap=-2.649  markov_gap=-16.944  rel=-0.469
[16/186] A_00023 …
  chain_rule_gap=-3.728  markov_gap=-25.175  rel=-0.675
[17/186] A_00024 …
  chain_rule_gap=-2.395  markov_gap=-22.893  rel=-0.645
[18/186] A_00025 …
  chain_rule_gap=-2.431  markov_gap=-15.253  rel=-0.655
[19/186] A_00026 …
  chain_rule_gap=-4.812  markov_gap=-38.263  rel=-0.720
[20/186] A_00027 …
  chain_rule_gap=-4.571  markov_gap=-14.181  rel=-0.557
[21/186] A_00028 …
  chain_rule_gap=-6.13  (skip markov: long BPE)
[22/186] A_00029 …
  chain_rule_gap=-4.902  (skip markov: long BPE)
[23/186] A_00030 …
  chain_rule_gap=-3.846  markov_gap=-30.900  rel=-0.771
[24/186] A_00031 …
  chain_rule_gap=-1.125  markov_gap=-18.687  rel=-0.579
[25/186] A_00032 …
  chain_rule_gap=-1.283  markov_gap=-13.479  rel=-0.521
[26/186] A_00033 …
  chain_rule_gap=-2.95  markov_gap=-20.702  rel=-0.599
[27/186] A_00034 …
  chain_rule_gap=-1.441  markov_gap=-9.112  rel=-0.367
[28/186] A_00035 …
  chain_rule_gap=-1.551  markov_gap=-17.771  rel=-0.559
[29/186] A_00036 …
  chain_rule_gap=-1.845  markov_gap=-15.035  rel=-0.466
[30/186] A_00037 …
  chain_rule_gap=-2.37  (skip markov: long BPE)
[31/186] A_00038 …
  chain_rule_gap=-1.322  markov_gap=-14.224  rel=-0.452
[32/186] A_00039 …
  chain_rule_gap=-1.778  markov_gap=-14.679  rel=-0.480
[33/186] A_00040 …
  chain_rule_gap=-4.266  markov_gap=-15.497  rel=-0.558
[34/186] A_00041 …
  chain_rule_gap=-1.783  markov_gap=-16.810  rel=-0.551
[35/186] A_00042 …
  chain_rule_gap=-2.17  markov_gap=-18.696  rel=-0.596
[36/186] A_00043 …
  chain_rule_gap=-1.207  markov_gap=-10.587  rel=-0.408
[37/186] A_00044 …
  chain_rule_gap=-1.097  markov_gap=-17.309  rel=-0.648
[38/186] A_00045 …
  chain_rule_gap=-2.07  markov_gap=-17.725  rel=-0.609
[39/186] A_00046 …
  chain_rule_gap=-1.958  markov_gap=-18.075  rel=-0.671
[40/186] A_00047 …
  chain_rule_gap=-2.772  markov_gap=-17.251  rel=-0.505
[41/186] A_00048 …
  chain_rule_gap=-4.809  markov_gap=-16.442  rel=-0.580
[42/186] A_00049 …
  chain_rule_gap=-2.726  markov_gap=-12.775  rel=-0.426
[43/186] A_00100 …
  chain_rule_gap=-1.157  (skip markov: long BPE)
[44/186] A_00101 …
  chain_rule_gap=-0.9354  markov_gap=-20.084  rel=-0.636
[45/186] A_00102 …
  chain_rule_gap=-0.8971  markov_gap=-9.609  rel=-0.381
[46/186] A_00103 …
  chain_rule_gap=-1.014  markov_gap=-13.499  rel=-0.501
[47/186] A_00104 …
  chain_rule_gap=-2.109  markov_gap=-31.259  rel=-0.691
[48/186] A_00105 …
  chain_rule_gap=-1.319  markov_gap=-22.130  rel=-0.707
[49/186] A_00106 …
  chain_rule_gap=-1.185  markov_gap=-15.392  rel=-0.744
[50/186] A_00107 …
  chain_rule_gap=-1.647  (skip markov: long BPE)
[51/186] A_00108 …
  chain_rule_gap=-0.656  markov_gap=-20.015  rel=-0.509
[52/186] A_00109 …
  chain_rule_gap=-8.075  markov_gap=-10.061  rel=-0.429
[53/186] A_00110 …
  chain_rule_gap=-4.752  (skip markov: long BPE)
[54/186] A_00111 …
  chain_rule_gap=-3.14  markov_gap=-14.901  rel=-0.504
[55/186] A_00112 …
  chain_rule_gap=-1.557  markov_gap=-18.470  rel=-0.637
[56/186] A_00113 …
  chain_rule_gap=-2.402  markov_gap=-12.506  rel=-0.503
[57/186] A_00114 …
  chain_rule_gap=-1.263  markov_gap=-14.411  rel=-0.590
[58/186] A_00115 …
  chain_rule_gap=-1.287  markov_gap=-24.109  rel=-0.722
[59/186] A_00116 …
  chain_rule_gap=-3.252  markov_gap=-16.382  rel=-0.482
[60/186] A_00117 …
  chain_rule_gap=-1.561  markov_gap=-15.794  rel=-0.590
[61/186] A_00118 …
  chain_rule_gap=-0.8727  (skip markov: long BPE)
[62/186] A_00119 …
  chain_rule_gap=-0.9876  (skip markov: long BPE)
[63/186] A_00120 …
  chain_rule_gap=-1.076  markov_gap=-19.431  rel=-0.629
[64/186] A_00121 …
  chain_rule_gap=-1.84  markov_gap=-22.279  rel=-0.730
[65/186] A_00122 …
  chain_rule_gap=-0.7478  (skip markov: long BPE)
[66/186] A_00123 …
  chain_rule_gap=-1.564  markov_gap=-23.612  rel=-0.680
[67/186] A_00124 …
  chain_rule_gap=-1.085  markov_gap=-17.719  rel=-0.525
[68/186] A_00125 …
  chain_rule_gap=-2.166  (skip markov: long BPE)
[69/186] A_00126 …
  chain_rule_gap=-0.8202  (skip markov: long BPE)
[70/186] A_00127 …
  chain_rule_gap=-3.736  markov_gap=-20.701  rel=-0.676
[71/186] A_00128 …
  chain_rule_gap=-1.875  markov_gap=-12.435  rel=-0.455
[72/186] A_00129 …
  chain_rule_gap=-1.492  (skip markov: long BPE)
[73/186] A_00130 …
  chain_rule_gap=-1.514  markov_gap=-10.850  rel=-0.510
[74/186] A_00131 …
  chain_rule_gap=-0.565  (skip markov: long BPE)
[75/186] A_00132 …
  chain_rule_gap=-1.614  markov_gap=-6.791  rel=-0.260
[76/186] A_00133 …
  chain_rule_gap=-1.425  markov_gap=-17.193  rel=-0.695
[77/186] A_00134 …
  chain_rule_gap=-1.302  (skip markov: long BPE)
[78/186] A_00135 …
  chain_rule_gap=-1.018  (skip markov: long BPE)
[79/186] A_00136 …
  chain_rule_gap=-0.5585  markov_gap=-14.847  rel=-0.454
[80/186] A_00137 …
  chain_rule_gap=-1.312  markov_gap=-22.787  rel=-0.643
[81/186] A_00138 …
  chain_rule_gap=-2.085  markov_gap=-13.147  rel=-0.462
[82/186] A_00139 …
  chain_rule_gap=-2.91  (skip markov: long BPE)
[83/186] A_00140 …
  chain_rule_gap=-4.523  (skip markov: long BPE)
[84/186] A_00141 …
  chain_rule_gap=-1.326  (skip markov: long BPE)
[85/186] A_00142 …
  chain_rule_gap=-3.58  markov_gap=-15.069  rel=-0.623
[86/186] A_00143 …
  chain_rule_gap=-2.464  (skip markov: long BPE)
[87/186] A_00144 …
  chain_rule_gap=-1.31  (skip markov: long BPE)
[88/186] A_00145 …
  chain_rule_gap=-0.9357  markov_gap=-13.768  rel=-0.490
[89/186] A_00146 …
  chain_rule_gap=-1.904  (skip markov: long BPE)
[90/186] A_00147 …
  chain_rule_gap=-0.8009  markov_gap=-12.923  rel=-0.456
[91/186] A_00148 …
  chain_rule_gap=-0.9876  (skip markov: long BPE)
[92/186] A_00149 …
  chain_rule_gap=-1.21  markov_gap=-38.328  rel=-0.803
[93/186] A_00150 …
  chain_rule_gap=-1.026  (skip markov: long BPE)
[94/186] A_00151 …
  chain_rule_gap=-3.687  (skip markov: long BPE)
[95/186] A_00152 …
  chain_rule_gap=-1.313  (skip markov: long BPE)
[96/186] A_00153 …
  chain_rule_gap=-1.311  markov_gap=-12.987  rel=-0.400
[97/186] A_00154 …
  chain_rule_gap=-0.9064  markov_gap=-20.248  rel=-0.637
[98/186] A_00155 …
  chain_rule_gap=-1.144  markov_gap=-6.343  rel=-0.310
[99/186] A_00156 …
  chain_rule_gap=-1.046  markov_gap=-18.775  rel=-0.588
[100/186] A_00157 …
  chain_rule_gap=-1.124  (skip markov: long BPE)
[101/186] A_00158 …
  chain_rule_gap=-3.279  (skip markov: long BPE)
[102/186] A_00159 …
  chain_rule_gap=-1.83  (skip markov: long BPE)
[103/186] A_00160 …
  chain_rule_gap=-1.58  markov_gap=-21.871  rel=-0.622
[104/186] A_00161 …
  chain_rule_gap=-2.229  (skip markov: long BPE)
[105/186] A_00162 …
  chain_rule_gap=-1.3  (skip markov: long BPE)
[106/186] A_00163 …
  chain_rule_gap=-1.514  (skip markov: long BPE)
[107/186] A_00164 …
  chain_rule_gap=-3.237  (skip markov: long BPE)
[108/186] A_00165 …
  chain_rule_gap=-0.7088  markov_gap=-16.705  rel=-0.604
[109/186] A_00166 …
  chain_rule_gap=-2.106  markov_gap=-14.412  rel=-0.487
[110/186] A_00167 …
  chain_rule_gap=-1.686  (skip markov: long BPE)
[111/186] A_00168 …
  chain_rule_gap=-1.056  (skip markov: long BPE)
[112/186] A_00169 …
  chain_rule_gap=-2.173  (skip markov: long BPE)
[113/186] A_00170 …
  chain_rule_gap=-1.697  markov_gap=-21.378  rel=-0.714
[114/186] A_00171 …
  chain_rule_gap=-2.471  (skip markov: long BPE)
[115/186] A_00172 …
  chain_rule_gap=-1.233  (skip markov: long BPE)
[116/186] A_00173 …
  chain_rule_gap=-2.078  markov_gap=-25.632  rel=-0.773
[117/186] A_00174 …
  chain_rule_gap=-0.6782  markov_gap=-10.653  rel=-0.358
[118/186] A_00175 …
  chain_rule_gap=-1.718  markov_gap=-28.063  rel=-0.777
[119/186] A_00176 …
  chain_rule_gap=-1.799  (skip markov: long BPE)
[120/186] A_00177 …
  chain_rule_gap=-1.024  (skip markov: long BPE)
[121/186] A_00178 …
  chain_rule_gap=-4.106  (skip markov: long BPE)
[122/186] A_00179 …
  chain_rule_gap=-1.131  (skip markov: long BPE)
[123/186] A_00180 …
  chain_rule_gap=-0.8623  markov_gap=-13.586  rel=-0.524
[124/186] A_00181 …
  chain_rule_gap=-0.4334  (skip markov: long BPE)
[125/186] A_00182 …
  chain_rule_gap=-0.9727  (skip markov: long BPE)
[126/186] A_00183 …
  chain_rule_gap=-2.179  (skip markov: long BPE)
[127/186] A_00184 …
  chain_rule_gap=-1.576  (skip markov: long BPE)
[128/186] A_00185 …
  chain_rule_gap=-1.475  markov_gap=-16.704  rel=-0.590
[129/186] A_00186 …
  chain_rule_gap=-0.8901  (skip markov: long BPE)
[130/186] A_00187 …
  chain_rule_gap=-0.8313  markov_gap=-13.662  rel=-0.518
[131/186] A_00188 …
  chain_rule_gap=-2.199  markov_gap=-22.012  rel=-0.620
[132/186] A_00189 …
  chain_rule_gap=-0.8232  markov_gap=-21.215  rel=-0.715
[133/186] A_00190 …
  chain_rule_gap=-1.317  markov_gap=-19.869  rel=-0.622
[134/186] A_00191 …
  chain_rule_gap=-4.023  (skip markov: long BPE)
[135/186] A_00192 …
  chain_rule_gap=-1.741  (skip markov: long BPE)
[136/186] A_00193 …
  chain_rule_gap=-1.017  markov_gap=-16.092  rel=-0.603
[137/186] A_00194 …
  chain_rule_gap=-1.594  markov_gap=-22.366  rel=-0.726
[138/186] A_00195 …
  chain_rule_gap=-1.196  (skip markov: long BPE)
[139/186] A_00196 …
  chain_rule_gap=-1.324  (skip markov: long BPE)
[140/186] A_00197 …
  chain_rule_gap=-1.611  (skip markov: long BPE)
[141/186] A_00198 …
  chain_rule_gap=-1.344  (skip markov: long BPE)
[142/186] A_00199 …
  chain_rule_gap=-1.181  (skip markov: long BPE)
[143/186] A_00200 …
  chain_rule_gap=-1.453  markov_gap=-33.291  rel=-0.853
[144/186] A_00201 …
  chain_rule_gap=-0.8049  (skip markov: long BPE)
[145/186] A_00202 …
  chain_rule_gap=-1.819  markov_gap=-13.289  rel=-0.439
[146/186] A_00203 …
  chain_rule_gap=-0.8801  (skip markov: long BPE)
[147/186] A_00204 …
  chain_rule_gap=-0.8073  (skip markov: long BPE)
[148/186] A_00205 …
  chain_rule_gap=-0.8869  (skip markov: long BPE)
[149/186] A_00206 …
  chain_rule_gap=-1.221  markov_gap=-20.272  rel=-0.705
[150/186] A_00207 …
  chain_rule_gap=-1.58  markov_gap=-21.260  rel=-0.701
[151/186] A_00208 …
  chain_rule_gap=-1.478  markov_gap=-13.362  rel=-0.431
[152/186] A_00209 …
  chain_rule_gap=-1.794  markov_gap=-28.669  rel=-0.669
[153/186] A_00210 …
  chain_rule_gap=-1.971  markov_gap=-18.646  rel=-0.657
[154/186] A_00211 …
  chain_rule_gap=-0.5212  markov_gap=-27.028  rel=-0.769
[155/186] A_00212 …
  chain_rule_gap=-0.9829  markov_gap=-7.425  rel=-0.358
[156/186] A_00213 …
  chain_rule_gap=-0.739  markov_gap=-15.729  rel=-0.501
[157/186] A_00214 …
  chain_rule_gap=-2.515  (skip markov: long BPE)
[158/186] A_00215 …
  chain_rule_gap=-0.9253  markov_gap=-19.577  rel=-0.720
[159/186] A_00216 …
  chain_rule_gap=-1.041  (skip markov: long BPE)
[160/186] A_00217 …
  chain_rule_gap=-3.565  markov_gap=-18.945  rel=-0.596
[161/186] A_00218 …
  chain_rule_gap=-1.996  (skip markov: long BPE)
[162/186] A_00219 …
  chain_rule_gap=-1.855  (skip markov: long BPE)
[163/186] A_00220 …
  chain_rule_gap=-0.7956  (skip markov: long BPE)
[164/186] A_00221 …
  chain_rule_gap=-1.118  (skip markov: long BPE)
[165/186] A_00222 …
  chain_rule_gap=-0.9388  markov_gap=-13.232  rel=-0.487
[166/186] A_00223 …
  chain_rule_gap=-0.5689  (skip markov: long BPE)
[167/186] A_00224 …
  chain_rule_gap=-1.446  markov_gap=-21.294  rel=-0.584
[168/186] A_00225 …
  chain_rule_gap=-1.264  markov_gap=-12.444  rel=-0.452
[169/186] A_00226 …
  chain_rule_gap=-1.742  markov_gap=-20.935  rel=-0.713
[170/186] A_00227 …
  chain_rule_gap=-1.004  markov_gap=-19.399  rel=-0.746
[171/186] A_00228 …
  chain_rule_gap=-1.198  (skip markov: long BPE)
[172/186] A_00229 …
  chain_rule_gap=-1.302  markov_gap=-23.767  rel=-0.690
[173/186] A_00230 …
  chain_rule_gap=-1.418  markov_gap=-21.397  rel=-0.716
[174/186] A_00231 …
  chain_rule_gap=-0.5789  markov_gap=-10.861  rel=-0.440
[175/186] A_00232 …
  chain_rule_gap=-0.8329  markov_gap=-18.561  rel=-0.571
[176/186] A_00233 …
  chain_rule_gap=-1.225  (skip markov: long BPE)
[177/186] A_00234 …
  chain_rule_gap=-0.8474  (skip markov: long BPE)
[178/186] A_00235 …
  chain_rule_gap=-1.33  markov_gap=-15.730  rel=-0.480
[179/186] A_00236 …
  chain_rule_gap=-0.9263  (skip markov: long BPE)
[180/186] A_00237 …
  chain_rule_gap=-0.5172  markov_gap=-18.619  rel=-0.676
[181/186] A_00238 …
  chain_rule_gap=-1.107  (skip markov: long BPE)
[182/186] A_00239 …
  chain_rule_gap=-1.22  (skip markov: long BPE)
[183/186] A_00240 …
  chain_rule_gap=-0.9509  (skip markov: long BPE)
[184/186] A_00241 …
  chain_rule_gap=-1.792  markov_gap=-17.736  rel=-0.747
[185/186] A_00242 …
  chain_rule_gap=-1.232  (skip markov: long BPE)
[186/186] A_00243 …
  chain_rule_gap=-1.865  markov_gap=-26.976  rel=-0.654
Wrote distances → /home/WUR/lu087/Github/ect/src/aim3_additive_chain_7/output/layer_14/calibration_distances.jsonl
Wrote summary   → /home/WUR/lu087/Github/ect/src/aim3_additive_chain_7/output/layer_14/calibration_summary.json
{
  "layer_index": 14,
  "n_items": 194,
  "prompt_design": "calibration_chain_rule_and_short_markov_v7",
  "chain_rule": {
    "n": 194,
    "gap_mean": -1.8075754034726583,
    "gap_median": -1.4433600008487701,
    "gap_mae": 1.8075754034726583,
    "gap_max_abs": 8.074557557702065,
    "frac_abs_lt_1e-3": 0.0,
    "frac_abs_lt_1e-2": 0.0,
    "frac_abs_lt_0_1": 0.0,
    "interpretation": "gap\u22480 \u21d2 joint vs factorized scoring is consistent (tautology)"
  },
  "short_markov": {
    "n_short": 108,
    "by_variant": {
      "natural": {
        "n": 108,
        "gap_mean": -18.047146393801082,
        "gap_median": -17.51426088809967,
        "gap_near_zero_abs_lt_1": 0.0,
        "gap_near_zero_abs_lt_2": 0.0,
        "relative_gap_mean": -0.5808416726770721
      },
      "shuffled_middles": {
        "n": 108,
        "gap_mean": -20.683055966092205,
        "gap_median": -19.786777079105377,
        "gap_near_zero_abs_lt_1": 0.0,
        "gap_near_zero_abs_lt_2": 0.0,
        "relative_gap_mean": -0.6176013520784749
      }
    },
    "paired_natural_closer_than_shuffled": 0.7962962962962963,
    "paired_natural_less_negative_than_shuffled": 0.7962962962962963
  }
}

=== Plot ===
n=194
Wrote /home/WUR/lu087/Github/ect/src/aim3_additive_chain_7/output/layer_14/figures/type_a_calibration.png
Done.
Distances: /home/WUR/lu087/Github/ect/src/aim3_additive_chain_7/output/layer_14/calibration_distances.jsonl
Summary:   /home/WUR/lu087/Github/ect/src/aim3_additive_chain_7/output/layer_14/calibration_summary.json
Figure:    /home/WUR/lu087/Github/ect/src/aim3_additive_chain_7/output/layer_14/figures/type_a_calibration.png
