Using Python: /home/WUR/lu087/miniconda3/envs/ect/bin/python (Python 3.11.15)
HF_HOME=/lustre/scratch/WUR/AIN/lu087/huggingface
model=google/gemma-2-2b  output_dir=/home/WUR/lu087/Github/ect/src/aim3_four_point_geometry/output_gemma-2-2b
=== Aim-3 four-point geometry ===
model_id=google/gemma-2-2b
design=four_point_six_pair layer=14/26
variants=['natural', 'shuffled_middles', 'reversed']
metric=d_M=-sum log π  fp_slack=max(S)-second_max(S)
corpus=/home/WUR/lu087/Github/ect/src/aim3_data_prep/data/tropical_geometry_corpus.json todo=538 done=0
[1/538] A_00000 …
  fp_slack=1.125
[2/538] A_00001 …
  fp_slack=0.312
[3/538] A_00002 …
  fp_slack=0.090
[4/538] A_00003 …
  fp_slack=0.301
[5/538] A_00004 …
  fp_slack=2.750
[6/538] A_00005 …
  fp_slack=0.625
[7/538] A_00006 …
  fp_slack=1.253
[8/538] A_00007 …
  fp_slack=2.437
[9/538] A_00008 …
  fp_slack=0.732
[10/538] A_00009 …
  fp_slack=3.250
[11/538] A_00010 …
  fp_slack=0.562
[12/538] A_00011 …
  fp_slack=1.028
[13/538] A_00012 …
  fp_slack=0.938
[14/538] A_00013 …
  fp_slack=1.406
[15/538] A_00014 …
  fp_slack=0.380
[16/538] A_00015 …
  fp_slack=2.858
[17/538] A_00016 …
  fp_slack=3.237
[18/538] A_00017 …
  fp_slack=7.289
[19/538] A_00018 …
  fp_slack=4.163
[20/538] A_00019 …
  fp_slack=0.044
[21/538] A_00020 …
  fp_slack=0.688
[22/538] A_00021 …
  fp_slack=0.214
[23/538] A_00022 …
  fp_slack=2.017
[24/538] A_00023 …
  fp_slack=5.000
[25/538] A_00024 …
  fp_slack=6.500
[26/538] A_00025 …
  fp_slack=4.257
[27/538] A_00026 …
  fp_slack=2.713
[28/538] A_00027 …
  fp_slack=0.375
[29/538] A_00028 …
  fp_slack=2.974
[30/538] A_00029 …
  fp_slack=1.364
[31/538] A_00030 …
  fp_slack=0.373
[32/538] A_00031 …
  fp_slack=2.732
[33/538] A_00032 …
  fp_slack=1.882
[34/538] A_00033 …
  fp_slack=1.218
[35/538] A_00034 …
  fp_slack=1.042
[36/538] A_00035 …
  fp_slack=0.681
[37/538] A_00036 …
  fp_slack=1.018
[38/538] A_00037 …
  fp_slack=0.743
[39/538] A_00038 …
  fp_slack=2.250
[40/538] A_00039 …
  fp_slack=1.688
[41/538] A_00040 …
  fp_slack=2.062
[42/538] A_00041 …
  fp_slack=0.421
[43/538] A_00042 …
  fp_slack=1.653
[44/538] A_00043 …
  fp_slack=0.375
[45/538] A_00044 …
  fp_slack=4.875
[46/538] A_00045 …
  fp_slack=2.562
[47/538] A_00046 …
  fp_slack=2.213
[48/538] A_00047 …
  fp_slack=1.333
[49/538] A_00048 …
  fp_slack=0.500
[50/538] A_00049 …
  fp_slack=2.734
[51/538] B_00050 …
[52/538] B_00051 …
[53/538] B_00052 …
[54/538] B_00053 …
[55/538] B_00054 …
[56/538] B_00055 …
[57/538] B_00056 …
[58/538] B_00057 …
[59/538] B_00058 …
[60/538] B_00059 …
[61/538] B_00060 …
[62/538] B_00061 …
[63/538] B_00062 …
[64/538] B_00063 …
[65/538] B_00064 …
[66/538] B_00065 …
[67/538] B_00066 …
[68/538] B_00067 …
[69/538] B_00068 …
[70/538] B_00069 …
[71/538] B_00070 …
[72/538] B_00071 …
[73/538] B_00072 …
[74/538] B_00073 …
[75/538] B_00074 …
[76/538] B_00075 …
[77/538] B_00076 …
[78/538] B_00077 …
[79/538] B_00078 …
[80/538] B_00079 …
[81/538] B_00080 …
[82/538] B_00081 …
[83/538] B_00082 …
[84/538] B_00083 …
[85/538] B_00084 …
[86/538] B_00085 …
[87/538] B_00086 …
[88/538] B_00087 …
[89/538] B_00088 …
[90/538] B_00089 …
[91/538] B_00090 …
[92/538] B_00091 …
[93/538] B_00092 …
[94/538] B_00093 …
[95/538] B_00094 …
[96/538] B_00095 …
[97/538] B_00096 …
[98/538] B_00097 …
[99/538] B_00098 …
[100/538] B_00099 …
[101/538] A_00100 …
  fp_slack=2.276
[102/538] A_00101 …
  fp_slack=1.402
[103/538] A_00102 …
  fp_slack=0.125
[104/538] A_00103 …
  fp_slack=1.316
[105/538] A_00104 …
  fp_slack=0.323
[106/538] A_00105 …
  fp_slack=4.260
[107/538] A_00106 …
  fp_slack=3.158
[108/538] A_00107 …
  fp_slack=7.041
[109/538] A_00108 …
  fp_slack=0.317
[110/538] A_00109 …
  fp_slack=2.131
[111/538] A_00110 …
  fp_slack=0.742
[112/538] A_00111 …
  fp_slack=0.806
[113/538] A_00112 …
  fp_slack=0.691
[114/538] A_00113 …
  fp_slack=1.827
[115/538] A_00114 …
  fp_slack=1.434
[116/538] A_00115 …
  fp_slack=0.014
[117/538] A_00116 …
  fp_slack=2.426
[118/538] A_00117 …
  fp_slack=0.230
[119/538] A_00118 …
  fp_slack=7.610
[120/538] A_00119 …
  fp_slack=1.920
[121/538] A_00120 …
  fp_slack=2.808
[122/538] A_00121 …
  fp_slack=1.990
[123/538] A_00122 …
  fp_slack=0.609
[124/538] A_00123 …
  fp_slack=7.617
[125/538] A_00124 …
  fp_slack=3.069
[126/538] A_00125 …
  fp_slack=0.309
[127/538] A_00126 …
  fp_slack=1.046
[128/538] A_00127 …
  fp_slack=0.188
[129/538] A_00128 …
  fp_slack=1.800
[130/538] A_00129 …
  fp_slack=1.371
[131/538] A_00130 …
  fp_slack=0.782
[132/538] A_00131 …
  fp_slack=0.665
[133/538] A_00132 …
  fp_slack=2.687
[134/538] A_00133 …
  fp_slack=2.153
[135/538] A_00134 …
  fp_slack=1.073
[136/538] A_00135 …
  fp_slack=0.911
[137/538] A_00136 …
  fp_slack=0.990
[138/538] A_00137 …
  fp_slack=0.749
[139/538] A_00138 …
  fp_slack=0.852
[140/538] A_00139 …
  fp_slack=5.763
[141/538] A_00140 …
  fp_slack=3.470
[142/538] A_00141 …
  fp_slack=4.229
[143/538] A_00142 …
  fp_slack=0.747
[144/538] A_00143 …
  fp_slack=1.575
[145/538] A_00144 …
  fp_slack=0.381
[146/538] A_00145 …
  fp_slack=1.354
[147/538] A_00146 …
  fp_slack=0.864
[148/538] A_00147 …
  fp_slack=0.666
[149/538] A_00148 …
  fp_slack=2.889
[150/538] A_00149 …
  fp_slack=2.483
[151/538] A_00150 …
  fp_slack=0.799
[152/538] A_00151 …
  fp_slack=2.046
[153/538] A_00152 …
  fp_slack=2.157
[154/538] A_00153 …
  fp_slack=3.745
[155/538] A_00154 …
  fp_slack=0.568
[156/538] A_00155 …
  fp_slack=0.160
[157/538] A_00156 …
  fp_slack=7.843
[158/538] A_00157 …
  fp_slack=4.970
[159/538] A_00158 …
  fp_slack=1.233
[160/538] A_00159 …
  fp_slack=2.278
[161/538] A_00160 …
  fp_slack=2.173
[162/538] A_00161 …
  fp_slack=5.310
[163/538] A_00162 …
  fp_slack=0.740
[164/538] A_00163 …
  fp_slack=1.318
[165/538] A_00164 …
  fp_slack=2.666
[166/538] A_00165 …
  fp_slack=0.164
[167/538] A_00166 …
  fp_slack=7.202
[168/538] A_00167 …
  fp_slack=0.469
[169/538] A_00168 …
  fp_slack=1.395
[170/538] A_00169 …
  fp_slack=0.214
[171/538] A_00170 …
  fp_slack=4.525
[172/538] A_00171 …
  fp_slack=2.119
[173/538] A_00172 …
  fp_slack=5.286
[174/538] A_00173 …
  fp_slack=0.044
[175/538] A_00174 …
  fp_slack=2.575
[176/538] A_00175 …
  fp_slack=0.271
[177/538] A_00176 …
  fp_slack=1.738
[178/538] A_00177 …
  fp_slack=3.750
[179/538] A_00178 …
  fp_slack=1.166
[180/538] A_00179 …
  fp_slack=4.322
[181/538] A_00180 …
  fp_slack=0.844
[182/538] A_00181 …
  fp_slack=0.282
[183/538] A_00182 …
  fp_slack=1.530
[184/538] A_00183 …
  fp_slack=1.437
[185/538] A_00184 …
  fp_slack=0.862
[186/538] A_00185 …
  fp_slack=1.236
[187/538] A_00186 …
  fp_slack=0.335
[188/538] A_00187 …
  fp_slack=3.651
[189/538] A_00188 …
  fp_slack=1.263
[190/538] A_00189 …
  fp_slack=2.319
[191/538] A_00190 …
  fp_slack=0.783
[192/538] A_00191 …
  fp_slack=1.549
[193/538] A_00192 …
  fp_slack=2.800
[194/538] A_00193 …
  fp_slack=0.115
[195/538] A_00194 …
  fp_slack=4.304
[196/538] A_00195 …
  fp_slack=2.708
[197/538] A_00196 …
  fp_slack=1.316
[198/538] A_00197 …
  fp_slack=1.952
[199/538] A_00198 …
  fp_slack=2.211
[200/538] A_00199 …
  fp_slack=1.738
[201/538] A_00200 …
  fp_slack=0.849
[202/538] A_00201 …
  fp_slack=5.377
[203/538] A_00202 …
  fp_slack=2.938
[204/538] A_00203 …
  fp_slack=0.390
[205/538] A_00204 …
  fp_slack=1.913
[206/538] A_00205 …
  fp_slack=0.636
[207/538] A_00206 …
  fp_slack=2.218
[208/538] A_00207 …
  fp_slack=0.929
[209/538] A_00208 …
  fp_slack=0.905
[210/538] A_00209 …
  fp_slack=1.938
[211/538] A_00210 …
  fp_slack=0.196
[212/538] A_00211 …
  fp_slack=1.139
[213/538] A_00212 …
  fp_slack=0.394
[214/538] A_00213 …
  fp_slack=1.125
[215/538] A_00214 …
  fp_slack=1.211
[216/538] A_00215 …
  fp_slack=1.269
[217/538] A_00216 …
  fp_slack=1.578
[218/538] A_00217 …
  fp_slack=0.250
[219/538] A_00218 …
  fp_slack=0.136
[220/538] A_00219 …
  fp_slack=2.679
[221/538] A_00220 …
  fp_slack=3.012
[222/538] A_00221 …
  fp_slack=3.322
[223/538] A_00222 …
  fp_slack=0.151
[224/538] A_00223 …
  fp_slack=1.367
[225/538] A_00224 …
  fp_slack=1.294
[226/538] A_00225 …
  fp_slack=0.100
[227/538] A_00226 …
  fp_slack=1.613
[228/538] A_00227 …
  fp_slack=0.220
[229/538] A_00228 …
  fp_slack=2.991
[230/538] A_00229 …
  fp_slack=0.006
[231/538] A_00230 …
  fp_slack=2.319
[232/538] A_00231 …
  fp_slack=0.688
[233/538] A_00232 …
  fp_slack=0.466
[234/538] A_00233 …
  fp_slack=3.116
[235/538] A_00234 …
  fp_slack=0.469
[236/538] A_00235 …
  fp_slack=2.933
[237/538] A_00236 …
  fp_slack=0.143
[238/538] A_00237 …
  fp_slack=2.507
[239/538] A_00238 …
  fp_slack=4.282
[240/538] A_00239 …
  fp_slack=4.774
[241/538] A_00240 …
  fp_slack=1.310
[242/538] A_00241 …
  fp_slack=4.263
[243/538] A_00242 …
  fp_slack=8.360
[244/538] A_00243 …
  fp_slack=4.398
[245/538] B_00244 …
[246/538] B_00245 …
[247/538] B_00246 …
[248/538] B_00247 …
[249/538] B_00248 …
[250/538] B_00249 …
[251/538] B_00250 …
[252/538] B_00251 …
[253/538] B_00252 …
[254/538] B_00253 …
[255/538] B_00254 …
[256/538] B_00255 …
[257/538] B_00256 …
[258/538] B_00257 …
[259/538] B_00258 …
[260/538] B_00259 …
[261/538] B_00260 …
[262/538] B_00261 …
[263/538] B_00262 …
[264/538] B_00263 …
[265/538] B_00264 …
[266/538] B_00265 …
[267/538] B_00266 …
[268/538] B_00267 …
[269/538] B_00268 …
[270/538] B_00269 …
[271/538] B_00270 …
[272/538] B_00271 …
[273/538] B_00272 …
[274/538] B_00273 …
[275/538] B_00274 …
[276/538] B_00275 …
[277/538] B_00276 …
[278/538] B_00277 …
[279/538] B_00278 …
[280/538] B_00279 …
[281/538] B_00280 …
[282/538] B_00281 …
[283/538] B_00282 …
[284/538] B_00283 …
[285/538] B_00284 …
[286/538] B_00285 …
[287/538] B_00286 …
[288/538] B_00287 …
[289/538] B_00288 …
[290/538] B_00289 …
[291/538] B_00290 …
[292/538] B_00291 …
[293/538] B_00292 …
[294/538] B_00293 …
[295/538] B_00294 …
[296/538] B_00295 …
[297/538] B_00296 …
[298/538] B_00297 …
[299/538] B_00298 …
[300/538] B_00299 …
[301/538] B_00300 …
[302/538] B_00301 …
[303/538] B_00302 …
[304/538] B_00303 …
[305/538] B_00304 …
[306/538] B_00305 …
[307/538] B_00306 …
[308/538] B_00307 …
[309/538] B_00308 …
[310/538] B_00309 …
[311/538] B_00310 …
[312/538] B_00311 …
[313/538] B_00312 …
[314/538] B_00313 …
[315/538] B_00314 …
[316/538] B_00315 …
[317/538] B_00316 …
[318/538] B_00317 …
[319/538] B_00318 …
[320/538] B_00319 …
[321/538] B_00320 …
[322/538] B_00321 …
[323/538] B_00322 …
[324/538] B_00323 …
[325/538] B_00324 …
[326/538] B_00325 …
[327/538] B_00326 …
[328/538] B_00327 …
[329/538] B_00328 …
[330/538] B_00329 …
[331/538] B_00330 …
[332/538] B_00331 …
[333/538] B_00332 …
[334/538] B_00333 …
[335/538] B_00334 …
[336/538] B_00335 …
[337/538] B_00336 …
[338/538] B_00337 …
[339/538] B_00338 …
[340/538] B_00339 …
[341/538] B_00340 …
[342/538] B_00341 …
[343/538] B_00342 …
[344/538] B_00343 …
[345/538] B_00344 …
[346/538] B_00345 …
[347/538] B_00346 …
[348/538] B_00347 …
[349/538] B_00348 …
[350/538] B_00349 …
[351/538] B_00350 …
[352/538] B_00351 …
[353/538] B_00352 …
[354/538] B_00353 …
[355/538] B_00354 …
[356/538] B_00355 …
[357/538] B_00356 …
[358/538] B_00357 …
[359/538] B_00358 …
[360/538] B_00359 …
[361/538] B_00360 …
[362/538] B_00361 …
[363/538] B_00362 …
[364/538] B_00363 …
[365/538] B_00364 …
[366/538] B_00365 …
[367/538] B_00366 …
[368/538] B_00367 …
[369/538] B_00368 …
[370/538] B_00369 …
[371/538] B_00370 …
[372/538] B_00371 …
[373/538] B_00372 …
[374/538] B_00373 …
[375/538] B_00374 …
[376/538] B_00375 …
[377/538] B_00376 …
[378/538] B_00377 …
[379/538] B_00378 …
[380/538] B_00379 …
[381/538] B_00380 …
[382/538] B_00381 …
[383/538] B_00382 …
[384/538] B_00383 …
[385/538] B_00384 …
[386/538] B_00385 …
[387/538] B_00386 …
[388/538] B_00387 …
[389/538] B_00388 …
[390/538] B_00389 …
[391/538] C_00390 …
[392/538] C_00391 …
[393/538] C_00392 …
[394/538] C_00393 …
[395/538] C_00394 …
[396/538] C_00395 …
[397/538] C_00396 …
[398/538] C_00397 …
[399/538] C_00398 …
[400/538] C_00399 …
[401/538] C_00400 …
[402/538] C_00401 …
[403/538] C_00402 …
[404/538] C_00403 …
[405/538] C_00404 …
[406/538] C_00405 …
[407/538] C_00406 …
[408/538] C_00407 …
[409/538] C_00408 …
[410/538] C_00409 …
[411/538] C_00410 …
[412/538] C_00411 …
[413/538] C_00412 …
[414/538] C_00413 …
[415/538] C_00414 …
[416/538] C_00415 …
[417/538] C_00416 …
[418/538] C_00417 …
[419/538] C_00418 …
[420/538] C_00419 …
[421/538] C_00420 …
[422/538] C_00421 …
[423/538] C_00422 …
[424/538] C_00423 …
[425/538] C_00424 …
[426/538] C_00425 …
[427/538] C_00426 …
[428/538] C_00427 …
[429/538] C_00428 …
[430/538] C_00429 …
[431/538] C_00430 …
[432/538] C_00431 …
[433/538] C_00432 …
[434/538] C_00433 …
[435/538] C_00434 …
[436/538] C_00435 …
[437/538] C_00436 …
[438/538] C_00437 …
[439/538] C_00438 …
[440/538] C_00439 …
[441/538] C_00440 …
[442/538] C_00441 …
[443/538] C_00442 …
[444/538] C_00443 …
[445/538] C_00444 …
[446/538] C_00445 …
[447/538] C_00446 …
[448/538] C_00447 …
[449/538] C_00448 …
[450/538] C_00449 …
[451/538] C_00450 …
[452/538] C_00451 …
[453/538] C_00452 …
[454/538] C_00453 …
[455/538] C_00454 …
[456/538] C_00455 …
[457/538] C_00456 …
[458/538] C_00457 …
[459/538] C_00458 …
[460/538] C_00459 …
[461/538] C_00460 …
[462/538] C_00461 …
[463/538] C_00462 …
[464/538] C_00463 …
[465/538] C_00464 …
[466/538] C_00465 …
[467/538] C_00466 …
[468/538] C_00467 …
[469/538] C_00468 …
[470/538] C_00469 …
[471/538] C_00470 …
[472/538] C_00471 …
[473/538] C_00472 …
[474/538] C_00473 …
[475/538] C_00474 …
[476/538] C_00475 …
[477/538] C_00476 …
[478/538] C_00477 …
[479/538] C_00478 …
[480/538] C_00479 …
[481/538] C_00480 …
[482/538] C_00481 …
[483/538] C_00482 …
[484/538] C_00483 …
[485/538] C_00484 …
[486/538] C_00485 …
[487/538] C_00486 …
[488/538] C_00487 …
[489/538] C_00488 …
[490/538] C_00489 …
[491/538] C_00490 …
[492/538] C_00491 …
[493/538] C_00492 …
[494/538] C_00493 …
[495/538] C_00494 …
[496/538] C_00495 …
[497/538] C_00496 …
[498/538] C_00497 …
[499/538] C_00498 …
[500/538] C_00499 …
[501/538] C_00500 …
[502/538] C_00501 …
[503/538] C_00502 …
[504/538] C_00503 …
[505/538] C_00504 …
[506/538] C_00505 …
[507/538] C_00506 …
[508/538] C_00507 …
[509/538] C_00508 …
[510/538] C_00509 …
[511/538] C_00510 …
[512/538] C_00511 …
[513/538] C_00512 …
[514/538] C_00513 …
[515/538] C_00514 …
[516/538] C_00515 …
[517/538] C_00516 …
[518/538] C_00517 …
[519/538] C_00518 …
[520/538] C_00519 …
[521/538] C_00520 …
[522/538] C_00521 …
[523/538] C_00522 …
[524/538] C_00523 …
[525/538] C_00524 …
[526/538] C_00525 …
[527/538] C_00526 …
[528/538] C_00527 …
[529/538] C_00528 …
[530/538] C_00529 …
[531/538] C_00530 …
[532/538] C_00531 …
[533/538] C_00532 …
[534/538] C_00533 …
[535/538] C_00534 …
[536/538] C_00535 …
[537/538] C_00536 …
[538/538] C_00537 …
Wrote distances → /home/WUR/lu087/Github/ect/src/aim3_four_point_geometry/output_gemma-2-2b/layer_14/four_point_distances.jsonl
Wrote summary   → /home/WUR/lu087/Github/ect/src/aim3_four_point_geometry/output_gemma-2-2b/layer_14/four_point_summary.json
{
  "layer_index": 14,
  "n_items": 546,
  "prompt_design": "four_point_six_pair_cloze_v1",
  "metric": "d_M=-sum log \u03c0(target|cloze)",
  "fp_slack_formula": "max(S1,S2,S3) - second_max(S1,S2,S3)",
  "by_type": {
    "A": {
      "n": 202,
      "by_variant": {
        "natural": {
          "n": 202,
          "fp_slack_mean": 1.915466060631919,
          "fp_slack_median": 1.3653989657757961,
          "fp_slack_std": 1.7334114765141935
        },
        "reversed": {
          "n": 202,
          "fp_slack_mean": 2.365344012342568,
          "fp_slack_median": 1.45564728602767,
          "fp_slack_std": 2.5329668319040635
        },
        "shuffled_middles": {
          "n": 202,
          "fp_slack_mean": 3.4273680681284207,
          "fp_slack_median": 2.811391747556627,
          "fp_slack_std": 2.8787988448568957
        }
      },
      "paired_tests": {
        "natural_vs_shuffled_middles": {
          "n": 202,
          "natural_fp_slack_mean": 1.915466060631919,
          "other_fp_slack_mean": 3.4273680681284207,
          "diff_mean_other_minus_natural": 1.511902007496502,
          "diff_median_other_minus_natural": 0.998746931552887,
          "paired_frac_natural_lower": 0.6683168316831684,
          "paired_n_natural_lower": 135,
          "wilcoxon": {
            "statistic": 13987.5,
            "pvalue": 4.724790266039125e-11,
            "alternative": "greater (other - natural > 0)"
          },
          "binomial_sign": {
            "successes": 135,
            "n": 202,
            "pvalue": 9.818929168553053e-07,
            "alternative": "greater than 0.5 (natural wins more often)"
          }
        },
        "natural_vs_reversed": {
          "n": 202,
          "natural_fp_slack_mean": 1.915466060631919,
          "other_fp_slack_mean": 2.365344012342568,
          "diff_mean_other_minus_natural": 0.449877951710649,
          "diff_median_other_minus_natural": 0.008584409952163696,
          "paired_frac_natural_lower": 0.5,
          "paired_n_natural_lower": 101,
          "wilcoxon": {
            "statistic": 11263.0,
            "pvalue": 0.11199937715761954,
            "alternative": "greater (other - natural > 0)"
          },
          "binomial_sign": {
            "successes": 101,
            "n": 202,
            "pvalue": 0.5280347630714366,
            "alternative": "greater than 0.5 (natural wins more often)"
          }
        }
      },
      "inference": {
        "primary": "Wilcoxon signed-rank on fp_slack_shuffled - fp_slack_natural (H1: >0)",
        "robustness": "Binomial test on fraction(natural < shuffled) vs 0.5"
      }
    },
    "B": {
      "n": 196,
      "slack_mean": -37.933964034717555,
      "slack_median": -38.565752525813366,
      "n_violations": 0,
      "violation_rate": 0.0
    },
    "C": {
      "n": 148,
      "slack_mean": -4.736277332227375,
      "slack_median": -4.721870303153992,
      "n_violations": 22,
      "violation_rate": 0.14864864864864866
    }
  }
}

=== Plot Type A four-point ===
Wrote /home/WUR/lu087/Github/ect/src/aim3_four_point_geometry/output_gemma-2-2b/layer_14/figures/type_a_four_point_slack.png
=== Plot Type B/C triangle ===
Wrote /home/WUR/lu087/Github/ect/src/aim3_four_point_geometry/output_gemma-2-2b/layer_14/figures/type_bc_triangle_slack.png
Done.
Distances: /home/WUR/lu087/Github/ect/src/aim3_four_point_geometry/output_gemma-2-2b/layer_14/four_point_distances.jsonl
Summary:   /home/WUR/lu087/Github/ect/src/aim3_four_point_geometry/output_gemma-2-2b/layer_14/four_point_summary.json
Figures:   /home/WUR/lu087/Github/ect/src/aim3_four_point_geometry/output_gemma-2-2b/layer_14/figures/
