[transformers] `torch_dtype` is deprecated! Use `dtype` instead!
Fetching 3 files:   0%|          | 0/3 [00:00<?, ?it/s]Fetching 3 files:  33%|███▎      | 1/3 [00:34<01:09, 34.53s/it]Fetching 3 files:  33%|███▎      | 1/3 [02:15<04:31, 135.51s/it]
Traceback (most recent call last):
  File "<frozen runpy>", line 198, in _run_module_as_main
  File "<frozen runpy>", line 88, in _run_code
  File "/home/WUR/lu087/Github/ect/src/sae_lens_aim1_AND_OR/experiment.py", line 380, in <module>
    main()
  File "/home/WUR/lu087/Github/ect/src/sae_lens_aim1_AND_OR/experiment.py", line 358, in main
    run_experiment(
  File "/home/WUR/lu087/Github/ect/src/sae_lens_aim1_AND_OR/experiment.py", line 216, in run_experiment
    tokenizer, model, device_t = load_model_and_tokenizer(
                                 ^^^^^^^^^^^^^^^^^^^^^^^^^
  File "/home/WUR/lu087/Github/ect/src/sae_lens_aim1_AND_OR/model_io.py", line 49, in load_model_and_tokenizer
    model = AutoModelForCausalLM.from_pretrained(
            ^^^^^^^^^^^^^^^^^^^^^^^^^^^^^^^^^^^^^
  File "/home/WUR/lu087/miniconda3/envs/ect/lib/python3.11/site-packages/transformers/models/auto/auto_factory.py", line 402, in from_pretrained
    return model_class.from_pretrained(
           ^^^^^^^^^^^^^^^^^^^^^^^^^^^^
  File "/home/WUR/lu087/miniconda3/envs/ect/lib/python3.11/site-packages/transformers/modeling_utils.py", line 4355, in from_pretrained
    checkpoint_files, sharded_metadata = _get_resolved_checkpoint_files(
                                         ^^^^^^^^^^^^^^^^^^^^^^^^^^^^^^^
  File "/home/WUR/lu087/miniconda3/envs/ect/lib/python3.11/site-packages/transformers/modeling_utils.py", line 814, in _get_resolved_checkpoint_files
    checkpoint_files, sharded_metadata = get_checkpoint_shard_files(
                                         ^^^^^^^^^^^^^^^^^^^^^^^^^^^
  File "/home/WUR/lu087/miniconda3/envs/ect/lib/python3.11/site-packages/transformers/utils/hub.py", line 894, in get_checkpoint_shard_files
    cached_filenames = cached_files(
                       ^^^^^^^^^^^^^
  File "/home/WUR/lu087/miniconda3/envs/ect/lib/python3.11/site-packages/transformers/utils/hub.py", line 527, in cached_files
    raise e
  File "/home/WUR/lu087/miniconda3/envs/ect/lib/python3.11/site-packages/transformers/utils/hub.py", line 452, in cached_files
    snapshot_download(
  File "/home/WUR/lu087/miniconda3/envs/ect/lib/python3.11/site-packages/huggingface_hub/utils/_validators.py", line 88, in _inner_fn
    return fn(*args, **kwargs)
           ^^^^^^^^^^^^^^^^^^^
  File "/home/WUR/lu087/miniconda3/envs/ect/lib/python3.11/site-packages/huggingface_hub/_snapshot_download.py", line 522, in snapshot_download
    hf_thread_map(
  File "/home/WUR/lu087/miniconda3/envs/ect/lib/python3.11/site-packages/huggingface_hub/utils/tqdm.py", line 441, in hf_thread_map
    results[future_to_index[future]] = future.result()
                                       ^^^^^^^^^^^^^^^
  File "/home/WUR/lu087/miniconda3/envs/ect/lib/python3.11/concurrent/futures/_base.py", line 449, in result
    return self.__get_result()
           ^^^^^^^^^^^^^^^^^^^
  File "/home/WUR/lu087/miniconda3/envs/ect/lib/python3.11/concurrent/futures/_base.py", line 401, in __get_result
    raise self._exception
  File "/home/WUR/lu087/miniconda3/envs/ect/lib/python3.11/concurrent/futures/thread.py", line 58, in run
    result = self.fn(*self.args, **self.kwargs)
             ^^^^^^^^^^^^^^^^^^^^^^^^^^^^^^^^^^
  File "/home/WUR/lu087/miniconda3/envs/ect/lib/python3.11/site-packages/huggingface_hub/_snapshot_download.py", line 502, in _inner_hf_hub_download
    hf_hub_download(  # type: ignore
  File "/home/WUR/lu087/miniconda3/envs/ect/lib/python3.11/site-packages/huggingface_hub/utils/_validators.py", line 88, in _inner_fn
    return fn(*args, **kwargs)
           ^^^^^^^^^^^^^^^^^^^
  File "/home/WUR/lu087/miniconda3/envs/ect/lib/python3.11/site-packages/huggingface_hub/file_download.py", line 1019, in hf_hub_download
    return _hf_hub_download_to_cache_dir(
           ^^^^^^^^^^^^^^^^^^^^^^^^^^^^^^
  File "/home/WUR/lu087/miniconda3/envs/ect/lib/python3.11/site-packages/huggingface_hub/file_download.py", line 1255, in _hf_hub_download_to_cache_dir
    _create_symlink(blob_path, pointer_path, new_blob=True)
  File "/home/WUR/lu087/miniconda3/envs/ect/lib/python3.11/site-packages/huggingface_hub/file_download.py", line 675, in _create_symlink
    os.symlink(src_rel_or_abs, abs_dst)
OSError: [Errno 122] Disk quota exceeded: '../../blobs/96c111d3dcdbde9271595e463b5d9f7fc4810ad8b79e736309c0a1833e6c0d35' -> '/home/WUR/lu087/.cache/huggingface/hub/models--google--gemma-2-2b/snapshots/c5ebcd40d208330abc697524c919956e692655cf/model-00002-of-00003.safetensors'
